

================================================================
== Vivado HLS Report for 'fir'
================================================================
* Date:           Mon Oct 03 22:22:45 2016

* Version:        2015.4 (Build 1412921 on Wed Nov 18 09:58:55 AM 2015)
* Project:        fir128_optimized
* Solution:       solution1
* Product family: zynq
* Target device:  xc7z020clg484-1


================================================================
== Performance Estimates
================================================================
+ Timing (ns): 
    * Summary: 
    +--------+-------+----------+------------+
    |  Clock | Target| Estimated| Uncertainty|
    +--------+-------+----------+------------+
    |ap_clk  |  10.00|      8.52|        1.25|
    +--------+-------+----------+------------+

+ Latency (clock cycles): 
    * Summary: 
    +-----+-----+-----+-----+---------+
    |  Latency  |  Interval | Pipeline|
    | min | max | min | max |   Type  |
    +-----+-----+-----+-----+---------+
    |   13|   13|   14|   14|   none  |
    +-----+-----+-----+-----+---------+

    + Detail: 
        * Instance: 
        N/A

        * Loop: 
        N/A



================================================================
== Utilization Estimates
================================================================
* Summary: 
+-----------------+---------+-------+--------+-------+
|       Name      | BRAM_18K| DSP48E|   FF   |  LUT  |
+-----------------+---------+-------+--------+-------+
|DSP              |        -|      -|       -|      -|
|Expression       |        -|      -|       0|   4416|
|FIFO             |        -|      -|       -|      -|
|Instance         |        -|     40|       0|      0|
|Memory           |        -|      -|       -|      -|
|Multiplexer      |        -|      -|       -|      6|
|Register         |        -|      -|    6300|      -|
+-----------------+---------+-------+--------+-------+
|Total            |        0|     40|    6300|   4422|
+-----------------+---------+-------+--------+-------+
|Available        |      280|    220|  106400|  53200|
+-----------------+---------+-------+--------+-------+
|Utilization (%)  |        0|     18|       5|      8|
+-----------------+---------+-------+--------+-------+

+ Detail: 
    * Instance: 
    +--------------------------+----------------------+---------+-------+---+----+
    |         Instance         |        Module        | BRAM_18K| DSP48E| FF| LUT|
    +--------------------------+----------------------+---------+-------+---+----+
    |fir_mul_32s_5ns_32_3_U0   |fir_mul_32s_5ns_32_3  |        0|      2|  0|   0|
    |fir_mul_32s_5ns_32_3_U1   |fir_mul_32s_5ns_32_3  |        0|      2|  0|   0|
    |fir_mul_32s_5ns_32_3_U5   |fir_mul_32s_5ns_32_3  |        0|      2|  0|   0|
    |fir_mul_32s_5ns_32_3_U6   |fir_mul_32s_5ns_32_3  |        0|      2|  0|   0|
    |fir_mul_32s_5ns_32_3_U7   |fir_mul_32s_5ns_32_3  |        0|      2|  0|   0|
    |fir_mul_32s_5ns_32_3_U8   |fir_mul_32s_5ns_32_3  |        0|      2|  0|   0|
    |fir_mul_32s_5ns_32_3_U12  |fir_mul_32s_5ns_32_3  |        0|      2|  0|   0|
    |fir_mul_32s_5ns_32_3_U13  |fir_mul_32s_5ns_32_3  |        0|      2|  0|   0|
    |fir_mul_32s_5ns_32_3_U14  |fir_mul_32s_5ns_32_3  |        0|      2|  0|   0|
    |fir_mul_32s_5ns_32_3_U15  |fir_mul_32s_5ns_32_3  |        0|      2|  0|   0|
    |fir_mul_32s_5ns_32_3_U19  |fir_mul_32s_5ns_32_3  |        0|      2|  0|   0|
    |fir_mul_32s_5s_32_3_U2    |fir_mul_32s_5s_32_3   |        0|      2|  0|   0|
    |fir_mul_32s_5s_32_3_U3    |fir_mul_32s_5s_32_3   |        0|      2|  0|   0|
    |fir_mul_32s_5s_32_3_U4    |fir_mul_32s_5s_32_3   |        0|      2|  0|   0|
    |fir_mul_32s_5s_32_3_U9    |fir_mul_32s_5s_32_3   |        0|      2|  0|   0|
    |fir_mul_32s_5s_32_3_U10   |fir_mul_32s_5s_32_3   |        0|      2|  0|   0|
    |fir_mul_32s_5s_32_3_U11   |fir_mul_32s_5s_32_3   |        0|      2|  0|   0|
    |fir_mul_32s_5s_32_3_U16   |fir_mul_32s_5s_32_3   |        0|      2|  0|   0|
    |fir_mul_32s_5s_32_3_U17   |fir_mul_32s_5s_32_3   |        0|      2|  0|   0|
    |fir_mul_32s_5s_32_3_U18   |fir_mul_32s_5s_32_3   |        0|      2|  0|   0|
    +--------------------------+----------------------+---------+-------+---+----+
    |Total                     |                      |        0|     40|  0|   0|
    +--------------------------+----------------------+---------+-------+---+----+

    * DSP48: 
    N/A

    * Memory: 
    N/A

    * FIFO: 
    N/A

    * Expression: 
    +---------------------+----------+-------+---+----+------------+------------+
    |    Variable Name    | Operation| DSP48E| FF| LUT| Bitwidth P0| Bitwidth P1|
    +---------------------+----------+-------+---+----+------------+------------+
    |acc_1_10_fu_3759_p2  |     +    |      0|  0|  16|          32|          32|
    |acc_1_2_fu_1821_p2   |     +    |      0|  0|  16|          32|          32|
    |acc_1_4_fu_2197_p2   |     +    |      0|  0|  16|          32|          32|
    |acc_1_5_fu_886_p2    |     +    |      0|  0|  16|          32|          32|
    |acc_1_8_fu_2735_p2   |     +    |      0|  0|  16|          32|          32|
    |acc_1_s_fu_1257_p2   |     +    |      0|  0|  16|          32|          32|
    |grp_fu_1469_p0       |     +    |      0|  0|  32|          32|          32|
    |grp_fu_2271_p0       |     +    |      0|  0|  32|          32|          32|
    |grp_fu_3705_p0       |     +    |      0|  0|  32|          32|          32|
    |grp_fu_713_p0        |     +    |      0|  0|  32|          32|          32|
    |tmp100_fu_3589_p2    |     +    |      0|  0|  16|          32|          32|
    |tmp101_fu_3595_p2    |     +    |      0|  0|  16|          32|          32|
    |tmp102_fu_3720_p2    |     +    |      0|  0|  16|          32|          32|
    |tmp103_fu_3724_p2    |     +    |      0|  0|  16|          32|          32|
    |tmp104_fu_3601_p2    |     +    |      0|  0|  16|          32|          32|
    |tmp105_fu_3607_p2    |     +    |      0|  0|  16|          32|          32|
    |tmp106_fu_3613_p2    |     +    |      0|  0|  16|          32|          32|
    |tmp107_fu_3619_p2    |     +    |      0|  0|  16|          32|          32|
    |tmp108_fu_3625_p2    |     +    |      0|  0|  16|          32|          32|
    |tmp109_fu_3730_p2    |     +    |      0|  0|  16|          32|          32|
    |tmp10_fu_613_p2      |     +    |      0|  0|  16|          32|          32|
    |tmp110_fu_3734_p2    |     +    |      0|  0|  16|          32|          32|
    |tmp111_fu_3631_p2    |     +    |      0|  0|  16|          32|          32|
    |tmp112_fu_3637_p2    |     +    |      0|  0|  16|          32|          32|
    |tmp113_fu_3643_p2    |     +    |      0|  0|  16|          32|          32|
    |tmp114_fu_3649_p2    |     +    |      0|  0|  16|          32|          32|
    |tmp115_fu_3740_p2    |     +    |      0|  0|  16|          32|          32|
    |tmp116_fu_3744_p2    |     +    |      0|  0|  16|          32|          32|
    |tmp117_fu_3655_p2    |     +    |      0|  0|  16|          32|          32|
    |tmp118_fu_3661_p2    |     +    |      0|  0|  16|          32|          32|
    |tmp119_fu_3667_p2    |     +    |      0|  0|  16|          32|          32|
    |tmp11_fu_619_p2      |     +    |      0|  0|  16|          32|          32|
    |tmp120_fu_3673_p2    |     +    |      0|  0|  16|          32|          32|
    |tmp122_fu_3679_p2    |     +    |      0|  0|  16|          32|          32|
    |tmp123_fu_3749_p2    |     +    |      0|  0|  16|          32|          32|
    |tmp124_fu_3753_p2    |     +    |      0|  0|  16|          32|          32|
    |tmp125_fu_3856_p2    |     +    |      0|  0|  16|          32|          32|
    |tmp126_fu_3862_p2    |     +    |      0|  0|  16|          32|          32|
    |tmp127_fu_3868_p2    |     +    |      0|  0|  16|          32|          32|
    |tmp129_fu_3892_p2    |     +    |      0|  0|  32|          32|          32|
    |tmp12_fu_625_p2      |     +    |      0|  0|  32|          32|          32|
    |tmp130_fu_3898_p2    |     +    |      0|  0|  16|          32|          32|
    |tmp13_fu_631_p2      |     +    |      0|  0|  16|          32|          32|
    |tmp14_fu_637_p2      |     +    |      0|  0|  16|          32|          32|
    |tmp15_fu_643_p2      |     +    |      0|  0|  16|          32|          32|
    |tmp16_fu_649_p2      |     +    |      0|  0|  16|          32|          32|
    |tmp17_fu_655_p2      |     +    |      0|  0|  32|          32|          32|
    |tmp18_fu_661_p2      |     +    |      0|  0|  16|          32|          32|
    |tmp19_fu_667_p2      |     +    |      0|  0|  16|          32|          32|
    |tmp1_fu_559_p2       |     +    |      0|  0|  32|          32|          32|
    |tmp20_fu_719_p2      |     +    |      0|  0|  16|          32|          32|
    |tmp21_fu_806_p2      |     +    |      0|  0|  16|          32|          32|
    |tmp22_fu_811_p2      |     +    |      0|  0|  16|          32|          32|
    |tmp23_fu_817_p2      |     +    |      0|  0|  32|          32|          32|
    |tmp24_fu_822_p2      |     +    |      0|  0|  16|          32|          32|
    |tmp25_fu_828_p2      |     +    |      0|  0|  16|          32|          32|
    |tmp26_fu_1194_p2     |     +    |      0|  0|  16|          32|          32|
    |tmp27_fu_1199_p2     |     +    |      0|  0|  16|          32|          32|
    |tmp28_fu_1205_p2     |     +    |      0|  0|  16|          32|          32|
    |tmp29_fu_1239_p2     |     +    |      0|  0|  16|          32|          32|
    |tmp2_fu_565_p2       |     +    |      0|  0|  16|          32|          32|
    |tmp30_fu_1243_p2     |     +    |      0|  0|  16|          32|          32|
    |tmp31_fu_1211_p2     |     +    |      0|  0|  16|          32|          32|
    |tmp32_fu_1217_p2     |     +    |      0|  0|  16|          32|          32|
    |tmp33_fu_1223_p2     |     +    |      0|  0|  16|          32|          32|
    |tmp35_fu_1248_p2     |     +    |      0|  0|  16|          32|          32|
    |tmp36_fu_1252_p2     |     +    |      0|  0|  16|          32|          32|
    |tmp37_fu_1656_p2     |     +    |      0|  0|  16|          32|          32|
    |tmp38_fu_1661_p2     |     +    |      0|  0|  16|          32|          32|
    |tmp39_fu_1422_p2     |     +    |      0|  0|  16|          32|          32|
    |tmp3_fu_571_p2       |     +    |      0|  0|  16|          32|          32|
    |tmp40_fu_1667_p2     |     +    |      0|  0|  16|          32|          32|
    |tmp41_fu_1671_p2     |     +    |      0|  0|  16|          32|          32|
    |tmp42_fu_1677_p2     |     +    |      0|  0|  16|          32|          32|
    |tmp43_fu_1682_p2     |     +    |      0|  0|  16|          32|          32|
    |tmp44_fu_1687_p2     |     +    |      0|  0|  32|          32|          32|
    |tmp45_fu_1693_p2     |     +    |      0|  0|  16|          32|          32|
    |tmp46_fu_1699_p2     |     +    |      0|  0|  16|          32|          32|
    |tmp47_fu_1705_p2     |     +    |      0|  0|  16|          32|          32|
    |tmp48_fu_1711_p2     |     +    |      0|  0|  16|          32|          32|
    |tmp49_fu_1717_p2     |     +    |      0|  0|  16|          32|          32|
    |tmp4_fu_577_p2       |     +    |      0|  0|  16|          32|          32|
    |tmp50_fu_1723_p2     |     +    |      0|  0|  16|          32|          32|
    |tmp51_fu_1729_p2     |     +    |      0|  0|  32|          32|          32|
    |tmp52_fu_1735_p2     |     +    |      0|  0|  32|          32|          32|
    |tmp53_fu_1741_p2     |     +    |      0|  0|  16|          32|          32|
    |tmp54_fu_1747_p2     |     +    |      0|  0|  16|          32|          32|
    |tmp55_fu_1753_p2     |     +    |      0|  0|  16|          32|          32|
    |tmp56_fu_1758_p2     |     +    |      0|  0|  16|          32|          32|
    |tmp57_fu_1428_p2     |     +    |      0|  0|  32|          32|          32|
    |tmp58_fu_1764_p2     |     +    |      0|  0|  16|          32|          32|
    |tmp59_fu_1768_p2     |     +    |      0|  0|  16|          32|          32|
    |tmp5_fu_583_p2       |     +    |      0|  0|  16|          32|          32|
    |tmp60_fu_1773_p2     |     +    |      0|  0|  16|          32|          32|
    |tmp61_fu_1779_p2     |     +    |      0|  0|  16|          32|          32|
    |tmp62_fu_2129_p2     |     +    |      0|  0|  16|          32|          32|
    |tmp63_fu_2134_p2     |     +    |      0|  0|  16|          32|          32|
    |tmp64_fu_2140_p2     |     +    |      0|  0|  16|          32|          32|
    |tmp65_fu_2179_p2     |     +    |      0|  0|  16|          32|          32|
    |tmp66_fu_2183_p2     |     +    |      0|  0|  16|          32|          32|
    |tmp67_fu_2146_p2     |     +    |      0|  0|  16|          32|          32|
    |tmp68_fu_2152_p2     |     +    |      0|  0|  16|          32|          32|
    |tmp69_fu_2158_p2     |     +    |      0|  0|  16|          32|          32|
    |tmp6_fu_589_p2       |     +    |      0|  0|  16|          32|          32|
    |tmp71_fu_2188_p2     |     +    |      0|  0|  16|          32|          32|
    |tmp72_fu_2192_p2     |     +    |      0|  0|  16|          32|          32|
    |tmp73_fu_2595_p2     |     +    |      0|  0|  16|          32|          32|
    |tmp74_fu_2600_p2     |     +    |      0|  0|  16|          32|          32|
    |tmp75_fu_2606_p2     |     +    |      0|  0|  16|          32|          32|
    |tmp76_fu_2612_p2     |     +    |      0|  0|  16|          32|          32|
    |tmp77_fu_2618_p2     |     +    |      0|  0|  16|          32|          32|
    |tmp78_fu_2624_p2     |     +    |      0|  0|  16|          32|          32|
    |tmp79_fu_2629_p2     |     +    |      0|  0|  16|          32|          32|
    |tmp7_fu_595_p2       |     +    |      0|  0|  16|          32|          32|
    |tmp80_fu_2635_p2     |     +    |      0|  0|  32|          32|          32|
    |tmp81_fu_2641_p2     |     +    |      0|  0|  16|          32|          32|
    |tmp82_fu_2647_p2     |     +    |      0|  0|  16|          32|          32|
    |tmp83_fu_2717_p2     |     +    |      0|  0|  16|          32|          32|
    |tmp84_fu_2721_p2     |     +    |      0|  0|  16|          32|          32|
    |tmp85_fu_2653_p2     |     +    |      0|  0|  16|          32|          32|
    |tmp86_fu_2659_p2     |     +    |      0|  0|  16|          32|          32|
    |tmp87_fu_2665_p2     |     +    |      0|  0|  32|          32|          32|
    |tmp88_fu_2671_p2     |     +    |      0|  0|  32|          32|          32|
    |tmp89_fu_2677_p2     |     +    |      0|  0|  16|          32|          32|
    |tmp8_fu_601_p2       |     +    |      0|  0|  16|          32|          32|
    |tmp90_fu_2683_p2     |     +    |      0|  0|  16|          32|          32|
    |tmp91_fu_2689_p2     |     +    |      0|  0|  16|          32|          32|
    |tmp92_fu_2694_p2     |     +    |      0|  0|  16|          32|          32|
    |tmp93_fu_2700_p2     |     +    |      0|  0|  32|          32|          32|
    |tmp94_fu_2705_p2     |     +    |      0|  0|  16|          32|          32|
    |tmp95_fu_2711_p2     |     +    |      0|  0|  16|          32|          32|
    |tmp96_fu_2726_p2     |     +    |      0|  0|  16|          32|          32|
    |tmp97_fu_2730_p2     |     +    |      0|  0|  16|          32|          32|
    |tmp98_fu_3711_p2     |     +    |      0|  0|  16|          32|          32|
    |tmp99_fu_3715_p2     |     +    |      0|  0|  16|          32|          32|
    |tmp9_fu_607_p2       |     +    |      0|  0|  16|          32|          32|
    |tmp_4_16_fu_1307_p2  |     +    |      0|  0|  16|          32|          32|
    |tmp_4_23_fu_1416_p2  |     +    |      0|  0|  16|          32|          32|
    |tmp_4_35_fu_2299_p2  |     +    |      0|  0|  16|          32|          32|
    |tmp_4_42_fu_2589_p2  |     +    |      0|  0|  16|          32|          32|
    |tmp_4_5_fu_800_p2    |     +    |      0|  0|  16|          32|          32|
    |tmp_4_70_fu_3807_p2  |     +    |      0|  0|  16|          32|          32|
    |tmp_4_s_fu_723_p2    |     +    |      0|  0|  16|          32|          32|
    |tmp_fu_553_p2        |     +    |      0|  0|  32|          32|          32|
    |y                    |     +    |      0|  0|  16|          32|          32|
    |acc_1_11_fu_3779_p2  |     -    |      0|  0|  16|          32|          32|
    |acc_1_1_fu_1279_p2   |     -    |      0|  0|  16|          32|          32|
    |acc_1_3_fu_1841_p2   |     -    |      0|  0|  16|          32|          32|
    |acc_1_6_fu_906_p2    |     -    |      0|  0|  16|          32|          32|
    |acc_1_7_fu_2219_p2   |     -    |      0|  0|  16|          32|          32|
    |acc_1_9_fu_2757_p2   |     -    |      0|  0|  16|          32|          32|
    |p_neg10_fu_1936_p2   |     -    |      0|  0|  16|           1|          32|
    |p_neg11_fu_1970_p2   |     -    |      0|  0|  16|           1|          32|
    |p_neg12_fu_2004_p2   |     -    |      0|  0|  16|           1|          32|
    |p_neg13_fu_2038_p2   |     -    |      0|  0|  16|           1|          32|
    |p_neg14_fu_2072_p2   |     -    |      0|  0|  32|           1|          32|
    |p_neg15_fu_2106_p2   |     -    |      0|  0|  16|           1|          32|
    |p_neg16_fu_2784_p2   |     -    |      0|  0|  32|           1|          32|
    |p_neg17_fu_2818_p2   |     -    |      0|  0|  16|           1|          32|
    |p_neg18_fu_2852_p2   |     -    |      0|  0|  32|           1|          32|
    |p_neg19_fu_2886_p2   |     -    |      0|  0|  16|           1|          32|
    |p_neg1_fu_1902_p2    |     -    |      0|  0|  32|           1|          32|
    |p_neg20_fu_2920_p2   |     -    |      0|  0|  16|           1|          32|
    |p_neg21_fu_2954_p2   |     -    |      0|  0|  16|           1|          32|
    |p_neg22_fu_2988_p2   |     -    |      0|  0|  16|           1|          32|
    |p_neg23_fu_3022_p2   |     -    |      0|  0|  32|           1|          32|
    |p_neg24_fu_3056_p2   |     -    |      0|  0|  16|           1|          32|
    |p_neg25_fu_3090_p2   |     -    |      0|  0|  16|           1|          32|
    |p_neg26_fu_3124_p2   |     -    |      0|  0|  16|           1|          32|
    |p_neg27_fu_3158_p2   |     -    |      0|  0|  16|           1|          32|
    |p_neg28_fu_3192_p2   |     -    |      0|  0|  16|           1|          32|
    |p_neg29_fu_3226_p2   |     -    |      0|  0|  16|           1|          32|
    |p_neg2_fu_933_p2     |     -    |      0|  0|  16|           1|          32|
    |p_neg30_fu_3260_p2   |     -    |      0|  0|  32|           1|          32|
    |p_neg31_fu_3294_p2   |     -    |      0|  0|  16|           1|          32|
    |p_neg32_fu_3328_p2   |     -    |      0|  0|  32|           1|          32|
    |p_neg33_fu_3362_p2   |     -    |      0|  0|  16|           1|          32|
    |p_neg34_fu_3396_p2   |     -    |      0|  0|  32|           1|          32|
    |p_neg35_fu_3430_p2   |     -    |      0|  0|  16|           1|          32|
    |p_neg36_fu_3464_p2   |     -    |      0|  0|  16|           1|          32|
    |p_neg37_fu_3498_p2   |     -    |      0|  0|  16|           1|          32|
    |p_neg38_fu_3532_p2   |     -    |      0|  0|  16|           1|          32|
    |p_neg39_fu_3566_p2   |     -    |      0|  0|  16|           1|          32|
    |p_neg3_fu_967_p2     |     -    |      0|  0|  32|           1|          32|
    |p_neg40_fu_794_p2    |     -    |      0|  0|  16|           1|          32|
    |p_neg41_fu_1301_p2   |     -    |      0|  0|  16|           1|          32|
    |p_neg42_fu_1410_p2   |     -    |      0|  0|  16|           1|          32|
    |p_neg43_fu_2293_p2   |     -    |      0|  0|  16|           1|          32|
    |p_neg44_fu_2583_p2   |     -    |      0|  0|  16|           1|          32|
    |p_neg45_fu_3801_p2   |     -    |      0|  0|  32|           1|          32|
    |p_neg4_fu_1001_p2    |     -    |      0|  0|  16|           1|          32|
    |p_neg5_fu_1035_p2    |     -    |      0|  0|  16|           1|          32|
    |p_neg6_fu_1069_p2    |     -    |      0|  0|  16|           1|          32|
    |p_neg7_fu_1103_p2    |     -    |      0|  0|  16|           1|          32|
    |p_neg8_fu_1137_p2    |     -    |      0|  0|  32|           1|          32|
    |p_neg9_fu_1171_p2    |     -    |      0|  0|  16|           1|          32|
    |p_neg_fu_1868_p2     |     -    |      0|  0|  16|           1|          32|
    |tmp_4_10_fu_1047_p2  |     -    |      0|  0|  16|          32|          32|
    |tmp_4_11_fu_1081_p2  |     -    |      0|  0|  16|          32|          32|
    |tmp_4_12_fu_1115_p2  |     -    |      0|  0|  16|          32|          32|
    |tmp_4_13_fu_1149_p2  |     -    |      0|  0|  16|          32|          32|
    |tmp_4_14_fu_1183_p2  |     -    |      0|  0|  16|          32|          32|
    |tmp_4_17_fu_1329_p2  |     -    |      0|  0|  16|          32|          32|
    |tmp_4_22_fu_1388_p2  |     -    |      0|  0|  32|          32|          32|
    |tmp_4_26_fu_1880_p2  |     -    |      0|  0|  16|          32|          32|
    |tmp_4_27_fu_1914_p2  |     -    |      0|  0|  16|          32|          32|
    |tmp_4_28_fu_1948_p2  |     -    |      0|  0|  16|          32|          32|
    |tmp_4_29_fu_1982_p2  |     -    |      0|  0|  16|          32|          32|
    |tmp_4_30_fu_2016_p2  |     -    |      0|  0|  16|          32|          32|
    |tmp_4_31_fu_2050_p2  |     -    |      0|  0|  16|          32|          32|
    |tmp_4_32_fu_2084_p2  |     -    |      0|  0|  16|          32|          32|
    |tmp_4_33_fu_2118_p2  |     -    |      0|  0|  16|          32|          32|
    |tmp_4_36_fu_2321_p2  |     -    |      0|  0|  16|          32|          32|
    |tmp_4_3_fu_1013_p2   |     -    |      0|  0|  16|          32|          32|
    |tmp_4_41_fu_2561_p2  |     -    |      0|  0|  32|          32|          32|
    |tmp_4_45_fu_2796_p2  |     -    |      0|  0|  16|          32|          32|
    |tmp_4_46_fu_2830_p2  |     -    |      0|  0|  16|          32|          32|
    |tmp_4_47_fu_2864_p2  |     -    |      0|  0|  16|          32|          32|
    |tmp_4_48_fu_2898_p2  |     -    |      0|  0|  16|          32|          32|
    |tmp_4_49_fu_2932_p2  |     -    |      0|  0|  16|          32|          32|
    |tmp_4_4_fu_772_p2    |     -    |      0|  0|  32|          32|          32|
    |tmp_4_50_fu_2966_p2  |     -    |      0|  0|  16|          32|          32|
    |tmp_4_51_fu_3000_p2  |     -    |      0|  0|  16|          32|          32|
    |tmp_4_52_fu_3034_p2  |     -    |      0|  0|  16|          32|          32|
    |tmp_4_53_fu_3068_p2  |     -    |      0|  0|  16|          32|          32|
    |tmp_4_54_fu_3102_p2  |     -    |      0|  0|  16|          32|          32|
    |tmp_4_55_fu_3136_p2  |     -    |      0|  0|  16|          32|          32|
    |tmp_4_56_fu_3170_p2  |     -    |      0|  0|  16|          32|          32|
    |tmp_4_57_fu_3204_p2  |     -    |      0|  0|  16|          32|          32|
    |tmp_4_58_fu_3238_p2  |     -    |      0|  0|  16|          32|          32|
    |tmp_4_59_fu_3272_p2  |     -    |      0|  0|  16|          32|          32|
    |tmp_4_60_fu_3306_p2  |     -    |      0|  0|  16|          32|          32|
    |tmp_4_61_fu_3340_p2  |     -    |      0|  0|  16|          32|          32|
    |tmp_4_62_fu_3374_p2  |     -    |      0|  0|  16|          32|          32|
    |tmp_4_63_fu_3408_p2  |     -    |      0|  0|  16|          32|          32|
    |tmp_4_64_fu_3442_p2  |     -    |      0|  0|  16|          32|          32|
    |tmp_4_65_fu_3476_p2  |     -    |      0|  0|  16|          32|          32|
    |tmp_4_66_fu_3510_p2  |     -    |      0|  0|  16|          32|          32|
    |tmp_4_67_fu_3544_p2  |     -    |      0|  0|  16|          32|          32|
    |tmp_4_68_fu_3578_p2  |     -    |      0|  0|  16|          32|          32|
    |tmp_4_71_fu_3829_p2  |     -    |      0|  0|  32|          32|          32|
    |tmp_4_8_fu_945_p2    |     -    |      0|  0|  16|          32|          32|
    |tmp_4_9_fu_979_p2    |     -    |      0|  0|  16|          32|          32|
    +---------------------+----------+-------+---+----+------------+------------+
    |Total                |          |      0|  0|4416|        6350|        7776|
    +---------------------+----------+-------+---+----+------------+------------+

    * Multiplexer: 
    +-----------+----+-----------+-----+-----------+
    |    Name   | LUT| Input Size| Bits| Total Bits|
    +-----------+----+-----------+-----+-----------+
    |ap_NS_fsm  |   6|         15|    1|         15|
    +-----------+----+-----------+-----+-----------+
    |Total      |   6|         15|    1|         15|
    +-----------+----+-----------+-----+-----------+

    * Register: 
    +-----------------------------+----+----+-----+-----------+
    |             Name            | FF | LUT| Bits| Const Bits|
    +-----------------------------+----+----+-----+-----------+
    |acc_1_1_reg_4040             |  32|   0|   32|          0|
    |acc_1_7_reg_4169             |  32|   0|   32|          0|
    |acc_1_9_reg_4240             |  32|   0|   32|          0|
    |ap_CS_fsm                    |  14|   0|   14|          0|
    |shift_reg                    |  32|   0|   32|          0|
    |shift_reg_0                  |  32|   0|   32|          0|
    |shift_reg_1                  |  32|   0|   32|          0|
    |shift_reg_10                 |  32|   0|   32|          0|
    |shift_reg_100                |  32|   0|   32|          0|
    |shift_reg_101                |  32|   0|   32|          0|
    |shift_reg_102                |  32|   0|   32|          0|
    |shift_reg_102_load_reg_3909  |  32|   0|   32|          0|
    |shift_reg_103                |  32|   0|   32|          0|
    |shift_reg_104                |  32|   0|   32|          0|
    |shift_reg_105                |  32|   0|   32|          0|
    |shift_reg_106                |  32|   0|   32|          0|
    |shift_reg_107                |  32|   0|   32|          0|
    |shift_reg_108                |  32|   0|   32|          0|
    |shift_reg_109                |  32|   0|   32|          0|
    |shift_reg_11                 |  32|   0|   32|          0|
    |shift_reg_110                |  32|   0|   32|          0|
    |shift_reg_111                |  32|   0|   32|          0|
    |shift_reg_112                |  32|   0|   32|          0|
    |shift_reg_113                |  32|   0|   32|          0|
    |shift_reg_114                |  32|   0|   32|          0|
    |shift_reg_115                |  32|   0|   32|          0|
    |shift_reg_116                |  32|   0|   32|          0|
    |shift_reg_117                |  32|   0|   32|          0|
    |shift_reg_118                |  32|   0|   32|          0|
    |shift_reg_119                |  32|   0|   32|          0|
    |shift_reg_12                 |  32|   0|   32|          0|
    |shift_reg_120                |  32|   0|   32|          0|
    |shift_reg_121                |  32|   0|   32|          0|
    |shift_reg_122                |  32|   0|   32|          0|
    |shift_reg_123                |  32|   0|   32|          0|
    |shift_reg_124                |  32|   0|   32|          0|
    |shift_reg_125                |  32|   0|   32|          0|
    |shift_reg_13                 |  32|   0|   32|          0|
    |shift_reg_14                 |  32|   0|   32|          0|
    |shift_reg_15                 |  32|   0|   32|          0|
    |shift_reg_16                 |  32|   0|   32|          0|
    |shift_reg_17                 |  32|   0|   32|          0|
    |shift_reg_18                 |  32|   0|   32|          0|
    |shift_reg_19                 |  32|   0|   32|          0|
    |shift_reg_1_load_reg_4300    |  32|   0|   32|          0|
    |shift_reg_2                  |  32|   0|   32|          0|
    |shift_reg_20                 |  32|   0|   32|          0|
    |shift_reg_21                 |  32|   0|   32|          0|
    |shift_reg_22                 |  32|   0|   32|          0|
    |shift_reg_23                 |  32|   0|   32|          0|
    |shift_reg_24                 |  32|   0|   32|          0|
    |shift_reg_25                 |  32|   0|   32|          0|
    |shift_reg_26                 |  32|   0|   32|          0|
    |shift_reg_27                 |  32|   0|   32|          0|
    |shift_reg_28                 |  32|   0|   32|          0|
    |shift_reg_29                 |  32|   0|   32|          0|
    |shift_reg_3                  |  32|   0|   32|          0|
    |shift_reg_30                 |  32|   0|   32|          0|
    |shift_reg_31                 |  32|   0|   32|          0|
    |shift_reg_32                 |  32|   0|   32|          0|
    |shift_reg_33                 |  32|   0|   32|          0|
    |shift_reg_33_load_reg_4189   |  32|   0|   32|          0|
    |shift_reg_34                 |  32|   0|   32|          0|
    |shift_reg_35                 |  32|   0|   32|          0|
    |shift_reg_36                 |  32|   0|   32|          0|
    |shift_reg_37                 |  32|   0|   32|          0|
    |shift_reg_38                 |  32|   0|   32|          0|
    |shift_reg_39                 |  32|   0|   32|          0|
    |shift_reg_39_load_reg_4122   |  32|   0|   32|          0|
    |shift_reg_4                  |  32|   0|   32|          0|
    |shift_reg_40                 |  32|   0|   32|          0|
    |shift_reg_41                 |  32|   0|   32|          0|
    |shift_reg_42                 |  32|   0|   32|          0|
    |shift_reg_43                 |  32|   0|   32|          0|
    |shift_reg_44                 |  32|   0|   32|          0|
    |shift_reg_45                 |  32|   0|   32|          0|
    |shift_reg_46                 |  32|   0|   32|          0|
    |shift_reg_47                 |  32|   0|   32|          0|
    |shift_reg_48                 |  32|   0|   32|          0|
    |shift_reg_49                 |  32|   0|   32|          0|
    |shift_reg_49_load_reg_4163   |  32|   0|   32|          0|
    |shift_reg_5                  |  32|   0|   32|          0|
    |shift_reg_50                 |  32|   0|   32|          0|
    |shift_reg_51                 |  32|   0|   32|          0|
    |shift_reg_52                 |  32|   0|   32|          0|
    |shift_reg_53                 |  32|   0|   32|          0|
    |shift_reg_54                 |  32|   0|   32|          0|
    |shift_reg_55                 |  32|   0|   32|          0|
    |shift_reg_55_load_reg_4091   |  32|   0|   32|          0|
    |shift_reg_56                 |  32|   0|   32|          0|
    |shift_reg_57                 |  32|   0|   32|          0|
    |shift_reg_58                 |  32|   0|   32|          0|
    |shift_reg_59                 |  32|   0|   32|          0|
    |shift_reg_6                  |  32|   0|   32|          0|
    |shift_reg_60                 |  32|   0|   32|          0|
    |shift_reg_61                 |  32|   0|   32|          0|
    |shift_reg_62                 |  32|   0|   32|          0|
    |shift_reg_63                 |  32|   0|   32|          0|
    |shift_reg_64                 |  32|   0|   32|          0|
    |shift_reg_65                 |  32|   0|   32|          0|
    |shift_reg_65_load_reg_4085   |  32|   0|   32|          0|
    |shift_reg_66                 |  32|   0|   32|          0|
    |shift_reg_67                 |  32|   0|   32|          0|
    |shift_reg_68                 |  32|   0|   32|          0|
    |shift_reg_69                 |  32|   0|   32|          0|
    |shift_reg_7                  |  32|   0|   32|          0|
    |shift_reg_70                 |  32|   0|   32|          0|
    |shift_reg_71                 |  32|   0|   32|          0|
    |shift_reg_71_load_reg_3993   |  32|   0|   32|          0|
    |shift_reg_72                 |  32|   0|   32|          0|
    |shift_reg_73                 |  32|   0|   32|          0|
    |shift_reg_74                 |  32|   0|   32|          0|
    |shift_reg_75                 |  32|   0|   32|          0|
    |shift_reg_76                 |  32|   0|   32|          0|
    |shift_reg_77                 |  32|   0|   32|          0|
    |shift_reg_78                 |  32|   0|   32|          0|
    |shift_reg_79                 |  32|   0|   32|          0|
    |shift_reg_7_load_reg_4200    |  32|   0|   32|          0|
    |shift_reg_8                  |  32|   0|   32|          0|
    |shift_reg_80                 |  32|   0|   32|          0|
    |shift_reg_81                 |  32|   0|   32|          0|
    |shift_reg_81_load_reg_3982   |  32|   0|   32|          0|
    |shift_reg_82                 |  32|   0|   32|          0|
    |shift_reg_83                 |  32|   0|   32|          0|
    |shift_reg_84                 |  32|   0|   32|          0|
    |shift_reg_85                 |  32|   0|   32|          0|
    |shift_reg_86                 |  32|   0|   32|          0|
    |shift_reg_87                 |  32|   0|   32|          0|
    |shift_reg_87_load_reg_3957   |  32|   0|   32|          0|
    |shift_reg_88                 |  32|   0|   32|          0|
    |shift_reg_89                 |  32|   0|   32|          0|
    |shift_reg_9                  |  32|   0|   32|          0|
    |shift_reg_90                 |  32|   0|   32|          0|
    |shift_reg_91                 |  32|   0|   32|          0|
    |shift_reg_92                 |  32|   0|   32|          0|
    |shift_reg_93                 |  32|   0|   32|          0|
    |shift_reg_94                 |  32|   0|   32|          0|
    |shift_reg_95                 |  32|   0|   32|          0|
    |shift_reg_96                 |  32|   0|   32|          0|
    |shift_reg_97                 |  32|   0|   32|          0|
    |shift_reg_97_load_reg_3951   |  32|   0|   32|          0|
    |shift_reg_98                 |  32|   0|   32|          0|
    |shift_reg_99                 |  32|   0|   32|          0|
    |tmp100_reg_4255              |  31|   0|   32|          1|
    |tmp101_reg_4260              |  31|   0|   32|          1|
    |tmp105_reg_4265              |  31|   0|   32|          1|
    |tmp108_reg_4270              |  31|   0|   32|          1|
    |tmp110_reg_4310              |  32|   0|   32|          0|
    |tmp112_reg_4275              |  31|   0|   32|          1|
    |tmp113_reg_4280              |  31|   0|   32|          1|
    |tmp114_reg_4285              |  31|   0|   32|          1|
    |tmp119_reg_4290              |  31|   0|   32|          1|
    |tmp122_reg_4295              |  32|   0|   32|          0|
    |tmp124_reg_4315              |  32|   0|   32|          0|
    |tmp127_reg_4320              |  32|   0|   32|          0|
    |tmp128_reg_4325              |  32|   0|   32|          0|
    |tmp14_reg_3931               |  32|   0|   32|          0|
    |tmp19_reg_3936               |  32|   0|   32|          0|
    |tmp22_reg_3967               |  32|   0|   32|          0|
    |tmp25_reg_3972               |  32|   0|   32|          0|
    |tmp27_reg_4009               |  32|   0|   32|          0|
    |tmp28_reg_4014               |  31|   0|   32|          1|
    |tmp32_reg_4019               |  31|   0|   32|          1|
    |tmp33_reg_4024               |  31|   0|   32|          1|
    |tmp34_reg_4029               |  32|   0|   32|          0|
    |tmp39_reg_4075               |  32|   0|   32|          0|
    |tmp48_reg_4101               |  32|   0|   32|          0|
    |tmp57_reg_4080               |  32|   0|   32|          0|
    |tmp61_reg_4106               |  32|   0|   32|          0|
    |tmp63_reg_4138               |  32|   0|   32|          0|
    |tmp64_reg_4143               |  31|   0|   32|          1|
    |tmp68_reg_4148               |  31|   0|   32|          1|
    |tmp69_reg_4153               |  31|   0|   32|          1|
    |tmp70_reg_4158               |  32|   0|   32|          0|
    |tmp77_reg_4210               |  32|   0|   32|          0|
    |tmp79_reg_4215               |  32|   0|   32|          0|
    |tmp82_reg_4220               |  31|   0|   32|          1|
    |tmp90_reg_4225               |  31|   0|   32|          1|
    |tmp92_reg_4230               |  32|   0|   32|          0|
    |tmp95_reg_4235               |  32|   0|   32|          0|
    |tmp9_reg_3926                |  32|   0|   32|          0|
    |tmp_4_16_reg_4045            |  32|   0|   32|          0|
    |tmp_4_18_reg_4050            |  32|   0|   32|          0|
    |tmp_4_19_reg_4055            |  32|   0|   32|          0|
    |tmp_4_1_reg_3941             |  32|   0|   32|          0|
    |tmp_4_20_reg_4060            |  32|   0|   32|          0|
    |tmp_4_22_reg_4065            |  32|   0|   32|          0|
    |tmp_4_23_reg_4070            |  32|   0|   32|          0|
    |tmp_4_25_reg_4111            |  32|   0|   32|          0|
    |tmp_4_26_reg_4133            |  31|   0|   32|          1|
    |tmp_4_2_reg_3946             |  32|   0|   32|          0|
    |tmp_4_38_reg_4174            |  32|   0|   32|          0|
    |tmp_4_39_reg_4179            |  32|   0|   32|          0|
    |tmp_4_40_reg_4184            |  32|   0|   32|          0|
    |tmp_4_43_reg_4245            |  32|   0|   32|          0|
    |tmp_4_44_reg_4250            |  32|   0|   32|          0|
    |tmp_4_7_reg_3977             |  32|   0|   32|          0|
    |tmp_4_8_reg_4004             |  31|   0|   32|          1|
    +-----------------------------+----+----+-----+-----------+
    |Total                        |6300|   0| 6318|         18|
    +-----------------------------+----+----+-----+-----------+



================================================================
== Interface
================================================================
* Summary: 
+----------+-----+-----+------------+--------------+--------------+
| RTL Ports| Dir | Bits|  Protocol  | Source Object|    C Type    |
+----------+-----+-----+------------+--------------+--------------+
|ap_clk    |  in |    1| ap_ctrl_hs |      fir     | return value |
|ap_rst    |  in |    1| ap_ctrl_hs |      fir     | return value |
|ap_start  |  in |    1| ap_ctrl_hs |      fir     | return value |
|ap_done   | out |    1| ap_ctrl_hs |      fir     | return value |
|ap_idle   | out |    1| ap_ctrl_hs |      fir     | return value |
|ap_ready  | out |    1| ap_ctrl_hs |      fir     | return value |
|y         | out |   32|   ap_vld   |       y      |    pointer   |
|y_ap_vld  | out |    1|   ap_vld   |       y      |    pointer   |
|x         |  in |   32|   ap_none  |       x      |    scalar    |
+----------+-----+-----+------------+--------------+--------------+

