

================================================================
== Vivado HLS Report for 'fir'
================================================================
* Date:           Mon Oct 03 22:57:21 2016

* Version:        2015.4 (Build 1412921 on Wed Nov 18 09:58:55 AM 2015)
* Project:        fir128_optimized
* Solution:       solution1
* Product family: zynq
* Target device:  xc7z020clg484-1


================================================================
== Performance Estimates
================================================================
+ Timing (ns): 
    * Summary: 
    +--------+-------+----------+------------+
    |  Clock | Target| Estimated| Uncertainty|
    +--------+-------+----------+------------+
    |ap_clk  |  10.00|      8.52|        1.25|
    +--------+-------+----------+------------+

+ Latency (clock cycles): 
    * Summary: 
    +-----+-----+-----+-----+---------+
    |  Latency  |  Interval | Pipeline|
    | min | max | min | max |   Type  |
    +-----+-----+-----+-----+---------+
    |   37|   37|   38|   38|   none  |
    +-----+-----+-----+-----+---------+

    + Detail: 
        * Instance: 
        N/A

        * Loop: 
        +----------+-----+-----+----------+-----------+-----------+------+----------+
        |          |  Latency  | Iteration|  Initiation Interval  | Trip |          |
        | Loop Name| min | max |  Latency |  achieved |   target  | Count| Pipelined|
        +----------+-----+-----+----------+-----------+-----------+------+----------+
        |- TDL     |   17|   17|         4|          2|          1|     8|    yes   |
        |- MAC     |   16|   16|         9|          1|          1|     8|    yes   |
        +----------+-----+-----+----------+-----------+-----------+------+----------+



================================================================
== Utilization Estimates
================================================================
* Summary: 
+-----------------+---------+-------+--------+-------+
|       Name      | BRAM_18K| DSP48E|   FF   |  LUT  |
+-----------------+---------+-------+--------+-------+
|DSP              |        -|      -|       -|      -|
|Expression       |        -|      -|       0|    864|
|FIFO             |        -|      -|       -|      -|
|Instance         |        -|     30|       0|      0|
|Memory           |        0|      -|    1104|     74|
|Multiplexer      |        -|      -|       -|    267|
|Register         |        -|      -|     785|     72|
+-----------------+---------+-------+--------+-------+
|Total            |        0|     30|    1889|   1277|
+-----------------+---------+-------+--------+-------+
|Available        |      280|    220|  106400|  53200|
+-----------------+---------+-------+--------+-------+
|Utilization (%)  |        0|     13|       1|      2|
+-----------------+---------+-------+--------+-------+

+ Detail: 
    * Instance: 
    +-------------------------+---------------------+---------+-------+---+----+
    |         Instance        |        Module       | BRAM_18K| DSP48E| FF| LUT|
    +-------------------------+---------------------+---------+-------+---+----+
    |fir_mul_32s_5s_32_3_U1   |fir_mul_32s_5s_32_3  |        0|      2|  0|   0|
    |fir_mul_5s_32s_32_3_U0   |fir_mul_5s_32s_32_3  |        0|      2|  0|   0|
    |fir_mul_5s_32s_32_3_U2   |fir_mul_5s_32s_32_3  |        0|      2|  0|   0|
    |fir_mul_5s_32s_32_3_U3   |fir_mul_5s_32s_32_3  |        0|      2|  0|   0|
    |fir_mul_5s_32s_32_3_U4   |fir_mul_5s_32s_32_3  |        0|      2|  0|   0|
    |fir_mul_5s_32s_32_3_U5   |fir_mul_5s_32s_32_3  |        0|      2|  0|   0|
    |fir_mul_5s_32s_32_3_U6   |fir_mul_5s_32s_32_3  |        0|      2|  0|   0|
    |fir_mul_5s_32s_32_3_U7   |fir_mul_5s_32s_32_3  |        0|      2|  0|   0|
    |fir_mul_5s_32s_32_3_U8   |fir_mul_5s_32s_32_3  |        0|      2|  0|   0|
    |fir_mul_5s_32s_32_3_U9   |fir_mul_5s_32s_32_3  |        0|      2|  0|   0|
    |fir_mul_5s_32s_32_3_U10  |fir_mul_5s_32s_32_3  |        0|      2|  0|   0|
    |fir_mul_5s_32s_32_3_U11  |fir_mul_5s_32s_32_3  |        0|      2|  0|   0|
    |fir_mul_5s_32s_32_3_U12  |fir_mul_5s_32s_32_3  |        0|      2|  0|   0|
    |fir_mul_5s_32s_32_3_U13  |fir_mul_5s_32s_32_3  |        0|      2|  0|   0|
    |fir_mul_5s_32s_32_3_U14  |fir_mul_5s_32s_32_3  |        0|      2|  0|   0|
    +-------------------------+---------------------+---------+-------+---+----+
    |Total                    |                     |        0|     30|  0|   0|
    +-------------------------+---------------------+---------+-------+---+----+

    * DSP48: 
    N/A

    * Memory: 
    +----------------+------------------+---------+----+----+------+-----+------+-------------+
    |     Memory     |      Module      | BRAM_18K| FF | LUT| Words| Bits| Banks| W*Bits*Banks|
    +----------------+------------------+---------+----+----+------+-----+------+-------------+
    |c_U             |fir_c             |        0|  80|  10|   128|    5|     1|          640|
    |shift_reg_14_U  |fir_shift_reg_14  |        0|  64|   4|     8|   32|     1|          256|
    |shift_reg_15_U  |fir_shift_reg_14  |        0|  64|   4|     8|   32|     1|          256|
    |shift_reg_13_U  |fir_shift_reg_14  |        0|  64|   4|     8|   32|     1|          256|
    |shift_reg_12_U  |fir_shift_reg_14  |        0|  64|   4|     8|   32|     1|          256|
    |shift_reg_11_U  |fir_shift_reg_14  |        0|  64|   4|     8|   32|     1|          256|
    |shift_reg_10_U  |fir_shift_reg_14  |        0|  64|   4|     8|   32|     1|          256|
    |shift_reg_9_U   |fir_shift_reg_14  |        0|  64|   4|     8|   32|     1|          256|
    |shift_reg_8_U   |fir_shift_reg_14  |        0|  64|   4|     8|   32|     1|          256|
    |shift_reg_7_U   |fir_shift_reg_14  |        0|  64|   4|     8|   32|     1|          256|
    |shift_reg_6_U   |fir_shift_reg_14  |        0|  64|   4|     8|   32|     1|          256|
    |shift_reg_5_U   |fir_shift_reg_14  |        0|  64|   4|     8|   32|     1|          256|
    |shift_reg_4_U   |fir_shift_reg_14  |        0|  64|   4|     8|   32|     1|          256|
    |shift_reg_3_U   |fir_shift_reg_14  |        0|  64|   4|     8|   32|     1|          256|
    |shift_reg_2_U   |fir_shift_reg_14  |        0|  64|   4|     8|   32|     1|          256|
    |shift_reg_1_U   |fir_shift_reg_14  |        0|  64|   4|     8|   32|     1|          256|
    |shift_reg_0_U   |fir_shift_reg_14  |        0|  64|   4|     8|   32|     1|          256|
    +----------------+------------------+---------+----+----+------+-----+------+-------------+
    |Total           |                  |        0|1104|  74|   256|  517|    17|         4736|
    +----------------+------------------+---------+----+----+------+-----+------+-------------+

    * FIFO: 
    N/A

    * Expression: 
    +---------------------+----------+-------+---+----+------------+------------+
    |    Variable Name    | Operation| DSP48E| FF| LUT| Bitwidth P0| Bitwidth P1|
    +---------------------+----------+-------+---+----+------------+------------+
    |acc_1_10_fu_1991_p2  |     +    |      0|  0|  32|          32|          32|
    |acc_1_11_fu_1996_p2  |     +    |      0|  0|  32|          32|          32|
    |acc_1_12_fu_2002_p2  |     +    |      0|  0|  32|          32|          32|
    |acc_1_13_fu_2006_p2  |     +    |      0|  0|  32|          32|          32|
    |acc_1_1_fu_1784_p2   |     +    |      0|  0|  32|          32|          32|
    |acc_1_2_fu_1788_p2   |     +    |      0|  0|  32|          32|          32|
    |acc_1_3_fu_1793_p2   |     +    |      0|  0|  32|          32|          32|
    |acc_1_4_fu_1895_p2   |     +    |      0|  0|  32|          32|          32|
    |acc_1_5_fu_1899_p2   |     +    |      0|  0|  32|          32|          32|
    |acc_1_6_fu_1904_p2   |     +    |      0|  0|  32|          32|          32|
    |acc_1_7_fu_1962_p2   |     +    |      0|  0|  32|          32|          32|
    |acc_1_8_fu_1966_p2   |     +    |      0|  0|  32|          32|          32|
    |acc_1_9_fu_1971_p2   |     +    |      0|  0|  32|          32|          32|
    |acc_1_fu_1682_p2     |     +    |      0|  0|  32|          32|           1|
    |acc_1_s_fu_1987_p2   |     +    |      0|  0|  32|          32|          32|
    |i_2_10_fu_1082_p2    |     +    |      0|  0|   8|           8|           5|
    |i_2_11_fu_1113_p2    |     +    |      0|  0|   8|           8|           5|
    |i_2_12_fu_1144_p2    |     +    |      0|  0|   8|           8|           5|
    |i_2_13_fu_1175_p2    |     +    |      0|  0|   8|           8|           5|
    |i_2_14_fu_1206_p2    |     +    |      0|  0|   8|           8|           6|
    |i_2_1_fu_772_p2      |     +    |      0|  0|   8|           8|           3|
    |i_2_2_fu_803_p2      |     +    |      0|  0|   8|           8|           3|
    |i_2_3_fu_834_p2      |     +    |      0|  0|   8|           8|           4|
    |i_2_4_fu_865_p2      |     +    |      0|  0|   8|           8|           4|
    |i_2_5_fu_896_p2      |     +    |      0|  0|   8|           8|           4|
    |i_2_6_fu_927_p2      |     +    |      0|  0|   8|           8|           4|
    |i_2_7_fu_958_p2      |     +    |      0|  0|   8|           8|           5|
    |i_2_8_fu_989_p2      |     +    |      0|  0|   8|           8|           5|
    |i_2_9_fu_1020_p2     |     +    |      0|  0|   8|           8|           5|
    |i_2_fu_735_p2        |     +    |      0|  0|   8|           8|           2|
    |i_2_s_fu_1051_p2     |     +    |      0|  0|   8|           8|           5|
    |i_3_10_fu_1436_p2    |     +    |      0|  0|   8|           8|           5|
    |i_3_11_fu_1448_p2    |     +    |      0|  0|   8|           8|           5|
    |i_3_12_fu_1460_p2    |     +    |      0|  0|   8|           8|           5|
    |i_3_13_fu_1472_p2    |     +    |      0|  0|   8|           8|           5|
    |i_3_14_fu_1484_p2    |     +    |      0|  0|   8|           8|           6|
    |i_3_1_fu_1292_p2     |     +    |      0|  0|   8|           8|           3|
    |i_3_2_fu_1328_p2     |     +    |      0|  0|   8|           8|           3|
    |i_3_3_fu_1340_p2     |     +    |      0|  0|   8|           8|           4|
    |i_3_4_fu_1352_p2     |     +    |      0|  0|   8|           8|           4|
    |i_3_5_fu_1364_p2     |     +    |      0|  0|   8|           8|           4|
    |i_3_6_fu_1376_p2     |     +    |      0|  0|   8|           8|           4|
    |i_3_7_fu_1388_p2     |     +    |      0|  0|   8|           8|           5|
    |i_3_8_fu_1400_p2     |     +    |      0|  0|   8|           8|           5|
    |i_3_9_fu_1412_p2     |     +    |      0|  0|   8|           8|           5|
    |i_3_fu_1260_p2       |     +    |      0|  0|   8|           8|           2|
    |i_3_s_fu_1424_p2     |     +    |      0|  0|   8|           8|           5|
    |tmp1_fu_2027_p2      |     +    |      0|  0|  16|          32|          32|
    |y                    |     +    |      0|  0|  16|          32|          32|
    |tmp_10_fu_1045_p2    |   icmp   |      0|  0|   3|           8|           1|
    |tmp_11_fu_1076_p2    |   icmp   |      0|  0|   3|           8|           1|
    |tmp_12_fu_1107_p2    |   icmp   |      0|  0|   3|           8|           1|
    |tmp_13_fu_1138_p2    |   icmp   |      0|  0|   3|           8|           1|
    |tmp_14_fu_1169_p2    |   icmp   |      0|  0|   3|           8|           1|
    |tmp_15_fu_1200_p2    |   icmp   |      0|  0|   3|           8|           1|
    |tmp_16_fu_1014_p2    |   icmp   |      0|  0|   3|           8|           1|
    |tmp_17_fu_1234_p2    |   icmp   |      0|  0|   3|           8|           1|
    |tmp_1_fu_766_p2      |   icmp   |      0|  0|   3|           8|           1|
    |tmp_3_fu_859_p2      |   icmp   |      0|  0|   3|           8|           1|
    |tmp_4_10_fu_1430_p2  |   icmp   |      0|  0|   3|           8|           1|
    |tmp_4_11_fu_1442_p2  |   icmp   |      0|  0|   3|           8|           1|
    |tmp_4_12_fu_1454_p2  |   icmp   |      0|  0|   3|           8|           1|
    |tmp_4_13_fu_1466_p2  |   icmp   |      0|  0|   3|           8|           1|
    |tmp_4_14_fu_1478_p2  |   icmp   |      0|  0|   3|           8|           1|
    |tmp_4_1_fu_1266_p2   |   icmp   |      0|  0|   3|           8|           1|
    |tmp_4_2_fu_1302_p2   |   icmp   |      0|  0|   3|           8|           1|
    |tmp_4_3_fu_1334_p2   |   icmp   |      0|  0|   3|           8|           1|
    |tmp_4_4_fu_1346_p2   |   icmp   |      0|  0|   3|           8|           1|
    |tmp_4_5_fu_1358_p2   |   icmp   |      0|  0|   3|           8|           1|
    |tmp_4_6_fu_1370_p2   |   icmp   |      0|  0|   3|           8|           1|
    |tmp_4_7_fu_1382_p2   |   icmp   |      0|  0|   3|           8|           1|
    |tmp_4_8_fu_1394_p2   |   icmp   |      0|  0|   3|           8|           1|
    |tmp_4_9_fu_1406_p2   |   icmp   |      0|  0|   3|           8|           1|
    |tmp_4_fu_890_p2      |   icmp   |      0|  0|   3|           8|           1|
    |tmp_4_s_fu_1418_p2   |   icmp   |      0|  0|   3|           8|           1|
    |tmp_5_fu_828_p2      |   icmp   |      0|  0|   3|           8|           1|
    |tmp_6_fu_921_p2      |   icmp   |      0|  0|   3|           8|           1|
    |tmp_7_fu_952_p2      |   icmp   |      0|  0|   3|           8|           1|
    |tmp_8_fu_983_p2      |   icmp   |      0|  0|   3|           8|           1|
    |tmp_fu_729_p2        |   icmp   |      0|  0|   3|           8|           1|
    |tmp_s_fu_797_p2      |   icmp   |      0|  0|   3|           8|           1|
    +---------------------+----------+-------+---+----+------------+------------+
    |Total                |          |      0|  0| 864|        1056|         685|
    +---------------------+----------+-------+---+----+------------+------------+

    * Multiplexer: 
    +-----------------------+-----+-----------+-----+-----------+
    |          Name         | LUT | Input Size| Bits| Total Bits|
    +-----------------------+-----+-----------+-----+-----------+
    |acc_lcssa_reg_691      |  160|         16|   32|        512|
    |ap_NS_fsm              |    1|          7|    1|          7|
    |ap_reg_ppiten_pp1_it1  |    1|          2|    1|          2|
    |ap_reg_ppiten_pp1_it8  |    1|          2|    1|          2|
    |i_1_reg_680            |    8|          2|    8|         16|
    |i_phi_fu_661_p4        |    8|          2|    8|         16|
    |i_reg_657              |    8|          2|    8|         16|
    |shift_reg_0_address0   |    3|          5|    3|         15|
    |shift_reg_0_d0         |   32|          3|   32|         96|
    |shift_reg_10_address0  |    3|          4|    3|         12|
    |shift_reg_11_address0  |    3|          4|    3|         12|
    |shift_reg_12_address0  |    3|          4|    3|         12|
    |shift_reg_13_address0  |    3|          4|    3|         12|
    |shift_reg_14_address0  |    3|          4|    3|         12|
    |shift_reg_15_address0  |    3|          4|    3|         12|
    |shift_reg_1_address0   |    3|          4|    3|         12|
    |shift_reg_2_address0   |    3|          4|    3|         12|
    |shift_reg_3_address0   |    3|          4|    3|         12|
    |shift_reg_4_address0   |    3|          4|    3|         12|
    |shift_reg_5_address0   |    3|          4|    3|         12|
    |shift_reg_6_address0   |    3|          4|    3|         12|
    |shift_reg_7_address0   |    3|          4|    3|         12|
    |shift_reg_8_address0   |    3|          4|    3|         12|
    |shift_reg_9_address0   |    3|          4|    3|         12|
    +-----------------------+-----+-----------+-----+-----------+
    |Total                  |  267|        101|  139|        862|
    +-----------------------+-----+-----------+-----+-----------+

    * Register: 
    +------------------------------------------------+----+----+-----+-----------+
    |                      Name                      | FF | LUT| Bits| Const Bits|
    +------------------------------------------------+----+----+-----+-----------+
    |acc_1_11_reg_2777                               |  32|   0|   32|          0|
    |acc_1_3_reg_2589                                |  32|   0|   32|          0|
    |acc_1_6_reg_2675                                |  32|   0|   32|          0|
    |acc_1_9_reg_2741                                |  32|   0|   32|          0|
    |acc_1_reg_2503                                  |  32|   0|   32|          0|
    |acc_lcssa_reg_691                               |  32|   0|   32|          0|
    |acc_reg_668                                     |   0|   0|   32|         32|
    |ap_CS_fsm                                       |   6|   0|    6|          0|
    |ap_reg_ppiten_pp0_it0                           |   1|   0|    1|          0|
    |ap_reg_ppiten_pp0_it1                           |   1|   0|    1|          0|
    |ap_reg_ppiten_pp1_it0                           |   1|   0|    1|          0|
    |ap_reg_ppiten_pp1_it1                           |   1|   0|    1|          0|
    |ap_reg_ppiten_pp1_it2                           |   1|   0|    1|          0|
    |ap_reg_ppiten_pp1_it3                           |   1|   0|    1|          0|
    |ap_reg_ppiten_pp1_it4                           |   1|   0|    1|          0|
    |ap_reg_ppiten_pp1_it5                           |   1|   0|    1|          0|
    |ap_reg_ppiten_pp1_it6                           |   1|   0|    1|          0|
    |ap_reg_ppiten_pp1_it7                           |   1|   0|    1|          0|
    |ap_reg_ppiten_pp1_it8                           |   1|   0|    1|          0|
    |ap_reg_ppstg_i_3_5_reg_2278_pp1_it1             |   8|   0|    8|          0|
    |ap_reg_ppstg_i_3_6_reg_2288_pp1_it1             |   8|   0|    8|          0|
    |ap_reg_ppstg_i_3_7_reg_2298_pp1_it1             |   8|   0|    8|          0|
    |ap_reg_ppstg_shift_reg_0_addr_reg_2182_pp0_it1  |   3|   0|    3|          0|
    |ap_reg_ppstg_tmp_10_reg_2142_pp0_it1            |   1|   0|    1|          0|
    |ap_reg_ppstg_tmp_11_reg_2151_pp0_it1            |   1|   0|    1|          0|
    |ap_reg_ppstg_tmp_12_reg_2160_pp0_it1            |   1|   0|    1|          0|
    |ap_reg_ppstg_tmp_13_reg_2169_pp0_it1            |   1|   0|    1|          0|
    |ap_reg_ppstg_tmp_14_reg_2178_pp0_it1            |   1|   0|    1|          0|
    |ap_reg_ppstg_tmp_15_reg_2187_pp0_it1            |   1|   0|    1|          0|
    |ap_reg_ppstg_tmp_16_reg_2133_pp0_it1            |   1|   0|    1|          0|
    |ap_reg_ppstg_tmp_1_reg_2061_pp0_it1             |   1|   0|    1|          0|
    |ap_reg_ppstg_tmp_3_reg_2088_pp0_it1             |   1|   0|    1|          0|
    |ap_reg_ppstg_tmp_4_reg_2097_pp0_it1             |   1|   0|    1|          0|
    |ap_reg_ppstg_tmp_5_reg_2079_pp0_it1             |   1|   0|    1|          0|
    |ap_reg_ppstg_tmp_6_reg_2106_pp0_it1             |   1|   0|    1|          0|
    |ap_reg_ppstg_tmp_7_reg_2115_pp0_it1             |   1|   0|    1|          0|
    |ap_reg_ppstg_tmp_8_reg_2124_pp0_it1             |   1|   0|    1|          0|
    |ap_reg_ppstg_tmp_reg_2047_pp0_it1               |   1|   0|    1|          0|
    |ap_reg_ppstg_tmp_s_reg_2070_pp0_it1             |   1|   0|    1|          0|
    |i_1_reg_680                                     |   8|   0|    8|          0|
    |i_2_14_reg_2191                                 |   8|   0|    8|          0|
    |i_3_10_reg_2338                                 |   8|   0|    8|          0|
    |i_3_11_reg_2348                                 |   8|   0|    8|          0|
    |i_3_12_reg_2358                                 |   8|   0|    8|          0|
    |i_3_13_reg_2368                                 |   8|   0|    8|          0|
    |i_3_2_reg_2248                                  |   8|   0|    8|          0|
    |i_3_3_reg_2258                                  |   8|   0|    8|          0|
    |i_3_4_reg_2268                                  |   8|   0|    8|          0|
    |i_3_5_reg_2278                                  |   8|   0|    8|          0|
    |i_3_6_reg_2288                                  |   8|   0|    8|          0|
    |i_3_7_reg_2298                                  |   8|   0|    8|          0|
    |i_3_8_reg_2308                                  |   8|   0|    8|          0|
    |i_3_9_reg_2318                                  |   8|   0|    8|          0|
    |i_3_s_reg_2328                                  |   8|   0|    8|          0|
    |i_reg_657                                       |   8|   0|    8|          0|
    |shift_reg_0_addr_reg_2182                       |   3|   0|    3|          0|
    |shift_reg_10_addr_reg_2092                      |   3|   0|    3|          0|
    |shift_reg_11_addr_reg_2083                      |   3|   0|    3|          0|
    |shift_reg_12_addr_reg_2074                      |   3|   0|    3|          0|
    |shift_reg_13_addr_reg_2065                      |   3|   0|    3|          0|
    |shift_reg_14_addr_reg_2051                      |   3|   0|    3|          0|
    |shift_reg_1_addr_reg_2173                       |   3|   0|    3|          0|
    |shift_reg_2_addr_reg_2164                       |   3|   0|    3|          0|
    |shift_reg_3_addr_reg_2155                       |   3|   0|    3|          0|
    |shift_reg_4_addr_reg_2146                       |   3|   0|    3|          0|
    |shift_reg_5_addr_reg_2137                       |   3|   0|    3|          0|
    |shift_reg_6_addr_reg_2128                       |   3|   0|    3|          0|
    |shift_reg_7_addr_reg_2119                       |   3|   0|    3|          0|
    |shift_reg_8_addr_reg_2110                       |   3|   0|    3|          0|
    |shift_reg_9_addr_reg_2101                       |   3|   0|    3|          0|
    |tmp_10_reg_2142                                 |   1|   0|    1|          0|
    |tmp_11_reg_2151                                 |   1|   0|    1|          0|
    |tmp_12_reg_2160                                 |   1|   0|    1|          0|
    |tmp_13_reg_2169                                 |   1|   0|    1|          0|
    |tmp_14_reg_2178                                 |   1|   0|    1|          0|
    |tmp_15_reg_2187                                 |   1|   0|    1|          0|
    |tmp_16_reg_2133                                 |   1|   0|    1|          0|
    |tmp_17_reg_2206                                 |   1|   0|    1|          0|
    |tmp_1_reg_2061                                  |   1|   0|    1|          0|
    |tmp_3_reg_2088                                  |   1|   0|    1|          0|
    |tmp_4_10_reg_2334                               |   1|   0|    1|          0|
    |tmp_4_11_reg_2344                               |   1|   0|    1|          0|
    |tmp_4_12_reg_2354                               |   1|   0|    1|          0|
    |tmp_4_13_reg_2364                               |   1|   0|    1|          0|
    |tmp_4_14_reg_2374                               |   1|   0|    1|          0|
    |tmp_4_1_reg_2220                                |   1|   0|    1|          0|
    |tmp_4_2_reg_2234                                |   1|   0|    1|          0|
    |tmp_4_3_reg_2254                                |   1|   0|    1|          0|
    |tmp_4_4_reg_2264                                |   1|   0|    1|          0|
    |tmp_4_5_reg_2274                                |   1|   0|    1|          0|
    |tmp_4_6_reg_2284                                |   1|   0|    1|          0|
    |tmp_4_7_reg_2294                                |   1|   0|    1|          0|
    |tmp_4_8_reg_2304                                |   1|   0|    1|          0|
    |tmp_4_9_reg_2314                                |   1|   0|    1|          0|
    |tmp_4_reg_2097                                  |   1|   0|    1|          0|
    |tmp_4_s_reg_2324                                |   1|   0|    1|          0|
    |tmp_50_reg_2196                                 |   4|   0|    4|          0|
    |tmp_5_reg_2079                                  |   1|   0|    1|          0|
    |tmp_6_10_reg_2752                               |  32|   0|   32|          0|
    |tmp_6_12_reg_2783                               |  32|   0|   32|          0|
    |tmp_6_13_reg_2788                               |  32|   0|   32|          0|
    |tmp_6_1_reg_2509                                |  32|   0|   32|          0|
    |tmp_6_2_reg_2514                                |  32|   0|   32|          0|
    |tmp_6_4_reg_2595                                |  32|   0|   32|          0|
    |tmp_6_5_reg_2600                                |  32|   0|   32|          0|
    |tmp_6_7_reg_2681                                |  32|   0|   32|          0|
    |tmp_6_8_reg_2686                                |  32|   0|   32|          0|
    |tmp_6_reg_2106                                  |   1|   0|    1|          0|
    |tmp_6_s_reg_2747                                |  32|   0|   32|          0|
    |tmp_7_reg_2115                                  |   1|   0|    1|          0|
    |tmp_8_reg_2124                                  |   1|   0|    1|          0|
    |tmp_9_reg_2056                                  |   4|   0|    4|          0|
    |tmp_reg_2047                                    |   1|   0|    1|          0|
    |tmp_s_reg_2070                                  |   1|   0|    1|          0|
    |acc_reg_668                                     |   0|   0|   32|         32|
    |i_3_10_reg_2338                                 |   0|   8|    8|          0|
    |i_3_11_reg_2348                                 |   0|   8|    8|          0|
    |i_3_12_reg_2358                                 |   0|   8|    8|          0|
    |i_3_13_reg_2368                                 |   0|   8|    8|          0|
    |i_3_8_reg_2308                                  |   0|   8|    8|          0|
    |i_3_9_reg_2318                                  |   0|   8|    8|          0|
    |i_3_s_reg_2328                                  |   0|   8|    8|          0|
    |tmp_17_reg_2206                                 |   0|   1|    1|          0|
    |tmp_4_10_reg_2334                               |   0|   1|    1|          0|
    |tmp_4_11_reg_2344                               |   0|   1|    1|          0|
    |tmp_4_12_reg_2354                               |   0|   1|    1|          0|
    |tmp_4_13_reg_2364                               |   0|   1|    1|          0|
    |tmp_4_14_reg_2374                               |   0|   1|    1|          0|
    |tmp_4_1_reg_2220                                |   0|   1|    1|          0|
    |tmp_4_2_reg_2234                                |   0|   1|    1|          0|
    |tmp_4_3_reg_2254                                |   0|   1|    1|          0|
    |tmp_4_4_reg_2264                                |   0|   1|    1|          0|
    |tmp_4_5_reg_2274                                |   0|   1|    1|          0|
    |tmp_4_6_reg_2284                                |   0|   1|    1|          0|
    |tmp_4_7_reg_2294                                |   0|   1|    1|          0|
    |tmp_4_8_reg_2304                                |   0|   1|    1|          0|
    |tmp_4_9_reg_2314                                |   0|   1|    1|          0|
    |tmp_4_s_reg_2324                                |   0|   1|    1|          0|
    +------------------------------------------------+----+----+-----+-----------+
    |Total                                           | 785|  72|  921|         64|
    +------------------------------------------------+----+----+-----+-----------+



================================================================
== Interface
================================================================
* Summary: 
+----------+-----+-----+------------+--------------+--------------+
| RTL Ports| Dir | Bits|  Protocol  | Source Object|    C Type    |
+----------+-----+-----+------------+--------------+--------------+
|ap_clk    |  in |    1| ap_ctrl_hs |      fir     | return value |
|ap_rst    |  in |    1| ap_ctrl_hs |      fir     | return value |
|ap_start  |  in |    1| ap_ctrl_hs |      fir     | return value |
|ap_done   | out |    1| ap_ctrl_hs |      fir     | return value |
|ap_idle   | out |    1| ap_ctrl_hs |      fir     | return value |
|ap_ready  | out |    1| ap_ctrl_hs |      fir     | return value |
|y         | out |   32|   ap_vld   |       y      |    pointer   |
|y_ap_vld  | out |    1|   ap_vld   |       y      |    pointer   |
|x         |  in |   32|   ap_none  |       x      |    scalar    |
+----------+-----+-----+------------+--------------+--------------+

