

================================================================
== Vivado HLS Report for 'fir'
================================================================
* Date:           Tue Oct 04 10:31:32 2016

* Version:        2015.4 (Build 1412921 on Wed Nov 18 09:58:55 AM 2015)
* Project:        fir128_optimized
* Solution:       solution1
* Product family: zynq
* Target device:  xc7z020clg484-1


================================================================
== Performance Estimates
================================================================
+ Timing (ns): 
    * Summary: 
    +--------+-------+----------+------------+
    |  Clock | Target| Estimated| Uncertainty|
    +--------+-------+----------+------------+
    |ap_clk  |   6.00|      4.88|        0.75|
    +--------+-------+----------+------------+

+ Latency (clock cycles): 
    * Summary: 
    +-----+-----+-----+-----+---------+
    |  Latency  |  Interval | Pipeline|
    | min | max | min | max |   Type  |
    +-----+-----+-----+-----+---------+
    |   42|   42|   43|   43|   none  |
    +-----+-----+-----+-----+---------+

    + Detail: 
        * Instance: 
        N/A

        * Loop: 
        +----------+-----+-----+----------+-----------+-----------+------+----------+
        |          |  Latency  | Iteration|  Initiation Interval  | Trip |          |
        | Loop Name| min | max |  Latency |  achieved |   target  | Count| Pipelined|
        +----------+-----+-----+----------+-----------+-----------+------+----------+
        |- TDL     |   17|   17|         4|          2|          1|     8|    yes   |
        |- MAC     |   21|   21|        14|          1|          1|     8|    yes   |
        +----------+-----+-----+----------+-----------+-----------+------+----------+



================================================================
== Utilization Estimates
================================================================
* Summary: 
+-----------------+---------+-------+--------+-------+
|       Name      | BRAM_18K| DSP48E|   FF   |  LUT  |
+-----------------+---------+-------+--------+-------+
|DSP              |        -|      -|       -|      -|
|Expression       |        -|      -|       0|    864|
|FIFO             |        -|      -|       -|      -|
|Instance         |        -|     30|       0|      0|
|Memory           |       24|      -|       0|      0|
|Multiplexer      |        -|      -|       -|    270|
|Register         |        -|      -|     822|     96|
+-----------------+---------+-------+--------+-------+
|Total            |       24|     30|     822|   1230|
+-----------------+---------+-------+--------+-------+
|Available        |      280|    220|  106400|  53200|
+-----------------+---------+-------+--------+-------+
|Utilization (%)  |        8|     13|   ~0   |      2|
+-----------------+---------+-------+--------+-------+

+ Detail: 
    * Instance: 
    +-------------------------+---------------------+---------+-------+---+----+
    |         Instance        |        Module       | BRAM_18K| DSP48E| FF| LUT|
    +-------------------------+---------------------+---------+-------+---+----+
    |fir_mul_32s_5s_32_5_U1   |fir_mul_32s_5s_32_5  |        0|      2|  0|   0|
    |fir_mul_5s_32s_32_5_U0   |fir_mul_5s_32s_32_5  |        0|      2|  0|   0|
    |fir_mul_5s_32s_32_5_U2   |fir_mul_5s_32s_32_5  |        0|      2|  0|   0|
    |fir_mul_5s_32s_32_5_U3   |fir_mul_5s_32s_32_5  |        0|      2|  0|   0|
    |fir_mul_5s_32s_32_5_U4   |fir_mul_5s_32s_32_5  |        0|      2|  0|   0|
    |fir_mul_5s_32s_32_5_U5   |fir_mul_5s_32s_32_5  |        0|      2|  0|   0|
    |fir_mul_5s_32s_32_5_U6   |fir_mul_5s_32s_32_5  |        0|      2|  0|   0|
    |fir_mul_5s_32s_32_5_U7   |fir_mul_5s_32s_32_5  |        0|      2|  0|   0|
    |fir_mul_5s_32s_32_5_U8   |fir_mul_5s_32s_32_5  |        0|      2|  0|   0|
    |fir_mul_5s_32s_32_5_U9   |fir_mul_5s_32s_32_5  |        0|      2|  0|   0|
    |fir_mul_5s_32s_32_5_U10  |fir_mul_5s_32s_32_5  |        0|      2|  0|   0|
    |fir_mul_5s_32s_32_5_U11  |fir_mul_5s_32s_32_5  |        0|      2|  0|   0|
    |fir_mul_5s_32s_32_5_U12  |fir_mul_5s_32s_32_5  |        0|      2|  0|   0|
    |fir_mul_5s_32s_32_5_U13  |fir_mul_5s_32s_32_5  |        0|      2|  0|   0|
    |fir_mul_5s_32s_32_5_U14  |fir_mul_5s_32s_32_5  |        0|      2|  0|   0|
    +-------------------------+---------------------+---------+-------+---+----+
    |Total                    |                     |        0|     30|  0|   0|
    +-------------------------+---------------------+---------+-------+---+----+

    * DSP48: 
    N/A

    * Memory: 
    +----------------+------------------+---------+---+----+------+-----+------+-------------+
    |     Memory     |      Module      | BRAM_18K| FF| LUT| Words| Bits| Banks| W*Bits*Banks|
    +----------------+------------------+---------+---+----+------+-----+------+-------------+
    |c_0_U           |fir_c_0           |        1|  0|   0|    16|    5|     1|           80|
    |c_2_U           |fir_c_2           |        1|  0|   0|    16|    5|     1|           80|
    |c_1_U           |fir_c_2           |        1|  0|   0|    16|    5|     1|           80|
    |c_3_U           |fir_c_3           |        1|  0|   0|    16|    5|     1|           80|
    |c_4_U           |fir_c_4           |        1|  0|   0|    16|    5|     1|           80|
    |c_5_U           |fir_c_5           |        1|  0|   0|    16|    5|     1|           80|
    |c_6_U           |fir_c_6           |        1|  0|   0|    16|    5|     1|           80|
    |c_7_U           |fir_c_7           |        1|  0|   0|    16|    5|     1|           80|
    |shift_reg_14_U  |fir_shift_reg_14  |        1|  0|   0|     8|   32|     1|          256|
    |shift_reg_15_U  |fir_shift_reg_14  |        1|  0|   0|     8|   32|     1|          256|
    |shift_reg_13_U  |fir_shift_reg_14  |        1|  0|   0|     8|   32|     1|          256|
    |shift_reg_12_U  |fir_shift_reg_14  |        1|  0|   0|     8|   32|     1|          256|
    |shift_reg_11_U  |fir_shift_reg_14  |        1|  0|   0|     8|   32|     1|          256|
    |shift_reg_10_U  |fir_shift_reg_14  |        1|  0|   0|     8|   32|     1|          256|
    |shift_reg_9_U   |fir_shift_reg_14  |        1|  0|   0|     8|   32|     1|          256|
    |shift_reg_8_U   |fir_shift_reg_14  |        1|  0|   0|     8|   32|     1|          256|
    |shift_reg_7_U   |fir_shift_reg_14  |        1|  0|   0|     8|   32|     1|          256|
    |shift_reg_6_U   |fir_shift_reg_14  |        1|  0|   0|     8|   32|     1|          256|
    |shift_reg_5_U   |fir_shift_reg_14  |        1|  0|   0|     8|   32|     1|          256|
    |shift_reg_4_U   |fir_shift_reg_14  |        1|  0|   0|     8|   32|     1|          256|
    |shift_reg_3_U   |fir_shift_reg_14  |        1|  0|   0|     8|   32|     1|          256|
    |shift_reg_2_U   |fir_shift_reg_14  |        1|  0|   0|     8|   32|     1|          256|
    |shift_reg_1_U   |fir_shift_reg_14  |        1|  0|   0|     8|   32|     1|          256|
    |shift_reg_0_U   |fir_shift_reg_14  |        1|  0|   0|     8|   32|     1|          256|
    +----------------+------------------+---------+---+----+------+-----+------+-------------+
    |Total           |                  |       24|  0|   0|   256|  552|    24|         4736|
    +----------------+------------------+---------+---+----+------+-----+------+-------------+

    * FIFO: 
    N/A

    * Expression: 
    +---------------------+----------+-------+---+----+------------+------------+
    |    Variable Name    | Operation| DSP48E| FF| LUT| Bitwidth P0| Bitwidth P1|
    +---------------------+----------+-------+---+----+------------+------------+
    |acc_1_10_fu_2173_p2  |     +    |      0|  0|  32|          32|          32|
    |acc_1_11_fu_2177_p2  |     +    |      0|  0|  32|          32|          32|
    |acc_1_12_fu_2183_p2  |     +    |      0|  0|  32|          32|          32|
    |acc_1_13_fu_2187_p2  |     +    |      0|  0|  32|          32|          32|
    |acc_1_1_fu_1951_p2   |     +    |      0|  0|  32|          32|          32|
    |acc_1_2_fu_1955_p2   |     +    |      0|  0|  32|          32|          32|
    |acc_1_3_fu_2037_p2   |     +    |      0|  0|  32|          32|          32|
    |acc_1_4_fu_2041_p2   |     +    |      0|  0|  32|          32|          32|
    |acc_1_5_fu_2095_p2   |     +    |      0|  0|  32|          32|          32|
    |acc_1_6_fu_2099_p2   |     +    |      0|  0|  32|          32|          32|
    |acc_1_7_fu_2143_p2   |     +    |      0|  0|  32|          32|          32|
    |acc_1_8_fu_2147_p2   |     +    |      0|  0|  32|          32|          32|
    |acc_1_9_fu_2163_p2   |     +    |      0|  0|  32|          32|          32|
    |acc_1_fu_1869_p2     |     +    |      0|  0|  32|          32|           1|
    |acc_1_s_fu_2167_p2   |     +    |      0|  0|  32|          32|          32|
    |i_2_10_fu_1161_p2    |     +    |      0|  0|   8|           8|           5|
    |i_2_11_fu_1192_p2    |     +    |      0|  0|   8|           8|           5|
    |i_2_12_fu_1223_p2    |     +    |      0|  0|   8|           8|           5|
    |i_2_13_fu_1254_p2    |     +    |      0|  0|   8|           8|           5|
    |i_2_14_fu_1285_p2    |     +    |      0|  0|   8|           8|           6|
    |i_2_1_fu_851_p2      |     +    |      0|  0|   8|           8|           3|
    |i_2_2_fu_882_p2      |     +    |      0|  0|   8|           8|           3|
    |i_2_3_fu_913_p2      |     +    |      0|  0|   8|           8|           4|
    |i_2_4_fu_944_p2      |     +    |      0|  0|   8|           8|           4|
    |i_2_5_fu_975_p2      |     +    |      0|  0|   8|           8|           4|
    |i_2_6_fu_1006_p2     |     +    |      0|  0|   8|           8|           4|
    |i_2_7_fu_1037_p2     |     +    |      0|  0|   8|           8|           5|
    |i_2_8_fu_1068_p2     |     +    |      0|  0|   8|           8|           5|
    |i_2_9_fu_1099_p2     |     +    |      0|  0|   8|           8|           5|
    |i_2_fu_814_p2        |     +    |      0|  0|   8|           8|           2|
    |i_2_s_fu_1130_p2     |     +    |      0|  0|   8|           8|           5|
    |i_3_10_fu_1511_p2    |     +    |      0|  0|   8|           8|           5|
    |i_3_11_fu_1523_p2    |     +    |      0|  0|   8|           8|           5|
    |i_3_12_fu_1535_p2    |     +    |      0|  0|   8|           8|           5|
    |i_3_13_fu_1547_p2    |     +    |      0|  0|   8|           8|           5|
    |i_3_14_fu_1559_p2    |     +    |      0|  0|   8|           8|           6|
    |i_3_1_fu_1391_p2     |     +    |      0|  0|   8|           8|           3|
    |i_3_2_fu_1403_p2     |     +    |      0|  0|   8|           8|           3|
    |i_3_3_fu_1415_p2     |     +    |      0|  0|   8|           8|           4|
    |i_3_4_fu_1427_p2     |     +    |      0|  0|   8|           8|           4|
    |i_3_5_fu_1439_p2     |     +    |      0|  0|   8|           8|           4|
    |i_3_6_fu_1451_p2     |     +    |      0|  0|   8|           8|           4|
    |i_3_7_fu_1463_p2     |     +    |      0|  0|   8|           8|           5|
    |i_3_8_fu_1475_p2     |     +    |      0|  0|   8|           8|           5|
    |i_3_9_fu_1487_p2     |     +    |      0|  0|   8|           8|           5|
    |i_3_fu_1349_p2       |     +    |      0|  0|   8|           8|           2|
    |i_3_s_fu_1499_p2     |     +    |      0|  0|   8|           8|           5|
    |tmp_9_fu_2207_p2     |     +    |      0|  0|  16|          32|          32|
    |y                    |     +    |      0|  0|  16|          32|          32|
    |tmp_10_fu_1124_p2    |   icmp   |      0|  0|   3|           8|           1|
    |tmp_11_fu_1155_p2    |   icmp   |      0|  0|   3|           8|           1|
    |tmp_12_fu_1186_p2    |   icmp   |      0|  0|   3|           8|           1|
    |tmp_13_fu_1217_p2    |   icmp   |      0|  0|   3|           8|           1|
    |tmp_14_fu_1248_p2    |   icmp   |      0|  0|   3|           8|           1|
    |tmp_15_fu_1279_p2    |   icmp   |      0|  0|   3|           8|           1|
    |tmp_16_fu_1093_p2    |   icmp   |      0|  0|   3|           8|           1|
    |tmp_17_fu_1313_p2    |   icmp   |      0|  0|   3|           8|           1|
    |tmp_1_fu_845_p2      |   icmp   |      0|  0|   3|           8|           1|
    |tmp_3_fu_938_p2      |   icmp   |      0|  0|   3|           8|           1|
    |tmp_4_10_fu_1505_p2  |   icmp   |      0|  0|   3|           8|           1|
    |tmp_4_11_fu_1517_p2  |   icmp   |      0|  0|   3|           8|           1|
    |tmp_4_12_fu_1529_p2  |   icmp   |      0|  0|   3|           8|           1|
    |tmp_4_13_fu_1541_p2  |   icmp   |      0|  0|   3|           8|           1|
    |tmp_4_14_fu_1553_p2  |   icmp   |      0|  0|   3|           8|           1|
    |tmp_4_1_fu_1355_p2   |   icmp   |      0|  0|   3|           8|           1|
    |tmp_4_2_fu_1397_p2   |   icmp   |      0|  0|   3|           8|           1|
    |tmp_4_3_fu_1409_p2   |   icmp   |      0|  0|   3|           8|           1|
    |tmp_4_4_fu_1421_p2   |   icmp   |      0|  0|   3|           8|           1|
    |tmp_4_5_fu_1433_p2   |   icmp   |      0|  0|   3|           8|           1|
    |tmp_4_6_fu_1445_p2   |   icmp   |      0|  0|   3|           8|           1|
    |tmp_4_7_fu_1457_p2   |   icmp   |      0|  0|   3|           8|           1|
    |tmp_4_8_fu_1469_p2   |   icmp   |      0|  0|   3|           8|           1|
    |tmp_4_9_fu_1481_p2   |   icmp   |      0|  0|   3|           8|           1|
    |tmp_4_fu_969_p2      |   icmp   |      0|  0|   3|           8|           1|
    |tmp_4_s_fu_1493_p2   |   icmp   |      0|  0|   3|           8|           1|
    |tmp_5_fu_907_p2      |   icmp   |      0|  0|   3|           8|           1|
    |tmp_6_fu_1000_p2     |   icmp   |      0|  0|   3|           8|           1|
    |tmp_7_fu_1031_p2     |   icmp   |      0|  0|   3|           8|           1|
    |tmp_8_fu_1062_p2     |   icmp   |      0|  0|   3|           8|           1|
    |tmp_fu_808_p2        |   icmp   |      0|  0|   3|           8|           1|
    |tmp_s_fu_876_p2      |   icmp   |      0|  0|   3|           8|           1|
    +---------------------+----------+-------+---+----+------------+------------+
    |Total                |          |      0|  0| 864|        1056|         685|
    +---------------------+----------+-------+---+----+------------+------------+

    * Multiplexer: 
    +------------------------+-----+-----------+-----+-----------+
    |          Name          | LUT | Input Size| Bits| Total Bits|
    +------------------------+-----+-----------+-----+-----------+
    |acc_lcssa_reg_770       |  160|         16|   32|        512|
    |ap_NS_fsm               |    1|          7|    1|          7|
    |ap_reg_ppiten_pp1_it1   |    1|          2|    1|          2|
    |ap_reg_ppiten_pp1_it13  |    1|          2|    1|          2|
    |i_1_reg_759             |    8|          2|    8|         16|
    |i_phi_fu_740_p4         |    8|          2|    8|         16|
    |i_reg_736               |    8|          2|    8|         16|
    |shift_reg_0_address0    |    3|          3|    3|          9|
    |shift_reg_0_address1    |    3|          3|    3|          9|
    |shift_reg_0_d1          |   32|          3|   32|         96|
    |shift_reg_10_address0   |    3|          3|    3|          9|
    |shift_reg_11_address0   |    3|          3|    3|          9|
    |shift_reg_12_address0   |    3|          3|    3|          9|
    |shift_reg_13_address0   |    3|          3|    3|          9|
    |shift_reg_14_address0   |    3|          3|    3|          9|
    |shift_reg_15_address0   |    3|          3|    3|          9|
    |shift_reg_1_address0    |    3|          3|    3|          9|
    |shift_reg_2_address0    |    3|          3|    3|          9|
    |shift_reg_3_address0    |    3|          3|    3|          9|
    |shift_reg_4_address0    |    3|          3|    3|          9|
    |shift_reg_5_address0    |    3|          3|    3|          9|
    |shift_reg_6_address0    |    3|          3|    3|          9|
    |shift_reg_7_address0    |    3|          3|    3|          9|
    |shift_reg_8_address0    |    3|          3|    3|          9|
    |shift_reg_9_address0    |    3|          3|    3|          9|
    +------------------------+-----+-----------+-----+-----------+
    |Total                   |  270|         87|  142|        820|
    +------------------------+-----+-----------+-----+-----------+

    * Register: 
    +------------------------------------------------+----+----+-----+-----------+
    |                      Name                      | FF | LUT| Bits| Const Bits|
    +------------------------------------------------+----+----+-----+-----------+
    |acc_1_11_reg_2970                               |  32|   0|   32|          0|
    |acc_1_12_reg_2981                               |  32|   0|   32|          0|
    |acc_1_2_reg_2790                                |  32|   0|   32|          0|
    |acc_1_4_reg_2846                                |  32|   0|   32|          0|
    |acc_1_6_reg_2892                                |  32|   0|   32|          0|
    |acc_1_8_reg_2928                                |  32|   0|   32|          0|
    |acc_1_reg_2734                                  |  32|   0|   32|          0|
    |acc_1_s_reg_2954                                |  32|   0|   32|          0|
    |acc_lcssa_reg_770                               |  32|   0|   32|          0|
    |acc_reg_747                                     |   0|   0|   32|         32|
    |ap_CS_fsm                                       |   6|   0|    6|          0|
    |ap_reg_ppiten_pp0_it0                           |   1|   0|    1|          0|
    |ap_reg_ppiten_pp0_it1                           |   1|   0|    1|          0|
    |ap_reg_ppiten_pp1_it0                           |   1|   0|    1|          0|
    |ap_reg_ppiten_pp1_it1                           |   1|   0|    1|          0|
    |ap_reg_ppiten_pp1_it10                          |   1|   0|    1|          0|
    |ap_reg_ppiten_pp1_it11                          |   1|   0|    1|          0|
    |ap_reg_ppiten_pp1_it12                          |   1|   0|    1|          0|
    |ap_reg_ppiten_pp1_it13                          |   1|   0|    1|          0|
    |ap_reg_ppiten_pp1_it2                           |   1|   0|    1|          0|
    |ap_reg_ppiten_pp1_it3                           |   1|   0|    1|          0|
    |ap_reg_ppiten_pp1_it4                           |   1|   0|    1|          0|
    |ap_reg_ppiten_pp1_it5                           |   1|   0|    1|          0|
    |ap_reg_ppiten_pp1_it6                           |   1|   0|    1|          0|
    |ap_reg_ppiten_pp1_it7                           |   1|   0|    1|          0|
    |ap_reg_ppiten_pp1_it8                           |   1|   0|    1|          0|
    |ap_reg_ppiten_pp1_it9                           |   1|   0|    1|          0|
    |ap_reg_ppstg_i_3_3_reg_2449_pp1_it1             |   8|   0|    8|          0|
    |ap_reg_ppstg_i_3_4_reg_2459_pp1_it1             |   8|   0|    8|          0|
    |ap_reg_ppstg_shift_reg_0_addr_reg_2376_pp0_it1  |   3|   0|    3|          0|
    |ap_reg_ppstg_tmp_10_reg_2332_pp0_it1            |   1|   0|    1|          0|
    |ap_reg_ppstg_tmp_11_reg_2342_pp0_it1            |   1|   0|    1|          0|
    |ap_reg_ppstg_tmp_12_reg_2352_pp0_it1            |   1|   0|    1|          0|
    |ap_reg_ppstg_tmp_13_reg_2362_pp0_it1            |   1|   0|    1|          0|
    |ap_reg_ppstg_tmp_14_reg_2372_pp0_it1            |   1|   0|    1|          0|
    |ap_reg_ppstg_tmp_15_reg_2382_pp0_it1            |   1|   0|    1|          0|
    |ap_reg_ppstg_tmp_16_reg_2322_pp0_it1            |   1|   0|    1|          0|
    |ap_reg_ppstg_tmp_1_reg_2242_pp0_it1             |   1|   0|    1|          0|
    |ap_reg_ppstg_tmp_3_reg_2272_pp0_it1             |   1|   0|    1|          0|
    |ap_reg_ppstg_tmp_4_reg_2282_pp0_it1             |   1|   0|    1|          0|
    |ap_reg_ppstg_tmp_5_reg_2262_pp0_it1             |   1|   0|    1|          0|
    |ap_reg_ppstg_tmp_6_reg_2292_pp0_it1             |   1|   0|    1|          0|
    |ap_reg_ppstg_tmp_7_reg_2302_pp0_it1             |   1|   0|    1|          0|
    |ap_reg_ppstg_tmp_8_reg_2312_pp0_it1             |   1|   0|    1|          0|
    |ap_reg_ppstg_tmp_reg_2227_pp0_it1               |   1|   0|    1|          0|
    |ap_reg_ppstg_tmp_s_reg_2252_pp0_it1             |   1|   0|    1|          0|
    |i_1_reg_759                                     |   8|   0|    8|          0|
    |i_2_14_reg_2386                                 |   8|   0|    8|          0|
    |i_3_10_reg_2529                                 |   8|   0|    8|          0|
    |i_3_11_reg_2539                                 |   8|   0|    8|          0|
    |i_3_12_reg_2549                                 |   8|   0|    8|          0|
    |i_3_13_reg_2559                                 |   8|   0|    8|          0|
    |i_3_1_reg_2429                                  |   8|   0|    8|          0|
    |i_3_2_reg_2439                                  |   8|   0|    8|          0|
    |i_3_3_reg_2449                                  |   8|   0|    8|          0|
    |i_3_4_reg_2459                                  |   8|   0|    8|          0|
    |i_3_5_reg_2469                                  |   8|   0|    8|          0|
    |i_3_6_reg_2479                                  |   8|   0|    8|          0|
    |i_3_7_reg_2489                                  |   8|   0|    8|          0|
    |i_3_8_reg_2499                                  |   8|   0|    8|          0|
    |i_3_9_reg_2509                                  |   8|   0|    8|          0|
    |i_3_s_reg_2519                                  |   8|   0|    8|          0|
    |i_reg_736                                       |   8|   0|    8|          0|
    |shift_reg_0_addr_reg_2376                       |   3|   0|    3|          0|
    |shift_reg_10_addr_reg_2276                      |   3|   0|    3|          0|
    |shift_reg_11_addr_reg_2266                      |   3|   0|    3|          0|
    |shift_reg_12_addr_reg_2256                      |   3|   0|    3|          0|
    |shift_reg_13_addr_reg_2246                      |   3|   0|    3|          0|
    |shift_reg_14_addr_reg_2231                      |   3|   0|    3|          0|
    |shift_reg_1_addr_reg_2366                       |   3|   0|    3|          0|
    |shift_reg_2_addr_reg_2356                       |   3|   0|    3|          0|
    |shift_reg_3_addr_reg_2346                       |   3|   0|    3|          0|
    |shift_reg_4_addr_reg_2336                       |   3|   0|    3|          0|
    |shift_reg_5_addr_reg_2326                       |   3|   0|    3|          0|
    |shift_reg_6_addr_reg_2316                       |   3|   0|    3|          0|
    |shift_reg_7_addr_reg_2306                       |   3|   0|    3|          0|
    |shift_reg_8_addr_reg_2296                       |   3|   0|    3|          0|
    |shift_reg_9_addr_reg_2286                       |   3|   0|    3|          0|
    |tmp_10_reg_2332                                 |   1|   0|    1|          0|
    |tmp_11_reg_2342                                 |   1|   0|    1|          0|
    |tmp_12_reg_2352                                 |   1|   0|    1|          0|
    |tmp_13_reg_2362                                 |   1|   0|    1|          0|
    |tmp_14_reg_2372                                 |   1|   0|    1|          0|
    |tmp_15_reg_2382                                 |   1|   0|    1|          0|
    |tmp_16_reg_2322                                 |   1|   0|    1|          0|
    |tmp_17_reg_2401                                 |   1|   0|    1|          0|
    |tmp_1_reg_2242                                  |   1|   0|    1|          0|
    |tmp_35_reg_2237                                 |   4|   0|    4|          0|
    |tmp_3_reg_2272                                  |   1|   0|    1|          0|
    |tmp_4_10_reg_2525                               |   1|   0|    1|          0|
    |tmp_4_11_reg_2535                               |   1|   0|    1|          0|
    |tmp_4_12_reg_2545                               |   1|   0|    1|          0|
    |tmp_4_13_reg_2555                               |   1|   0|    1|          0|
    |tmp_4_14_reg_2565                               |   1|   0|    1|          0|
    |tmp_4_1_reg_2415                                |   1|   0|    1|          0|
    |tmp_4_2_reg_2435                                |   1|   0|    1|          0|
    |tmp_4_3_reg_2445                                |   1|   0|    1|          0|
    |tmp_4_4_reg_2455                                |   1|   0|    1|          0|
    |tmp_4_5_reg_2465                                |   1|   0|    1|          0|
    |tmp_4_6_reg_2475                                |   1|   0|    1|          0|
    |tmp_4_7_reg_2485                                |   1|   0|    1|          0|
    |tmp_4_8_reg_2495                                |   1|   0|    1|          0|
    |tmp_4_9_reg_2505                                |   1|   0|    1|          0|
    |tmp_4_reg_2282                                  |   1|   0|    1|          0|
    |tmp_4_s_reg_2515                                |   1|   0|    1|          0|
    |tmp_50_reg_2391                                 |   4|   0|    4|          0|
    |tmp_5_reg_2262                                  |   1|   0|    1|          0|
    |tmp_6_10_reg_2960                               |  32|   0|   32|          0|
    |tmp_6_12_reg_2976                               |  32|   0|   32|          0|
    |tmp_6_13_reg_2987                               |  32|   0|   32|          0|
    |tmp_6_1_reg_2740                                |  32|   0|   32|          0|
    |tmp_6_3_reg_2796                                |  32|   0|   32|          0|
    |tmp_6_5_reg_2852                                |  32|   0|   32|          0|
    |tmp_6_7_reg_2898                                |  32|   0|   32|          0|
    |tmp_6_9_reg_2934                                |  32|   0|   32|          0|
    |tmp_6_reg_2292                                  |   1|   0|    1|          0|
    |tmp_7_reg_2302                                  |   1|   0|    1|          0|
    |tmp_8_reg_2312                                  |   1|   0|    1|          0|
    |tmp_reg_2227                                    |   1|   0|    1|          0|
    |tmp_s_reg_2252                                  |   1|   0|    1|          0|
    |acc_reg_747                                     |   0|   0|   32|         32|
    |i_3_10_reg_2529                                 |   0|   8|    8|          0|
    |i_3_11_reg_2539                                 |   0|   8|    8|          0|
    |i_3_12_reg_2549                                 |   0|   8|    8|          0|
    |i_3_13_reg_2559                                 |   0|   8|    8|          0|
    |i_3_5_reg_2469                                  |   0|   8|    8|          0|
    |i_3_6_reg_2479                                  |   0|   8|    8|          0|
    |i_3_7_reg_2489                                  |   0|   8|    8|          0|
    |i_3_8_reg_2499                                  |   0|   8|    8|          0|
    |i_3_9_reg_2509                                  |   0|   8|    8|          0|
    |i_3_s_reg_2519                                  |   0|   8|    8|          0|
    |tmp_17_reg_2401                                 |   0|   1|    1|          0|
    |tmp_4_10_reg_2525                               |   0|   1|    1|          0|
    |tmp_4_11_reg_2535                               |   0|   1|    1|          0|
    |tmp_4_12_reg_2545                               |   0|   1|    1|          0|
    |tmp_4_13_reg_2555                               |   0|   1|    1|          0|
    |tmp_4_14_reg_2565                               |   0|   1|    1|          0|
    |tmp_4_1_reg_2415                                |   0|   1|    1|          0|
    |tmp_4_2_reg_2435                                |   0|   1|    1|          0|
    |tmp_4_3_reg_2445                                |   0|   1|    1|          0|
    |tmp_4_4_reg_2455                                |   0|   1|    1|          0|
    |tmp_4_5_reg_2465                                |   0|   1|    1|          0|
    |tmp_4_6_reg_2475                                |   0|   1|    1|          0|
    |tmp_4_7_reg_2485                                |   0|   1|    1|          0|
    |tmp_4_8_reg_2495                                |   0|   1|    1|          0|
    |tmp_4_9_reg_2505                                |   0|   1|    1|          0|
    |tmp_4_s_reg_2515                                |   0|   1|    1|          0|
    +------------------------------------------------+----+----+-----+-----------+
    |Total                                           | 822|  96|  982|         64|
    +------------------------------------------------+----+----+-----+-----------+



================================================================
== Interface
================================================================
* Summary: 
+----------+-----+-----+------------+--------------+--------------+
| RTL Ports| Dir | Bits|  Protocol  | Source Object|    C Type    |
+----------+-----+-----+------------+--------------+--------------+
|ap_clk    |  in |    1| ap_ctrl_hs |      fir     | return value |
|ap_rst    |  in |    1| ap_ctrl_hs |      fir     | return value |
|ap_start  |  in |    1| ap_ctrl_hs |      fir     | return value |
|ap_done   | out |    1| ap_ctrl_hs |      fir     | return value |
|ap_idle   | out |    1| ap_ctrl_hs |      fir     | return value |
|ap_ready  | out |    1| ap_ctrl_hs |      fir     | return value |
|y         | out |   32|   ap_vld   |       y      |    pointer   |
|y_ap_vld  | out |    1|   ap_vld   |       y      |    pointer   |
|x         |  in |   32|   ap_none  |       x      |    scalar    |
+----------+-----+-----+------------+--------------+--------------+

