

================================================================
== Vivado HLS Report for 'dft'
================================================================
* Date:           Sun Oct 30 15:43:46 2016

* Version:        2015.4 (Build 1412921 on Wed Nov 18 09:58:55 AM 2015)
* Project:        dft256
* Solution:       lu_f_8_in_part
* Product family: zynq
* Target device:  xc7z020clg484-1


================================================================
== Performance Estimates
================================================================
+ Timing (ns): 
    * Summary: 
    +--------+-------+----------+------------+
    |  Clock | Target| Estimated| Uncertainty|
    +--------+-------+----------+------------+
    |ap_clk  |  10.00|      9.58|        1.25|
    +--------+-------+----------+------------+

+ Latency (clock cycles): 
    * Summary: 
    +--------+--------+--------+--------+---------+
    |     Latency     |     Interval    | Pipeline|
    |   min  |   max  |   min  |   max  |   Type  |
    +--------+--------+--------+--------+---------+
    |  418305|  418305|  418306|  418306|   none  |
    +--------+--------+--------+--------+---------+

    + Detail: 
        * Instance: 
        N/A

        * Loop: 
        +---------------+--------+--------+----------+-----------+-----------+------+----------+
        |               |     Latency     | Iteration|  Initiation Interval  | Trip |          |
        |   Loop Name   |   min  |   max  |  Latency |  achieved |   target  | Count| Pipelined|
        +---------------+--------+--------+----------+-----------+-----------+------+----------+
        |- Loop 1       |  418304|  418304|      1634|          -|          -|   256|    no    |
        | + dft_label6  |    1632|    1632|        51|          -|          -|    32|    no    |
        +---------------+--------+--------+----------+-----------+-----------+------+----------+



================================================================
== Utilization Estimates
================================================================
* Summary: 
+-----------------+---------+-------+--------+-------+
|       Name      | BRAM_18K| DSP48E|   FF   |  LUT  |
+-----------------+---------+-------+--------+-------+
|DSP              |        -|      -|       -|      -|
|Expression       |        -|      8|       0|     82|
|FIFO             |        -|      -|       -|      -|
|Instance         |        -|     36|    2374|   4908|
|Memory           |        2|      -|       0|      0|
|Multiplexer      |        -|      -|       -|    596|
|Register         |        -|      -|     693|      -|
+-----------------+---------+-------+--------+-------+
|Total            |        2|     44|    3067|   5586|
+-----------------+---------+-------+--------+-------+
|Available        |      280|    220|  106400|  53200|
+-----------------+---------+-------+--------+-------+
|Utilization (%)  |    ~0   |     20|       2|     10|
+-----------------+---------+-------+--------+-------+

+ Detail: 
    * Instance: 
    +-----------------------------------------+--------------------------------------+---------+-------+-----+-----+
    |                 Instance                |                Module                | BRAM_18K| DSP48E|  FF | LUT |
    +-----------------------------------------+--------------------------------------+---------+-------+-----+-----+
    |dft_fadd_32ns_32ns_32_5_full_dsp_U1      |dft_fadd_32ns_32ns_32_5_full_dsp      |        0|      2|  205|  390|
    |dft_fadd_32ns_32ns_32_5_full_dsp_U3      |dft_fadd_32ns_32ns_32_5_full_dsp      |        0|      2|  205|  390|
    |dft_fadd_32ns_32ns_32_5_full_dsp_U5      |dft_fadd_32ns_32ns_32_5_full_dsp      |        0|      2|  205|  390|
    |dft_faddfsub_32ns_32ns_32_5_full_dsp_U0  |dft_faddfsub_32ns_32ns_32_5_full_dsp  |        0|      2|  205|  390|
    |dft_fmul_32ns_32ns_32_4_max_dsp_U6       |dft_fmul_32ns_32ns_32_4_max_dsp       |        0|      3|  143|  321|
    |dft_fmul_32ns_32ns_32_4_max_dsp_U7       |dft_fmul_32ns_32ns_32_4_max_dsp       |        0|      3|  143|  321|
    |dft_fmul_32ns_32ns_32_4_max_dsp_U8       |dft_fmul_32ns_32ns_32_4_max_dsp       |        0|      3|  143|  321|
    |dft_fmul_32ns_32ns_32_4_max_dsp_U9       |dft_fmul_32ns_32ns_32_4_max_dsp       |        0|      3|  143|  321|
    |dft_fmul_32ns_32ns_32_4_max_dsp_U10      |dft_fmul_32ns_32ns_32_4_max_dsp       |        0|      3|  143|  321|
    |dft_fmul_32ns_32ns_32_4_max_dsp_U11      |dft_fmul_32ns_32ns_32_4_max_dsp       |        0|      3|  143|  321|
    |dft_fmul_32ns_32ns_32_4_max_dsp_U12      |dft_fmul_32ns_32ns_32_4_max_dsp       |        0|      3|  143|  321|
    |dft_fmul_32ns_32ns_32_4_max_dsp_U13      |dft_fmul_32ns_32ns_32_4_max_dsp       |        0|      3|  143|  321|
    |dft_fsub_32ns_32ns_32_5_full_dsp_U2      |dft_fsub_32ns_32ns_32_5_full_dsp      |        0|      2|  205|  390|
    |dft_fsub_32ns_32ns_32_5_full_dsp_U4      |dft_fsub_32ns_32ns_32_5_full_dsp      |        0|      2|  205|  390|
    +-----------------------------------------+--------------------------------------+---------+-------+-----+-----+
    |Total                                    |                                      |        0|     36| 2374| 4908|
    +-----------------------------------------+--------------------------------------+---------+-------+-----+-----+

    * DSP48: 
    N/A

    * Memory: 
    +--------------------------+----------------------------+---------+---+----+------+-----+------+-------------+
    |          Memory          |           Module           | BRAM_18K| FF| LUT| Words| Bits| Banks| W*Bits*Banks|
    +--------------------------+----------------------------+---------+---+----+------+-----+------+-------------+
    |cos_coefficients_table_U  |dft_cos_coefficients_table  |        1|  0|   0|   256|   32|     1|         8192|
    |sin_coefficients_table_U  |dft_sin_coefficients_table  |        1|  0|   0|   256|   32|     1|         8192|
    +--------------------------+----------------------------+---------+---+----+------+-----+------+-------------+
    |Total                     |                            |        2|  0|   0|   512|   64|     2|        16384|
    +--------------------------+----------------------------+---------+---+----+------+-----+------+-------------+

    * FIFO: 
    N/A

    * Expression: 
    +------------------------+----------+-------+---+----+------------+------------+
    |      Variable Name     | Operation| DSP48E| FF| LUT| Bitwidth P0| Bitwidth P1|
    +------------------------+----------+-------+---+----+------------+------------+
    |tmp_2_1_cast_fu_719_p2  |     *    |      1|  0|   0|           8|           8|
    |tmp_2_2_cast_fu_734_p2  |     *    |      1|  0|   0|           8|           8|
    |tmp_2_3_cast_fu_749_p2  |     *    |      1|  0|   0|           8|           8|
    |tmp_2_4_cast_fu_764_p2  |     *    |      1|  0|   0|           8|           8|
    |tmp_2_5_cast_fu_779_p2  |     *    |      1|  0|   0|           8|           8|
    |tmp_2_6_cast_fu_794_p2  |     *    |      1|  0|   0|           8|           8|
    |tmp_2_7_cast_fu_804_p2  |     *    |      1|  0|   0|           8|           8|
    |tmp_2_fu_677_p2         |     *    |      1|  0|   0|           8|           8|
    |i_1_fu_661_p2           |     +    |      0|  0|   9|           1|           9|
    |j_1_7_fu_692_p2         |     +    |      0|  0|   9|           4|           9|
    |exitcond1_fu_655_p2     |   icmp   |      0|  0|   4|           9|          10|
    |exitcond_fu_667_p2      |   icmp   |      0|  0|   4|           9|          10|
    |j_1_1_fu_729_p2         |    or    |      0|  0|   8|           8|           2|
    |j_1_2_fu_744_p2         |    or    |      0|  0|   8|           8|           2|
    |j_1_3_fu_759_p2         |    or    |      0|  0|   8|           8|           3|
    |j_1_4_fu_774_p2         |    or    |      0|  0|   8|           8|           3|
    |j_1_5_fu_789_p2         |    or    |      0|  0|   8|           8|           3|
    |j_1_6_fu_799_p2         |    or    |      0|  0|   8|           8|           3|
    |j_1_s_fu_714_p2         |    or    |      0|  0|   8|           8|           1|
    +------------------------+----------+-------+---+----+------------+------------+
    |Total                   |          |      8|  0|  82|         143|         119|
    +------------------------+----------+-------+---+----+------------+------------+

    * Multiplexer: 
    +---------------------------------+----+-----------+-----+-----------+
    |               Name              | LUT| Input Size| Bits| Total Bits|
    +---------------------------------+----+-----------+-----+-----------+
    |ap_NS_fsm                        |  96|         54|    1|         54|
    |cos_coefficients_table_address0  |  16|          8|    8|         64|
    |grp_fu_495_opcode                |   2|          3|    2|          6|
    |grp_fu_495_p0                    |  32|          4|   32|        128|
    |grp_fu_495_p1                    |  32|          5|   32|        160|
    |grp_fu_499_p0                    |  32|          4|   32|        128|
    |grp_fu_499_p1                    |  32|          5|   32|        160|
    |grp_fu_521_p0                    |  64|          8|   32|        256|
    |grp_fu_527_p0                    |  64|          8|   32|        256|
    |grp_fu_533_p0                    |  64|          8|   32|        256|
    |grp_fu_539_p0                    |  64|          8|   32|        256|
    |i_reg_446                        |   9|          2|    9|         18|
    |j_reg_484                        |   9|          2|    9|         18|
    |sin_coefficients_table_address0  |  16|          8|    8|         64|
    |temp_I_reg_471                   |  32|          2|   32|         64|
    |temp_R_reg_458                   |  32|          2|   32|         64|
    +---------------------------------+----+-----------+-----+-----------+
    |Total                            | 596|        131|  357|       1952|
    +---------------------------------+----+-----------+-----+-----------+

    * Register: 
    +-----------------------+----+----+-----+-----------+
    |          Name         | FF | LUT| Bits| Const Bits|
    +-----------------------+----+----+-----+-----------+
    |ap_CS_fsm              |  53|   0|   53|          0|
    |i_1_reg_834            |   9|   0|    9|          0|
    |i_reg_446              |   9|   0|    9|          0|
    |j_1_7_reg_863          |   9|   0|    9|          0|
    |j_reg_484              |   9|   0|    9|          0|
    |newIndex2_reg_858      |   6|   0|    6|          0|
    |newIndex_reg_878       |   6|   0|   64|         58|
    |reg_605                |  32|   0|   32|          0|
    |reg_611                |  32|   0|   32|          0|
    |reg_617                |  32|   0|   32|          0|
    |reg_623                |  32|   0|   32|          0|
    |reg_629                |  32|   0|   32|          0|
    |reg_635                |  32|   0|   32|          0|
    |reg_641                |  32|   0|   32|          0|
    |reg_646                |  32|   0|   32|          0|
    |temp_I_reg_471         |  32|   0|   32|          0|
    |temp_R_reg_458         |  32|   0|   32|          0|
    |tmp_1_7_reg_1214       |  32|   0|   32|          0|
    |tmp_2_1_cast_reg_918   |   8|   0|    8|          0|
    |tmp_2_2_cast_reg_955   |   8|   0|    8|          0|
    |tmp_2_3_cast_reg_992   |   8|   0|    8|          0|
    |tmp_2_4_cast_reg_1029  |   8|   0|    8|          0|
    |tmp_2_5_cast_reg_1066  |   8|   0|    8|          0|
    |tmp_2_6_cast_reg_1103  |   8|   0|    8|          0|
    |tmp_2_7_cast_reg_1108  |   8|   0|    8|          0|
    |tmp_2_reg_853          |   8|   0|    8|          0|
    |tmp_4_reg_819          |   8|   0|    8|          0|
    |tmp_5_7_reg_1189       |  32|   0|   32|          0|
    |tmp_6_7_reg_1194       |  32|   0|   32|          0|
    |tmp_7_13_reg_1204      |  32|   0|   32|          0|
    |tmp_7_7_reg_1209       |  32|   0|   32|          0|
    |tmp_8_reg_842          |   8|   0|    8|          0|
    |tmp_9_7_reg_1199       |  32|   0|   32|          0|
    +-----------------------+----+----+-----+-----------+
    |Total                  | 693|   0|  751|         58|
    +-----------------------+----+----+-----+-----------+



================================================================
== Interface
================================================================
* Summary: 
+-----------------+-----+-----+------------+--------------+--------------+
|    RTL Ports    | Dir | Bits|  Protocol  | Source Object|    C Type    |
+-----------------+-----+-----+------------+--------------+--------------+
|ap_clk           |  in |    1| ap_ctrl_hs |      dft     | return value |
|ap_rst           |  in |    1| ap_ctrl_hs |      dft     | return value |
|ap_start         |  in |    1| ap_ctrl_hs |      dft     | return value |
|ap_done          | out |    1| ap_ctrl_hs |      dft     | return value |
|ap_idle          | out |    1| ap_ctrl_hs |      dft     | return value |
|ap_ready         | out |    1| ap_ctrl_hs |      dft     | return value |
|xx_R_0_address0  | out |    5|  ap_memory |    xx_R_0    |     array    |
|xx_R_0_ce0       | out |    1|  ap_memory |    xx_R_0    |     array    |
|xx_R_0_q0        |  in |   32|  ap_memory |    xx_R_0    |     array    |
|xx_R_1_address0  | out |    5|  ap_memory |    xx_R_1    |     array    |
|xx_R_1_ce0       | out |    1|  ap_memory |    xx_R_1    |     array    |
|xx_R_1_q0        |  in |   32|  ap_memory |    xx_R_1    |     array    |
|xx_R_2_address0  | out |    5|  ap_memory |    xx_R_2    |     array    |
|xx_R_2_ce0       | out |    1|  ap_memory |    xx_R_2    |     array    |
|xx_R_2_q0        |  in |   32|  ap_memory |    xx_R_2    |     array    |
|xx_R_3_address0  | out |    5|  ap_memory |    xx_R_3    |     array    |
|xx_R_3_ce0       | out |    1|  ap_memory |    xx_R_3    |     array    |
|xx_R_3_q0        |  in |   32|  ap_memory |    xx_R_3    |     array    |
|xx_R_4_address0  | out |    5|  ap_memory |    xx_R_4    |     array    |
|xx_R_4_ce0       | out |    1|  ap_memory |    xx_R_4    |     array    |
|xx_R_4_q0        |  in |   32|  ap_memory |    xx_R_4    |     array    |
|xx_R_5_address0  | out |    5|  ap_memory |    xx_R_5    |     array    |
|xx_R_5_ce0       | out |    1|  ap_memory |    xx_R_5    |     array    |
|xx_R_5_q0        |  in |   32|  ap_memory |    xx_R_5    |     array    |
|xx_R_6_address0  | out |    5|  ap_memory |    xx_R_6    |     array    |
|xx_R_6_ce0       | out |    1|  ap_memory |    xx_R_6    |     array    |
|xx_R_6_q0        |  in |   32|  ap_memory |    xx_R_6    |     array    |
|xx_R_7_address0  | out |    5|  ap_memory |    xx_R_7    |     array    |
|xx_R_7_ce0       | out |    1|  ap_memory |    xx_R_7    |     array    |
|xx_R_7_q0        |  in |   32|  ap_memory |    xx_R_7    |     array    |
|xx_I_0_address0  | out |    5|  ap_memory |    xx_I_0    |     array    |
|xx_I_0_ce0       | out |    1|  ap_memory |    xx_I_0    |     array    |
|xx_I_0_q0        |  in |   32|  ap_memory |    xx_I_0    |     array    |
|xx_I_1_address0  | out |    5|  ap_memory |    xx_I_1    |     array    |
|xx_I_1_ce0       | out |    1|  ap_memory |    xx_I_1    |     array    |
|xx_I_1_q0        |  in |   32|  ap_memory |    xx_I_1    |     array    |
|xx_I_2_address0  | out |    5|  ap_memory |    xx_I_2    |     array    |
|xx_I_2_ce0       | out |    1|  ap_memory |    xx_I_2    |     array    |
|xx_I_2_q0        |  in |   32|  ap_memory |    xx_I_2    |     array    |
|xx_I_3_address0  | out |    5|  ap_memory |    xx_I_3    |     array    |
|xx_I_3_ce0       | out |    1|  ap_memory |    xx_I_3    |     array    |
|xx_I_3_q0        |  in |   32|  ap_memory |    xx_I_3    |     array    |
|xx_I_4_address0  | out |    5|  ap_memory |    xx_I_4    |     array    |
|xx_I_4_ce0       | out |    1|  ap_memory |    xx_I_4    |     array    |
|xx_I_4_q0        |  in |   32|  ap_memory |    xx_I_4    |     array    |
|xx_I_5_address0  | out |    5|  ap_memory |    xx_I_5    |     array    |
|xx_I_5_ce0       | out |    1|  ap_memory |    xx_I_5    |     array    |
|xx_I_5_q0        |  in |   32|  ap_memory |    xx_I_5    |     array    |
|xx_I_6_address0  | out |    5|  ap_memory |    xx_I_6    |     array    |
|xx_I_6_ce0       | out |    1|  ap_memory |    xx_I_6    |     array    |
|xx_I_6_q0        |  in |   32|  ap_memory |    xx_I_6    |     array    |
|xx_I_7_address0  | out |    5|  ap_memory |    xx_I_7    |     array    |
|xx_I_7_ce0       | out |    1|  ap_memory |    xx_I_7    |     array    |
|xx_I_7_q0        |  in |   32|  ap_memory |    xx_I_7    |     array    |
|XX_R_address0    | out |    8|  ap_memory |     XX_R     |     array    |
|XX_R_ce0         | out |    1|  ap_memory |     XX_R     |     array    |
|XX_R_we0         | out |    1|  ap_memory |     XX_R     |     array    |
|XX_R_d0          | out |   32|  ap_memory |     XX_R     |     array    |
|XX_I_address0    | out |    8|  ap_memory |     XX_I     |     array    |
|XX_I_ce0         | out |    1|  ap_memory |     XX_I     |     array    |
|XX_I_we0         | out |    1|  ap_memory |     XX_I     |     array    |
|XX_I_d0          | out |   32|  ap_memory |     XX_I     |     array    |
+-----------------+-----+-----+------------+--------------+--------------+

