

================================================================
== Vivado HLS Report for 'dft'
================================================================
* Date:           Sun Oct 30 15:42:00 2016

* Version:        2015.4 (Build 1412921 on Wed Nov 18 09:58:55 AM 2015)
* Project:        dft256
* Solution:       loop_unrolling_factor_8
* Product family: zynq
* Target device:  xc7z020clg484-1


================================================================
== Performance Estimates
================================================================
+ Timing (ns): 
    * Summary: 
    +--------+-------+----------+------------+
    |  Clock | Target| Estimated| Uncertainty|
    +--------+-------+----------+------------+
    |ap_clk  |  10.00|      8.42|        1.25|
    +--------+-------+----------+------------+

+ Latency (clock cycles): 
    * Summary: 
    +--------+--------+--------+--------+---------+
    |     Latency     |     Interval    | Pipeline|
    |   min  |   max  |   min  |   max  |   Type  |
    +--------+--------+--------+--------+---------+
    |  418305|  418305|  418306|  418306|   none  |
    +--------+--------+--------+--------+---------+

    + Detail: 
        * Instance: 
        N/A

        * Loop: 
        +---------------+--------+--------+----------+-----------+-----------+------+----------+
        |               |     Latency     | Iteration|  Initiation Interval  | Trip |          |
        |   Loop Name   |   min  |   max  |  Latency |  achieved |   target  | Count| Pipelined|
        +---------------+--------+--------+----------+-----------+-----------+------+----------+
        |- Loop 1       |  418304|  418304|      1634|          -|          -|   256|    no    |
        | + dft_label6  |    1632|    1632|        51|          -|          -|    32|    no    |
        +---------------+--------+--------+----------+-----------+-----------+------+----------+



================================================================
== Utilization Estimates
================================================================
* Summary: 
+-----------------+---------+-------+--------+-------+
|       Name      | BRAM_18K| DSP48E|   FF   |  LUT  |
+-----------------+---------+-------+--------+-------+
|DSP              |        -|      -|       -|      -|
|Expression       |        -|      8|       0|     82|
|FIFO             |        -|      -|       -|      -|
|Instance         |        -|     20|    1392|   2844|
|Memory           |        2|      -|       0|      0|
|Multiplexer      |        -|      -|       -|    372|
|Register         |        -|      -|     533|      -|
+-----------------+---------+-------+--------+-------+
|Total            |        2|     28|    1925|   3298|
+-----------------+---------+-------+--------+-------+
|Available        |      280|    220|  106400|  53200|
+-----------------+---------+-------+--------+-------+
|Utilization (%)  |    ~0   |     12|       1|      6|
+-----------------+---------+-------+--------+-------+

+ Detail: 
    * Instance: 
    +-----------------------------------------+--------------------------------------+---------+-------+-----+-----+
    |                 Instance                |                Module                | BRAM_18K| DSP48E|  FF | LUT |
    +-----------------------------------------+--------------------------------------+---------+-------+-----+-----+
    |dft_fadd_32ns_32ns_32_5_full_dsp_U1      |dft_fadd_32ns_32ns_32_5_full_dsp      |        0|      2|  205|  390|
    |dft_fadd_32ns_32ns_32_5_full_dsp_U3      |dft_fadd_32ns_32ns_32_5_full_dsp      |        0|      2|  205|  390|
    |dft_faddfsub_32ns_32ns_32_5_full_dsp_U0  |dft_faddfsub_32ns_32ns_32_5_full_dsp  |        0|      2|  205|  390|
    |dft_fmul_32ns_32ns_32_4_max_dsp_U4       |dft_fmul_32ns_32ns_32_4_max_dsp       |        0|      3|  143|  321|
    |dft_fmul_32ns_32ns_32_4_max_dsp_U5       |dft_fmul_32ns_32ns_32_4_max_dsp       |        0|      3|  143|  321|
    |dft_fmul_32ns_32ns_32_4_max_dsp_U6       |dft_fmul_32ns_32ns_32_4_max_dsp       |        0|      3|  143|  321|
    |dft_fmul_32ns_32ns_32_4_max_dsp_U7       |dft_fmul_32ns_32ns_32_4_max_dsp       |        0|      3|  143|  321|
    |dft_fsub_32ns_32ns_32_5_full_dsp_U2      |dft_fsub_32ns_32ns_32_5_full_dsp      |        0|      2|  205|  390|
    +-----------------------------------------+--------------------------------------+---------+-------+-----+-----+
    |Total                                    |                                      |        0|     20| 1392| 2844|
    +-----------------------------------------+--------------------------------------+---------+-------+-----+-----+

    * DSP48: 
    N/A

    * Memory: 
    +--------------------------+----------------------------+---------+---+----+------+-----+------+-------------+
    |          Memory          |           Module           | BRAM_18K| FF| LUT| Words| Bits| Banks| W*Bits*Banks|
    +--------------------------+----------------------------+---------+---+----+------+-----+------+-------------+
    |cos_coefficients_table_U  |dft_cos_coefficients_table  |        1|  0|   0|   256|   32|     1|         8192|
    |sin_coefficients_table_U  |dft_sin_coefficients_table  |        1|  0|   0|   256|   32|     1|         8192|
    +--------------------------+----------------------------+---------+---+----+------+-----+------+-------------+
    |Total                     |                            |        2|  0|   0|   512|   64|     2|        16384|
    +--------------------------+----------------------------+---------+---+----+------+-----+------+-------------+

    * FIFO: 
    N/A

    * Expression: 
    +------------------------+----------+-------+---+----+------------+------------+
    |      Variable Name     | Operation| DSP48E| FF| LUT| Bitwidth P0| Bitwidth P1|
    +------------------------+----------+-------+---+----+------------+------------+
    |tmp_2_1_cast_fu_571_p2  |     *    |      1|  0|   0|           8|           8|
    |tmp_2_2_cast_fu_591_p2  |     *    |      1|  0|   0|           8|           8|
    |tmp_2_3_cast_fu_611_p2  |     *    |      1|  0|   0|           8|           8|
    |tmp_2_4_cast_fu_631_p2  |     *    |      1|  0|   0|           8|           8|
    |tmp_2_5_cast_fu_651_p2  |     *    |      1|  0|   0|           8|           8|
    |tmp_2_6_cast_fu_671_p2  |     *    |      1|  0|   0|           8|           8|
    |tmp_2_7_cast_fu_691_p2  |     *    |      1|  0|   0|           8|           8|
    |tmp_2_fu_538_p2         |     *    |      1|  0|   0|           8|           8|
    |i_1_fu_522_p2           |     +    |      0|  0|   9|           1|           9|
    |j_1_7_fu_560_p2         |     +    |      0|  0|   9|           4|           9|
    |exitcond1_fu_516_p2     |   icmp   |      0|  0|   4|           9|          10|
    |exitcond_fu_528_p2      |   icmp   |      0|  0|   4|           9|          10|
    |j_1_1_fu_586_p2         |    or    |      0|  0|   8|           8|           2|
    |j_1_2_fu_606_p2         |    or    |      0|  0|   8|           8|           2|
    |j_1_3_fu_626_p2         |    or    |      0|  0|   8|           8|           3|
    |j_1_4_fu_646_p2         |    or    |      0|  0|   8|           8|           3|
    |j_1_5_fu_666_p2         |    or    |      0|  0|   8|           8|           3|
    |j_1_6_fu_686_p2         |    or    |      0|  0|   8|           8|           3|
    |j_1_s_fu_566_p2         |    or    |      0|  0|   8|           8|           1|
    +------------------------+----------+-------+---+----+------------+------------+
    |Total                   |          |      8|  0|  82|         143|         119|
    +------------------------+----------+-------+---+----+------------+------------+

    * Multiplexer: 
    +---------------------------------+----+-----------+-----+-----------+
    |               Name              | LUT| Input Size| Bits| Total Bits|
    +---------------------------------+----+-----------+-----+-----------+
    |ap_NS_fsm                        |  96|         54|    1|         54|
    |cos_coefficients_table_address0  |  16|          9|    8|         72|
    |grp_fu_400_opcode                |   2|          3|    2|          6|
    |grp_fu_400_p0                    |  32|          4|   32|        128|
    |grp_fu_400_p1                    |  32|          4|   32|        128|
    |grp_fu_404_p0                    |  32|          4|   32|        128|
    |grp_fu_404_p1                    |  32|          4|   32|        128|
    |i_reg_350                        |   9|          2|    9|         18|
    |j_reg_388                        |   9|          2|    9|         18|
    |sin_coefficients_table_address0  |  16|          9|    8|         72|
    |temp_I_reg_375                   |  32|          2|   32|         64|
    |temp_R_reg_362                   |  32|          2|   32|         64|
    |xx_I_address0                    |  16|          9|    8|         72|
    |xx_R_address0                    |  16|          9|    8|         72|
    +---------------------------------+----+-----------+-----+-----------+
    |Total                            | 372|        117|  245|       1024|
    +---------------------------------+----+-----------+-----+-----------+

    * Register: 
    +----------------------+----+----+-----+-----------+
    |         Name         | FF | LUT| Bits| Const Bits|
    +----------------------+----+----+-----+-----------+
    |ap_CS_fsm             |  53|   0|   53|          0|
    |i_1_reg_721           |   9|   0|    9|          0|
    |i_reg_350             |   9|   0|    9|          0|
    |j_1_1_reg_800         |   7|   0|    8|          1|
    |j_1_2_reg_830         |   6|   0|    8|          2|
    |j_1_3_reg_860         |   7|   0|    8|          1|
    |j_1_4_reg_890         |   6|   0|    8|          2|
    |j_1_5_reg_920         |   6|   0|    8|          2|
    |j_1_6_reg_950         |   5|   0|    8|          3|
    |j_1_7_reg_765         |   9|   0|    9|          0|
    |j_1_s_reg_770         |   7|   0|    8|          1|
    |j_reg_388             |   9|   0|    9|          0|
    |reg_466               |  32|   0|   32|          0|
    |reg_472               |  32|   0|   32|          0|
    |reg_478               |  32|   0|   32|          0|
    |reg_484               |  32|   0|   32|          0|
    |reg_490               |  32|   0|   32|          0|
    |reg_496               |  32|   0|   32|          0|
    |reg_502               |  32|   0|   32|          0|
    |reg_507               |  32|   0|   32|          0|
    |temp_I_reg_375        |  32|   0|   32|          0|
    |temp_R_reg_362        |  32|   0|   32|          0|
    |tmp_10_reg_729        |   8|   0|    8|          0|
    |tmp_2_1_cast_reg_775  |   8|   0|    8|          0|
    |tmp_2_2_cast_reg_805  |   8|   0|    8|          0|
    |tmp_2_3_cast_reg_835  |   8|   0|    8|          0|
    |tmp_2_4_cast_reg_865  |   8|   0|    8|          0|
    |tmp_2_5_cast_reg_895  |   8|   0|    8|          0|
    |tmp_2_6_cast_reg_925  |   8|   0|    8|          0|
    |tmp_2_7_cast_reg_955  |   8|   0|    8|          0|
    |tmp_2_reg_740         |   8|   0|    8|          0|
    |tmp_8_reg_706         |   8|   0|    8|          0|
    +----------------------+----+----+-----+-----------+
    |Total                 | 533|   0|  545|         12|
    +----------------------+----+----+-----+-----------+



================================================================
== Interface
================================================================
* Summary: 
+-----------------+-----+-----+------------+--------------+--------------+
|    RTL Ports    | Dir | Bits|  Protocol  | Source Object|    C Type    |
+-----------------+-----+-----+------------+--------------+--------------+
|ap_clk           |  in |    1| ap_ctrl_hs |      dft     | return value |
|ap_rst           |  in |    1| ap_ctrl_hs |      dft     | return value |
|ap_start         |  in |    1| ap_ctrl_hs |      dft     | return value |
|ap_done          | out |    1| ap_ctrl_hs |      dft     | return value |
|ap_idle          | out |    1| ap_ctrl_hs |      dft     | return value |
|ap_ready         | out |    1| ap_ctrl_hs |      dft     | return value |
|xx_R_address0    | out |    8|  ap_memory |     xx_R     |     array    |
|xx_R_ce0         | out |    1|  ap_memory |     xx_R     |     array    |
|xx_R_q0          |  in |   32|  ap_memory |     xx_R     |     array    |
|xx_I_address0    | out |    8|  ap_memory |     xx_I     |     array    |
|xx_I_ce0         | out |    1|  ap_memory |     xx_I     |     array    |
|xx_I_q0          |  in |   32|  ap_memory |     xx_I     |     array    |
|XX_R_r_address0  | out |    8|  ap_memory |    XX_R_r    |     array    |
|XX_R_r_ce0       | out |    1|  ap_memory |    XX_R_r    |     array    |
|XX_R_r_we0       | out |    1|  ap_memory |    XX_R_r    |     array    |
|XX_R_r_d0        | out |   32|  ap_memory |    XX_R_r    |     array    |
|XX_I_r_address0  | out |    8|  ap_memory |    XX_I_r    |     array    |
|XX_I_r_ce0       | out |    1|  ap_memory |    XX_I_r    |     array    |
|XX_I_r_we0       | out |    1|  ap_memory |    XX_I_r    |     array    |
|XX_I_r_d0        | out |   32|  ap_memory |    XX_I_r    |     array    |
+-----------------+-----+-----+------------+--------------+--------------+

