

================================================================
== Vivado HLS Report for 'fir'
================================================================
* Date:           Mon Oct 03 23:09:15 2016

* Version:        2015.4 (Build 1412921 on Wed Nov 18 09:58:55 AM 2015)
* Project:        fir128_optimized
* Solution:       solution1
* Product family: zynq
* Target device:  xc7z020clg484-1


================================================================
== Performance Estimates
================================================================
+ Timing (ns): 
    * Summary: 
    +--------+-------+----------+------------+
    |  Clock | Target| Estimated| Uncertainty|
    +--------+-------+----------+------------+
    |ap_clk  |  10.00|      8.05|        1.25|
    +--------+-------+----------+------------+

+ Latency (clock cycles): 
    * Summary: 
    +-----+-----+-----+-----+---------+
    |  Latency  |  Interval | Pipeline|
    | min | max | min | max |   Type  |
    +-----+-----+-----+-----+---------+
    |   37|   37|   38|   38|   none  |
    +-----+-----+-----+-----+---------+

    + Detail: 
        * Instance: 
        N/A

        * Loop: 
        N/A



================================================================
== Utilization Estimates
================================================================
* Summary: 
+-----------------+---------+-------+--------+-------+
|       Name      | BRAM_18K| DSP48E|   FF   |  LUT  |
+-----------------+---------+-------+--------+-------+
|DSP              |        -|      -|       -|      -|
|Expression       |        -|      -|       0|   4096|
|FIFO             |        -|      -|       -|      -|
|Instance         |        -|     48|       0|      0|
|Memory           |        -|      -|       -|      -|
|Multiplexer      |        -|      -|       -|     66|
|Register         |        -|      -|    7049|      -|
+-----------------+---------+-------+--------+-------+
|Total            |        0|     48|    7049|   4162|
+-----------------+---------+-------+--------+-------+
|Available        |      280|    220|  106400|  53200|
+-----------------+---------+-------+--------+-------+
|Utilization (%)  |        0|     21|       6|      7|
+-----------------+---------+-------+--------+-------+

+ Detail: 
    * Instance: 
    +--------------------------+----------------------+---------+-------+---+----+
    |         Instance         |        Module        | BRAM_18K| DSP48E| FF| LUT|
    +--------------------------+----------------------+---------+-------+---+----+
    |fir_mul_32s_5ns_32_3_U0   |fir_mul_32s_5ns_32_3  |        0|      2|  0|   0|
    |fir_mul_32s_5ns_32_3_U1   |fir_mul_32s_5ns_32_3  |        0|      2|  0|   0|
    |fir_mul_32s_5ns_32_3_U6   |fir_mul_32s_5ns_32_3  |        0|      2|  0|   0|
    |fir_mul_32s_5ns_32_3_U7   |fir_mul_32s_5ns_32_3  |        0|      2|  0|   0|
    |fir_mul_32s_5ns_32_3_U8   |fir_mul_32s_5ns_32_3  |        0|      2|  0|   0|
    |fir_mul_32s_5ns_32_3_U9   |fir_mul_32s_5ns_32_3  |        0|      2|  0|   0|
    |fir_mul_32s_5ns_32_3_U14  |fir_mul_32s_5ns_32_3  |        0|      2|  0|   0|
    |fir_mul_32s_5ns_32_3_U15  |fir_mul_32s_5ns_32_3  |        0|      2|  0|   0|
    |fir_mul_32s_5ns_32_3_U16  |fir_mul_32s_5ns_32_3  |        0|      2|  0|   0|
    |fir_mul_32s_5ns_32_3_U17  |fir_mul_32s_5ns_32_3  |        0|      2|  0|   0|
    |fir_mul_32s_5ns_32_3_U22  |fir_mul_32s_5ns_32_3  |        0|      2|  0|   0|
    |fir_mul_32s_5ns_32_3_U23  |fir_mul_32s_5ns_32_3  |        0|      2|  0|   0|
    |fir_mul_32s_5s_32_3_U2    |fir_mul_32s_5s_32_3   |        0|      2|  0|   0|
    |fir_mul_32s_5s_32_3_U3    |fir_mul_32s_5s_32_3   |        0|      2|  0|   0|
    |fir_mul_32s_5s_32_3_U4    |fir_mul_32s_5s_32_3   |        0|      2|  0|   0|
    |fir_mul_32s_5s_32_3_U5    |fir_mul_32s_5s_32_3   |        0|      2|  0|   0|
    |fir_mul_32s_5s_32_3_U10   |fir_mul_32s_5s_32_3   |        0|      2|  0|   0|
    |fir_mul_32s_5s_32_3_U11   |fir_mul_32s_5s_32_3   |        0|      2|  0|   0|
    |fir_mul_32s_5s_32_3_U12   |fir_mul_32s_5s_32_3   |        0|      2|  0|   0|
    |fir_mul_32s_5s_32_3_U13   |fir_mul_32s_5s_32_3   |        0|      2|  0|   0|
    |fir_mul_32s_5s_32_3_U18   |fir_mul_32s_5s_32_3   |        0|      2|  0|   0|
    |fir_mul_32s_5s_32_3_U19   |fir_mul_32s_5s_32_3   |        0|      2|  0|   0|
    |fir_mul_32s_5s_32_3_U20   |fir_mul_32s_5s_32_3   |        0|      2|  0|   0|
    |fir_mul_32s_5s_32_3_U21   |fir_mul_32s_5s_32_3   |        0|      2|  0|   0|
    +--------------------------+----------------------+---------+-------+---+----+
    |Total                     |                      |        0|     48|  0|   0|
    +--------------------------+----------------------+---------+-------+---+----+

    * DSP48: 
    N/A

    * Memory: 
    N/A

    * FIFO: 
    N/A

    * Expression: 
    +----------------------+----------+-------+---+----+------------+------------+
    |     Variable Name    | Operation| DSP48E| FF| LUT| Bitwidth P0| Bitwidth P1|
    +----------------------+----------+-------+---+----+------------+------------+
    |acc_1_100_fu_3840_p2  |     +    |      0|  0|  16|          32|          32|
    |acc_1_101_fu_3857_p2  |     +    |      0|  0|  16|          32|          32|
    |acc_1_102_fu_3869_p2  |     +    |      0|  0|  16|          32|          32|
    |acc_1_103_fu_3875_p2  |     +    |      0|  0|  16|          32|          32|
    |acc_1_10_fu_981_p2    |     +    |      0|  0|  16|          32|          32|
    |acc_1_11_fu_1011_p2   |     +    |      0|  0|  16|          32|          32|
    |acc_1_12_fu_1114_p2   |     +    |      0|  0|  16|          32|          32|
    |acc_1_13_fu_1118_p2   |     +    |      0|  0|  16|          32|          32|
    |acc_1_14_fu_1147_p2   |     +    |      0|  0|  16|          32|          32|
    |acc_1_15_fu_1177_p2   |     +    |      0|  0|  16|          32|          32|
    |acc_1_16_fu_1239_p2   |     +    |      0|  0|  16|          32|          32|
    |acc_1_17_fu_1243_p2   |     +    |      0|  0|  16|          32|          32|
    |acc_1_18_fu_1248_p2   |     +    |      0|  0|  16|          32|          32|
    |acc_1_1_fu_755_p2     |     +    |      0|  0|  16|          32|          32|
    |acc_1_20_fu_1306_p2   |     +    |      0|  0|  16|          32|          32|
    |acc_1_21_fu_1323_p2   |     +    |      0|  0|  16|          32|          32|
    |acc_1_22_fu_1335_p2   |     +    |      0|  0|  16|          32|          32|
    |acc_1_23_fu_1351_p2   |     +    |      0|  0|  16|          32|          32|
    |acc_1_24_fu_1355_p2   |     +    |      0|  0|  16|          32|          32|
    |acc_1_25_fu_1378_p2   |     +    |      0|  0|  16|          32|          32|
    |acc_1_26_fu_1425_p2   |     +    |      0|  0|  16|          32|          32|
    |acc_1_27_fu_1449_p2   |     +    |      0|  0|  16|          32|          32|
    |acc_1_28_fu_1508_p2   |     +    |      0|  0|  16|          32|          32|
    |acc_1_29_fu_1532_p2   |     +    |      0|  0|  16|          32|          32|
    |acc_1_2_fu_759_p2     |     +    |      0|  0|  16|          32|          32|
    |acc_1_30_fu_1595_p2   |     +    |      0|  0|  16|          32|          32|
    |acc_1_31_fu_1619_p2   |     +    |      0|  0|  16|          32|          32|
    |acc_1_32_fu_1669_p2   |     +    |      0|  0|  16|          32|          32|
    |acc_1_33_fu_1675_p2   |     +    |      0|  0|  16|          32|          32|
    |acc_1_34_fu_1680_p2   |     +    |      0|  0|  16|          32|          32|
    |acc_1_35_fu_1722_p2   |     +    |      0|  0|  16|          32|          32|
    |acc_1_36_fu_1739_p2   |     +    |      0|  0|  16|          32|          32|
    |acc_1_37_fu_1763_p2   |     +    |      0|  0|  16|          32|          32|
    |acc_1_39_fu_1839_p2   |     +    |      0|  0|  16|          32|          32|
    |acc_1_3_fu_770_p2     |     +    |      0|  0|  16|          32|          32|
    |acc_1_40_fu_1844_p2   |     +    |      0|  0|  16|          32|          32|
    |acc_1_41_fu_1873_p2   |     +    |      0|  0|  16|          32|          32|
    |acc_1_42_fu_1983_p2   |     +    |      0|  0|  16|          32|          32|
    |acc_1_43_fu_1987_p2   |     +    |      0|  0|  16|          32|          32|
    |acc_1_44_fu_2016_p2   |     +    |      0|  0|  16|          32|          32|
    |acc_1_45_fu_2046_p2   |     +    |      0|  0|  16|          32|          32|
    |acc_1_46_fu_2131_p2   |     +    |      0|  0|  16|          32|          32|
    |acc_1_47_fu_2135_p2   |     +    |      0|  0|  16|          32|          32|
    |acc_1_48_fu_2164_p2   |     +    |      0|  0|  16|          32|          32|
    |acc_1_49_fu_2170_p2   |     +    |      0|  0|  16|          32|          32|
    |acc_1_4_fu_788_p2     |     +    |      0|  0|  16|          32|          32|
    |acc_1_50_fu_2212_p2   |     +    |      0|  0|  16|          32|          32|
    |acc_1_52_fu_2246_p2   |     +    |      0|  0|  16|          32|          32|
    |acc_1_53_fu_2279_p2   |     +    |      0|  0|  16|          32|          32|
    |acc_1_54_fu_2289_p2   |     +    |      0|  0|  16|          32|          32|
    |acc_1_55_fu_2295_p2   |     +    |      0|  0|  16|          32|          32|
    |acc_1_56_fu_2300_p2   |     +    |      0|  0|  16|          32|          32|
    |acc_1_57_fu_2343_p2   |     +    |      0|  0|  16|          32|          32|
    |acc_1_58_fu_2367_p2   |     +    |      0|  0|  16|          32|          32|
    |acc_1_59_fu_2424_p2   |     +    |      0|  0|  16|          32|          32|
    |acc_1_5_fu_849_p2     |     +    |      0|  0|  16|          32|          32|
    |acc_1_60_fu_2448_p2   |     +    |      0|  0|  16|          32|          32|
    |acc_1_61_fu_2503_p2   |     +    |      0|  0|  16|          32|          32|
    |acc_1_62_fu_2527_p2   |     +    |      0|  0|  16|          32|          32|
    |acc_1_63_fu_2589_p2   |     +    |      0|  0|  16|          32|          32|
    |acc_1_64_fu_2613_p2   |     +    |      0|  0|  16|          32|          32|
    |acc_1_65_fu_2661_p2   |     +    |      0|  0|  16|          32|          32|
    |acc_1_66_fu_2665_p2   |     +    |      0|  0|  16|          32|          32|
    |acc_1_67_fu_2676_p2   |     +    |      0|  0|  16|          32|          32|
    |acc_1_68_fu_2694_p2   |     +    |      0|  0|  16|          32|          32|
    |acc_1_69_fu_2741_p2   |     +    |      0|  0|  16|          32|          32|
    |acc_1_71_fu_2758_p2   |     +    |      0|  0|  16|          32|          32|
    |acc_1_72_fu_2828_p2   |     +    |      0|  0|  16|          32|          32|
    |acc_1_73_fu_2832_p2   |     +    |      0|  0|  16|          32|          32|
    |acc_1_74_fu_2861_p2   |     +    |      0|  0|  16|          32|          32|
    |acc_1_75_fu_2891_p2   |     +    |      0|  0|  16|          32|          32|
    |acc_1_76_fu_2985_p2   |     +    |      0|  0|  16|          32|          32|
    |acc_1_77_fu_2989_p2   |     +    |      0|  0|  16|          32|          32|
    |acc_1_78_fu_3018_p2   |     +    |      0|  0|  16|          32|          32|
    |acc_1_79_fu_3048_p2   |     +    |      0|  0|  16|          32|          32|
    |acc_1_7_fu_866_p2     |     +    |      0|  0|  16|          32|          32|
    |acc_1_80_fu_3142_p2   |     +    |      0|  0|  16|          32|          32|
    |acc_1_81_fu_3146_p2   |     +    |      0|  0|  16|          32|          32|
    |acc_1_82_fu_3175_p2   |     +    |      0|  0|  16|          32|          32|
    |acc_1_83_fu_3205_p2   |     +    |      0|  0|  16|          32|          32|
    |acc_1_84_fu_3313_p2   |     +    |      0|  0|  16|          32|          32|
    |acc_1_85_fu_3317_p2   |     +    |      0|  0|  16|          32|          32|
    |acc_1_86_fu_3346_p2   |     +    |      0|  0|  16|          32|          32|
    |acc_1_87_fu_3376_p2   |     +    |      0|  0|  16|          32|          32|
    |acc_1_88_fu_3482_p2   |     +    |      0|  0|  16|          32|          32|
    |acc_1_89_fu_3486_p2   |     +    |      0|  0|  16|          32|          32|
    |acc_1_8_fu_948_p2     |     +    |      0|  0|  16|          32|          32|
    |acc_1_90_fu_3515_p2   |     +    |      0|  0|  16|          32|          32|
    |acc_1_91_fu_3545_p2   |     +    |      0|  0|  16|          32|          32|
    |acc_1_92_fu_3648_p2   |     +    |      0|  0|  16|          32|          32|
    |acc_1_93_fu_3652_p2   |     +    |      0|  0|  16|          32|          32|
    |acc_1_94_fu_3681_p2   |     +    |      0|  0|  16|          32|          32|
    |acc_1_95_fu_3711_p2   |     +    |      0|  0|  16|          32|          32|
    |acc_1_96_fu_3773_p2   |     +    |      0|  0|  16|          32|          32|
    |acc_1_97_fu_3777_p2   |     +    |      0|  0|  16|          32|          32|
    |acc_1_98_fu_3782_p2   |     +    |      0|  0|  16|          32|          32|
    |acc_1_9_fu_952_p2     |     +    |      0|  0|  16|          32|          32|
    |acc_1_s_fu_707_p2     |     +    |      0|  0|  32|          32|          32|
    |tmp10_fu_2419_p2      |     +    |      0|  0|  16|          32|          32|
    |tmp11_fu_2442_p2      |     +    |      0|  0|  16|          32|          32|
    |tmp12_fu_2498_p2      |     +    |      0|  0|  16|          32|          32|
    |tmp13_fu_2521_p2      |     +    |      0|  0|  16|          32|          32|
    |tmp14_fu_2584_p2      |     +    |      0|  0|  16|          32|          32|
    |tmp15_fu_2607_p2      |     +    |      0|  0|  16|          32|          32|
    |tmp16_fu_3897_p2      |     +    |      0|  0|  16|          32|          32|
    |tmp17_fu_3902_p2      |     +    |      0|  0|  16|          32|          32|
    |tmp1_fu_1420_p2       |     +    |      0|  0|  16|          32|          32|
    |tmp2_fu_1443_p2       |     +    |      0|  0|  16|          32|          32|
    |tmp3_fu_1503_p2       |     +    |      0|  0|  16|          32|          32|
    |tmp4_fu_1526_p2       |     +    |      0|  0|  16|          32|          32|
    |tmp5_fu_1590_p2       |     +    |      0|  0|  16|          32|          32|
    |tmp6_fu_1613_p2       |     +    |      0|  0|  16|          32|          32|
    |tmp7_fu_1664_p2       |     +    |      0|  0|  16|          32|          32|
    |tmp8_fu_2338_p2       |     +    |      0|  0|  16|          32|          32|
    |tmp9_fu_2361_p2       |     +    |      0|  0|  16|          32|          32|
    |tmp_6_10_fu_481_p2    |     +    |      0|  0|  16|          32|          32|
    |tmp_6_11_fu_487_p2    |     +    |      0|  0|  16|          32|          32|
    |tmp_6_12_fu_547_p2    |     +    |      0|  0|  16|          32|          32|
    |tmp_6_13_fu_552_p2    |     +    |      0|  0|  16|          32|          32|
    |tmp_6_14_fu_558_p2    |     +    |      0|  0|  16|          32|          32|
    |tmp_6_15_fu_564_p2    |     +    |      0|  0|  16|          32|          32|
    |tmp_6_16_fu_622_p2    |     +    |      0|  0|  16|          32|          32|
    |tmp_6_17_fu_627_p2    |     +    |      0|  0|  16|          32|          32|
    |tmp_6_18_fu_633_p2    |     +    |      0|  0|  16|          32|          32|
    |tmp_6_19_fu_639_p2    |     +    |      0|  0|  16|          32|          32|
    |tmp_6_1_fu_349_p2     |     +    |      0|  0|  16|          32|          32|
    |tmp_6_20_fu_684_p2    |     +    |      0|  0|  16|          32|          32|
    |tmp_6_21_fu_689_p2    |     +    |      0|  0|  16|          32|          32|
    |tmp_6_25_fu_845_p2    |     +    |      0|  0|  16|          32|          32|
    |tmp_6_2_fu_355_p2     |     +    |      0|  0|  16|          32|          32|
    |tmp_6_38_fu_1302_p2   |     +    |      0|  0|  16|          32|          32|
    |tmp_6_3_fu_361_p2     |     +    |      0|  0|  16|          32|          32|
    |tmp_6_45_fu_1757_p2   |     +    |      0|  0|  16|          32|          32|
    |tmp_6_4_fu_407_p2     |     +    |      0|  0|  16|          32|          32|
    |tmp_6_58_fu_2240_p2   |     +    |      0|  0|  16|          32|          32|
    |tmp_6_5_fu_412_p2     |     +    |      0|  0|  16|          32|          32|
    |tmp_6_65_fu_2737_p2   |     +    |      0|  0|  16|          32|          32|
    |tmp_6_6_fu_418_p2     |     +    |      0|  0|  16|          32|          32|
    |tmp_6_7_fu_424_p2     |     +    |      0|  0|  16|          32|          32|
    |tmp_6_8_fu_470_p2     |     +    |      0|  0|  16|          32|          32|
    |tmp_6_94_fu_3836_p2   |     +    |      0|  0|  16|          32|          32|
    |tmp_6_9_fu_475_p2     |     +    |      0|  0|  16|          32|          32|
    |tmp_6_s_fu_343_p2     |     +    |      0|  0|  16|          32|          32|
    |tmp_fu_1372_p2        |     +    |      0|  0|  16|          32|          32|
    |y                     |     +    |      0|  0|  16|          32|          32|
    |acc_1_19_fu_1259_p2   |     -    |      0|  0|  16|          32|          32|
    |acc_1_38_fu_1834_p2   |     -    |      0|  0|  16|          32|          32|
    |acc_1_51_fu_2222_p2   |     -    |      0|  0|  16|          32|          32|
    |acc_1_6_fu_860_p2     |     -    |      0|  0|  16|          32|          32|
    |acc_1_70_fu_2752_p2   |     -    |      0|  0|  16|          32|          32|
    |acc_1_99_fu_3793_p2   |     -    |      0|  0|  16|          32|          32|
    |p_neg10_fu_1909_p2    |     -    |      0|  0|  16|           1|          32|
    |p_neg11_fu_1998_p2    |     -    |      0|  0|  16|           1|          32|
    |p_neg12_fu_2028_p2    |     -    |      0|  0|  16|           1|          32|
    |p_neg13_fu_2058_p2    |     -    |      0|  0|  16|           1|          32|
    |p_neg14_fu_2082_p2    |     -    |      0|  0|  16|           1|          32|
    |p_neg15_fu_2146_p2    |     -    |      0|  0|  16|           1|          32|
    |p_neg16_fu_2770_p2    |     -    |      0|  0|  16|           1|          32|
    |p_neg17_fu_2843_p2    |     -    |      0|  0|  16|           1|          32|
    |p_neg18_fu_2873_p2    |     -    |      0|  0|  16|           1|          32|
    |p_neg19_fu_2903_p2    |     -    |      0|  0|  16|           1|          32|
    |p_neg1_fu_1885_p2     |     -    |      0|  0|  16|           1|          32|
    |p_neg20_fu_2927_p2    |     -    |      0|  0|  16|           1|          32|
    |p_neg21_fu_3000_p2    |     -    |      0|  0|  16|           1|          32|
    |p_neg22_fu_3030_p2    |     -    |      0|  0|  16|           1|          32|
    |p_neg23_fu_3060_p2    |     -    |      0|  0|  16|           1|          32|
    |p_neg24_fu_3084_p2    |     -    |      0|  0|  16|           1|          32|
    |p_neg25_fu_3157_p2    |     -    |      0|  0|  16|           1|          32|
    |p_neg26_fu_3187_p2    |     -    |      0|  0|  16|           1|          32|
    |p_neg27_fu_3217_p2    |     -    |      0|  0|  16|           1|          32|
    |p_neg28_fu_3241_p2    |     -    |      0|  0|  16|           1|          32|
    |p_neg29_fu_3328_p2    |     -    |      0|  0|  16|           1|          32|
    |p_neg2_fu_878_p2      |     -    |      0|  0|  16|           1|          32|
    |p_neg30_fu_3358_p2    |     -    |      0|  0|  16|           1|          32|
    |p_neg31_fu_3388_p2    |     -    |      0|  0|  16|           1|          32|
    |p_neg32_fu_3412_p2    |     -    |      0|  0|  16|           1|          32|
    |p_neg33_fu_3497_p2    |     -    |      0|  0|  16|           1|          32|
    |p_neg34_fu_3527_p2    |     -    |      0|  0|  16|           1|          32|
    |p_neg35_fu_3557_p2    |     -    |      0|  0|  16|           1|          32|
    |p_neg36_fu_3581_p2    |     -    |      0|  0|  16|           1|          32|
    |p_neg37_fu_3663_p2    |     -    |      0|  0|  16|           1|          32|
    |p_neg38_fu_3693_p2    |     -    |      0|  0|  16|           1|          32|
    |p_neg39_fu_3723_p2    |     -    |      0|  0|  16|           1|          32|
    |p_neg3_fu_963_p2      |     -    |      0|  0|  16|           1|          32|
    |p_neg40_fu_800_p2     |     -    |      0|  0|  32|           1|          32|
    |p_neg41_fu_1271_p2    |     -    |      0|  0|  32|           1|          32|
    |p_neg42_fu_1751_p2    |     -    |      0|  0|  32|           1|          32|
    |p_neg43_fu_2234_p2    |     -    |      0|  0|  32|           1|          32|
    |p_neg44_fu_2706_p2    |     -    |      0|  0|  32|           1|          32|
    |p_neg45_fu_3805_p2    |     -    |      0|  0|  32|           1|          32|
    |p_neg4_fu_993_p2      |     -    |      0|  0|  16|           1|          32|
    |p_neg5_fu_1023_p2     |     -    |      0|  0|  16|           1|          32|
    |p_neg6_fu_1047_p2     |     -    |      0|  0|  16|           1|          32|
    |p_neg7_fu_1129_p2     |     -    |      0|  0|  16|           1|          32|
    |p_neg8_fu_1159_p2     |     -    |      0|  0|  16|           1|          32|
    |p_neg9_fu_1189_p2     |     -    |      0|  0|  16|           1|          32|
    |p_neg_fu_1855_p2      |     -    |      0|  0|  16|           1|          32|
    |tmp_6_24_fu_782_p2    |     -    |      0|  0|  32|          32|          32|
    |tmp_6_28_fu_890_p2    |     -    |      0|  0|  16|          32|          32|
    |tmp_6_29_fu_975_p2    |     -    |      0|  0|  16|          32|          32|
    |tmp_6_30_fu_1005_p2   |     -    |      0|  0|  16|          32|          32|
    |tmp_6_31_fu_1035_p2   |     -    |      0|  0|  16|          32|          32|
    |tmp_6_32_fu_1059_p2   |     -    |      0|  0|  16|          32|          32|
    |tmp_6_33_fu_1141_p2   |     -    |      0|  0|  16|          32|          32|
    |tmp_6_34_fu_1171_p2   |     -    |      0|  0|  16|          32|          32|
    |tmp_6_35_fu_1201_p2   |     -    |      0|  0|  16|          32|          32|
    |tmp_6_39_fu_1317_p2   |     -    |      0|  0|  32|          32|          32|
    |tmp_6_44_fu_1733_p2   |     -    |      0|  0|  32|          32|          32|
    |tmp_6_48_fu_1867_p2   |     -    |      0|  0|  16|          32|          32|
    |tmp_6_49_fu_1897_p2   |     -    |      0|  0|  16|          32|          32|
    |tmp_6_50_fu_1921_p2   |     -    |      0|  0|  16|          32|          32|
    |tmp_6_51_fu_2010_p2   |     -    |      0|  0|  16|          32|          32|
    |tmp_6_52_fu_2040_p2   |     -    |      0|  0|  16|          32|          32|
    |tmp_6_53_fu_2070_p2   |     -    |      0|  0|  16|          32|          32|
    |tmp_6_54_fu_2094_p2   |     -    |      0|  0|  16|          32|          32|
    |tmp_6_55_fu_2158_p2   |     -    |      0|  0|  16|          32|          32|
    |tmp_6_59_fu_2258_p2   |     -    |      0|  0|  32|          32|          32|
    |tmp_6_64_fu_2688_p2   |     -    |      0|  0|  32|          32|          32|
    |tmp_6_68_fu_2782_p2   |     -    |      0|  0|  16|          32|          32|
    |tmp_6_69_fu_2855_p2   |     -    |      0|  0|  16|          32|          32|
    |tmp_6_70_fu_2885_p2   |     -    |      0|  0|  16|          32|          32|
    |tmp_6_71_fu_2915_p2   |     -    |      0|  0|  16|          32|          32|
    |tmp_6_72_fu_2939_p2   |     -    |      0|  0|  16|          32|          32|
    |tmp_6_73_fu_3012_p2   |     -    |      0|  0|  16|          32|          32|
    |tmp_6_74_fu_3042_p2   |     -    |      0|  0|  16|          32|          32|
    |tmp_6_75_fu_3072_p2   |     -    |      0|  0|  16|          32|          32|
    |tmp_6_76_fu_3096_p2   |     -    |      0|  0|  16|          32|          32|
    |tmp_6_77_fu_3169_p2   |     -    |      0|  0|  16|          32|          32|
    |tmp_6_78_fu_3199_p2   |     -    |      0|  0|  16|          32|          32|
    |tmp_6_79_fu_3229_p2   |     -    |      0|  0|  16|          32|          32|
    |tmp_6_80_fu_3253_p2   |     -    |      0|  0|  16|          32|          32|
    |tmp_6_81_fu_3340_p2   |     -    |      0|  0|  16|          32|          32|
    |tmp_6_82_fu_3370_p2   |     -    |      0|  0|  16|          32|          32|
    |tmp_6_83_fu_3400_p2   |     -    |      0|  0|  16|          32|          32|
    |tmp_6_84_fu_3424_p2   |     -    |      0|  0|  16|          32|          32|
    |tmp_6_85_fu_3509_p2   |     -    |      0|  0|  16|          32|          32|
    |tmp_6_86_fu_3539_p2   |     -    |      0|  0|  16|          32|          32|
    |tmp_6_87_fu_3569_p2   |     -    |      0|  0|  16|          32|          32|
    |tmp_6_88_fu_3593_p2   |     -    |      0|  0|  16|          32|          32|
    |tmp_6_89_fu_3675_p2   |     -    |      0|  0|  16|          32|          32|
    |tmp_6_90_fu_3705_p2   |     -    |      0|  0|  16|          32|          32|
    |tmp_6_91_fu_3735_p2   |     -    |      0|  0|  16|          32|          32|
    |tmp_6_95_fu_3851_p2   |     -    |      0|  0|  32|          32|          32|
    +----------------------+----------+-------+---+----+------------+------------+
    |Total                 |          |      0|  0|4096|        6350|        7776|
    +----------------------+----------+-------+---+----+------------+------------+

    * Multiplexer: 
    +-----------+----+-----------+-----+-----------+
    |    Name   | LUT| Input Size| Bits| Total Bits|
    +-----------+----+-----------+-----+-----------+
    |ap_NS_fsm  |  66|         39|    1|         39|
    +-----------+----+-----------+-----+-----------+
    |Total      |  66|         39|    1|         39|
    +-----------+----+-----------+-----+-----------+

    * Register: 
    +-----------------------------+----+----+-----+-----------+
    |             Name            | FF | LUT| Bits| Const Bits|
    +-----------------------------+----+----+-----+-----------+
    |acc_1_102_reg_4457           |  32|   0|   32|          0|
    |acc_1_11_reg_4018            |  32|   0|   32|          0|
    |acc_1_15_reg_4044            |  32|   0|   32|          0|
    |acc_1_19_reg_4069            |  32|   0|   32|          0|
    |acc_1_22_reg_4079            |  32|   0|   32|          0|
    |acc_1_25_reg_4094            |  32|   0|   32|          0|
    |acc_1_27_reg_4105            |  32|   0|   32|          0|
    |acc_1_29_reg_4115            |  32|   0|   32|          0|
    |acc_1_31_reg_4131            |  32|   0|   32|          0|
    |acc_1_34_reg_4141            |  32|   0|   32|          0|
    |acc_1_37_reg_4146            |  32|   0|   32|          0|
    |acc_1_41_reg_4172            |  32|   0|   32|          0|
    |acc_1_45_reg_4193            |  32|   0|   32|          0|
    |acc_1_49_reg_4213            |  32|   0|   32|          0|
    |acc_1_4_reg_3982             |  32|   0|   32|          0|
    |acc_1_52_reg_4223            |  32|   0|   32|          0|
    |acc_1_56_reg_4238            |  32|   0|   32|          0|
    |acc_1_58_reg_4243            |  32|   0|   32|          0|
    |acc_1_60_reg_4259            |  32|   0|   32|          0|
    |acc_1_62_reg_4264            |  32|   0|   32|          0|
    |acc_1_64_reg_4280            |  32|   0|   32|          0|
    |acc_1_68_reg_4300            |  32|   0|   32|          0|
    |acc_1_71_reg_4310            |  32|   0|   32|          0|
    |acc_1_75_reg_4325            |  32|   0|   32|          0|
    |acc_1_79_reg_4340            |  32|   0|   32|          0|
    |acc_1_7_reg_4003             |  32|   0|   32|          0|
    |acc_1_83_reg_4355            |  32|   0|   32|          0|
    |acc_1_87_reg_4381            |  32|   0|   32|          0|
    |acc_1_91_reg_4396            |  32|   0|   32|          0|
    |acc_1_95_reg_4422            |  32|   0|   32|          0|
    |acc_1_99_reg_4447            |  32|   0|   32|          0|
    |acc_1_s_reg_3962             |  31|   0|   32|          1|
    |ap_CS_fsm                    |  38|   0|   38|          0|
    |p_neg40_reg_3987             |  30|   0|   32|          2|
    |p_neg41_reg_4074             |  30|   0|   32|          2|
    |p_neg44_reg_4305             |  30|   0|   32|          2|
    |p_neg45_reg_4452             |  30|   0|   32|          2|
    |shift_reg                    |  32|   0|   32|          0|
    |shift_reg_0                  |  32|   0|   32|          0|
    |shift_reg_1                  |  32|   0|   32|          0|
    |shift_reg_10                 |  32|   0|   32|          0|
    |shift_reg_100                |  32|   0|   32|          0|
    |shift_reg_101                |  32|   0|   32|          0|
    |shift_reg_102                |  32|   0|   32|          0|
    |shift_reg_102_load_reg_3930  |  32|   0|   32|          0|
    |shift_reg_103                |  32|   0|   32|          0|
    |shift_reg_104                |  32|   0|   32|          0|
    |shift_reg_105                |  32|   0|   32|          0|
    |shift_reg_106                |  32|   0|   32|          0|
    |shift_reg_107                |  32|   0|   32|          0|
    |shift_reg_108                |  32|   0|   32|          0|
    |shift_reg_109                |  32|   0|   32|          0|
    |shift_reg_11                 |  32|   0|   32|          0|
    |shift_reg_110                |  32|   0|   32|          0|
    |shift_reg_111                |  32|   0|   32|          0|
    |shift_reg_112                |  32|   0|   32|          0|
    |shift_reg_113                |  32|   0|   32|          0|
    |shift_reg_114                |  32|   0|   32|          0|
    |shift_reg_115                |  32|   0|   32|          0|
    |shift_reg_116                |  32|   0|   32|          0|
    |shift_reg_117                |  32|   0|   32|          0|
    |shift_reg_118                |  32|   0|   32|          0|
    |shift_reg_119                |  32|   0|   32|          0|
    |shift_reg_12                 |  32|   0|   32|          0|
    |shift_reg_120                |  32|   0|   32|          0|
    |shift_reg_121                |  32|   0|   32|          0|
    |shift_reg_122                |  32|   0|   32|          0|
    |shift_reg_123                |  32|   0|   32|          0|
    |shift_reg_124                |  32|   0|   32|          0|
    |shift_reg_125                |  32|   0|   32|          0|
    |shift_reg_13                 |  32|   0|   32|          0|
    |shift_reg_14                 |  32|   0|   32|          0|
    |shift_reg_15                 |  32|   0|   32|          0|
    |shift_reg_16                 |  32|   0|   32|          0|
    |shift_reg_17                 |  32|   0|   32|          0|
    |shift_reg_18                 |  32|   0|   32|          0|
    |shift_reg_19                 |  32|   0|   32|          0|
    |shift_reg_1_load_reg_4411    |  32|   0|   32|          0|
    |shift_reg_2                  |  32|   0|   32|          0|
    |shift_reg_20                 |  32|   0|   32|          0|
    |shift_reg_21                 |  32|   0|   32|          0|
    |shift_reg_22                 |  32|   0|   32|          0|
    |shift_reg_23                 |  32|   0|   32|          0|
    |shift_reg_24                 |  32|   0|   32|          0|
    |shift_reg_25                 |  32|   0|   32|          0|
    |shift_reg_26                 |  32|   0|   32|          0|
    |shift_reg_27                 |  32|   0|   32|          0|
    |shift_reg_28                 |  32|   0|   32|          0|
    |shift_reg_29                 |  32|   0|   32|          0|
    |shift_reg_3                  |  32|   0|   32|          0|
    |shift_reg_30                 |  32|   0|   32|          0|
    |shift_reg_31                 |  32|   0|   32|          0|
    |shift_reg_32                 |  32|   0|   32|          0|
    |shift_reg_33                 |  32|   0|   32|          0|
    |shift_reg_33_load_reg_4269   |  32|   0|   32|          0|
    |shift_reg_34                 |  32|   0|   32|          0|
    |shift_reg_35                 |  32|   0|   32|          0|
    |shift_reg_36                 |  32|   0|   32|          0|
    |shift_reg_37                 |  32|   0|   32|          0|
    |shift_reg_38                 |  32|   0|   32|          0|
    |shift_reg_39                 |  32|   0|   32|          0|
    |shift_reg_39_load_reg_4248   |  32|   0|   32|          0|
    |shift_reg_4                  |  32|   0|   32|          0|
    |shift_reg_40                 |  32|   0|   32|          0|
    |shift_reg_41                 |  32|   0|   32|          0|
    |shift_reg_42                 |  32|   0|   32|          0|
    |shift_reg_43                 |  32|   0|   32|          0|
    |shift_reg_44                 |  32|   0|   32|          0|
    |shift_reg_45                 |  32|   0|   32|          0|
    |shift_reg_46                 |  32|   0|   32|          0|
    |shift_reg_47                 |  32|   0|   32|          0|
    |shift_reg_48                 |  32|   0|   32|          0|
    |shift_reg_49                 |  32|   0|   32|          0|
    |shift_reg_49_load_reg_4187   |  32|   0|   32|          0|
    |shift_reg_5                  |  32|   0|   32|          0|
    |shift_reg_50                 |  32|   0|   32|          0|
    |shift_reg_51                 |  32|   0|   32|          0|
    |shift_reg_52                 |  32|   0|   32|          0|
    |shift_reg_53                 |  32|   0|   32|          0|
    |shift_reg_54                 |  32|   0|   32|          0|
    |shift_reg_55                 |  32|   0|   32|          0|
    |shift_reg_55_load_reg_4161   |  32|   0|   32|          0|
    |shift_reg_56                 |  32|   0|   32|          0|
    |shift_reg_57                 |  32|   0|   32|          0|
    |shift_reg_58                 |  32|   0|   32|          0|
    |shift_reg_59                 |  32|   0|   32|          0|
    |shift_reg_6                  |  32|   0|   32|          0|
    |shift_reg_60                 |  32|   0|   32|          0|
    |shift_reg_61                 |  32|   0|   32|          0|
    |shift_reg_62                 |  32|   0|   32|          0|
    |shift_reg_63                 |  32|   0|   32|          0|
    |shift_reg_64                 |  32|   0|   32|          0|
    |shift_reg_65                 |  32|   0|   32|          0|
    |shift_reg_65_load_reg_4120   |  32|   0|   32|          0|
    |shift_reg_66                 |  32|   0|   32|          0|
    |shift_reg_67                 |  32|   0|   32|          0|
    |shift_reg_68                 |  32|   0|   32|          0|
    |shift_reg_69                 |  32|   0|   32|          0|
    |shift_reg_7                  |  32|   0|   32|          0|
    |shift_reg_70                 |  32|   0|   32|          0|
    |shift_reg_71                 |  32|   0|   32|          0|
    |shift_reg_71_load_reg_4099   |  32|   0|   32|          0|
    |shift_reg_72                 |  32|   0|   32|          0|
    |shift_reg_73                 |  32|   0|   32|          0|
    |shift_reg_74                 |  32|   0|   32|          0|
    |shift_reg_75                 |  32|   0|   32|          0|
    |shift_reg_76                 |  32|   0|   32|          0|
    |shift_reg_77                 |  32|   0|   32|          0|
    |shift_reg_78                 |  32|   0|   32|          0|
    |shift_reg_79                 |  32|   0|   32|          0|
    |shift_reg_7_load_reg_4370    |  32|   0|   32|          0|
    |shift_reg_8                  |  32|   0|   32|          0|
    |shift_reg_80                 |  32|   0|   32|          0|
    |shift_reg_81                 |  32|   0|   32|          0|
    |shift_reg_81_load_reg_4033   |  32|   0|   32|          0|
    |shift_reg_82                 |  32|   0|   32|          0|
    |shift_reg_83                 |  32|   0|   32|          0|
    |shift_reg_84                 |  32|   0|   32|          0|
    |shift_reg_85                 |  32|   0|   32|          0|
    |shift_reg_86                 |  32|   0|   32|          0|
    |shift_reg_87                 |  32|   0|   32|          0|
    |shift_reg_87_load_reg_3992   |  32|   0|   32|          0|
    |shift_reg_88                 |  32|   0|   32|          0|
    |shift_reg_89                 |  32|   0|   32|          0|
    |shift_reg_9                  |  32|   0|   32|          0|
    |shift_reg_90                 |  32|   0|   32|          0|
    |shift_reg_91                 |  32|   0|   32|          0|
    |shift_reg_92                 |  32|   0|   32|          0|
    |shift_reg_93                 |  32|   0|   32|          0|
    |shift_reg_94                 |  32|   0|   32|          0|
    |shift_reg_95                 |  32|   0|   32|          0|
    |shift_reg_96                 |  32|   0|   32|          0|
    |shift_reg_97                 |  32|   0|   32|          0|
    |shift_reg_97_load_reg_3951   |  32|   0|   32|          0|
    |shift_reg_98                 |  32|   0|   32|          0|
    |shift_reg_99                 |  32|   0|   32|          0|
    |tmp_6_11_reg_3925            |  32|   0|   32|          0|
    |tmp_6_15_reg_3941            |  32|   0|   32|          0|
    |tmp_6_19_reg_3946            |  32|   0|   32|          0|
    |tmp_6_22_reg_3967            |  32|   0|   32|          0|
    |tmp_6_23_reg_3972            |  32|   0|   32|          0|
    |tmp_6_27_reg_4008            |  32|   0|   32|          0|
    |tmp_6_28_reg_4013            |  31|   0|   32|          1|
    |tmp_6_31_reg_4023            |  31|   0|   32|          1|
    |tmp_6_32_reg_4028            |  31|   0|   32|          1|
    |tmp_6_35_reg_4049            |  31|   0|   32|          1|
    |tmp_6_36_reg_4054            |  32|   0|   32|          0|
    |tmp_6_37_reg_4059            |  32|   0|   32|          0|
    |tmp_6_3_reg_3915             |  32|   0|   32|          0|
    |tmp_6_40_reg_4084            |  32|   0|   32|          0|
    |tmp_6_41_reg_4089            |  32|   0|   32|          0|
    |tmp_6_42_reg_4136            |  32|   0|   32|          0|
    |tmp_6_46_reg_4151            |  32|   0|   32|          0|
    |tmp_6_47_reg_4156            |  32|   0|   32|          0|
    |tmp_6_49_reg_4177            |  31|   0|   32|          1|
    |tmp_6_50_reg_4182            |  31|   0|   32|          1|
    |tmp_6_53_reg_4198            |  31|   0|   32|          1|
    |tmp_6_54_reg_4203            |  31|   0|   32|          1|
    |tmp_6_57_reg_4218            |  32|   0|   32|          0|
    |tmp_6_59_reg_4228            |  32|   0|   32|          0|
    |tmp_6_60_reg_4233            |  32|   0|   32|          0|
    |tmp_6_62_reg_4285            |  32|   0|   32|          0|
    |tmp_6_63_reg_4290            |  32|   0|   32|          0|
    |tmp_6_67_reg_4315            |  32|   0|   32|          0|
    |tmp_6_68_reg_4320            |  31|   0|   32|          1|
    |tmp_6_71_reg_4330            |  31|   0|   32|          1|
    |tmp_6_72_reg_4335            |  31|   0|   32|          1|
    |tmp_6_75_reg_4345            |  31|   0|   32|          1|
    |tmp_6_76_reg_4350            |  31|   0|   32|          1|
    |tmp_6_79_reg_4360            |  31|   0|   32|          1|
    |tmp_6_7_reg_3920             |  32|   0|   32|          0|
    |tmp_6_80_reg_4365            |  31|   0|   32|          1|
    |tmp_6_83_reg_4386            |  31|   0|   32|          1|
    |tmp_6_84_reg_4391            |  31|   0|   32|          1|
    |tmp_6_87_reg_4401            |  31|   0|   32|          1|
    |tmp_6_88_reg_4406            |  31|   0|   32|          1|
    |tmp_6_91_reg_4427            |  31|   0|   32|          1|
    |tmp_6_92_reg_4432            |  32|   0|   32|          0|
    |tmp_6_93_reg_4437            |  32|   0|   32|          0|
    |tmp_6_96_reg_4462            |  32|   0|   32|          0|
    |tmp_6_97_reg_4467            |  32|   0|   32|          0|
    +-----------------------------+----+----+-----+-----------+
    |Total                        |7049|   0| 7078|         29|
    +-----------------------------+----+----+-----+-----------+



================================================================
== Interface
================================================================
* Summary: 
+----------+-----+-----+------------+--------------+--------------+
| RTL Ports| Dir | Bits|  Protocol  | Source Object|    C Type    |
+----------+-----+-----+------------+--------------+--------------+
|ap_clk    |  in |    1| ap_ctrl_hs |      fir     | return value |
|ap_rst    |  in |    1| ap_ctrl_hs |      fir     | return value |
|ap_start  |  in |    1| ap_ctrl_hs |      fir     | return value |
|ap_done   | out |    1| ap_ctrl_hs |      fir     | return value |
|ap_idle   | out |    1| ap_ctrl_hs |      fir     | return value |
|ap_ready  | out |    1| ap_ctrl_hs |      fir     | return value |
|y         | out |   32|   ap_vld   |       y      |    pointer   |
|y_ap_vld  | out |    1|   ap_vld   |       y      |    pointer   |
|x         |  in |   32|   ap_none  |       x      |    scalar    |
+----------+-----+-----+------------+--------------+--------------+

