

================================================================
== Vivado HLS Report for 'fir'
================================================================
* Date:           Wed Oct 19 22:36:24 2016

* Version:        2015.4 (Build 1412921 on Wed Nov 18 09:58:55 AM 2015)
* Project:        new_fir
* Solution:       baseline
* Product family: zynq
* Target device:  xc7z020clg484-1


================================================================
== Performance Estimates
================================================================
+ Timing (ns): 
    * Summary: 
    +--------+-------+----------+------------+
    |  Clock | Target| Estimated| Uncertainty|
    +--------+-------+----------+------------+
    |ap_clk  |  10.00|      7.76|        1.25|
    +--------+-------+----------+------------+

+ Latency (clock cycles): 
    * Summary: 
    +-----+-----+-----+-----+---------+
    |  Latency  |  Interval | Pipeline|
    | min | max | min | max |   Type  |
    +-----+-----+-----+-----+---------+
    |    9|    9|   10|   10|   none  |
    +-----+-----+-----+-----+---------+

    + Detail: 
        * Instance: 
        N/A

        * Loop: 
        N/A



================================================================
== Utilization Estimates
================================================================
* Summary: 
+-----------------+---------+-------+--------+-------+
|       Name      | BRAM_18K| DSP48E|   FF   |  LUT  |
+-----------------+---------+-------+--------+-------+
|DSP              |        -|      -|       -|      -|
|Expression       |        -|      -|       0|   1446|
|FIFO             |        -|      -|       -|      -|
|Instance         |        -|      -|       -|      -|
|Memory           |       32|      -|       8|      2|
|Multiplexer      |        -|      -|       -|    980|
|Register         |        -|      -|    2328|      -|
+-----------------+---------+-------+--------+-------+
|Total            |       32|      0|    2336|   2428|
+-----------------+---------+-------+--------+-------+
|Available        |      280|    220|  106400|  53200|
+-----------------+---------+-------+--------+-------+
|Utilization (%)  |       11|      0|       2|      4|
+-----------------+---------+-------+--------+-------+

+ Detail: 
    * Instance: 
    N/A

    * DSP48: 
    N/A

    * Memory: 
    +-------------------+---------------------+---------+---+----+------+-----+------+-------------+
    |       Memory      |        Module       | BRAM_18K| FF| LUT| Words| Bits| Banks| W*Bits*Banks|
    +-------------------+---------------------+---------+---+----+------+-----+------+-------------+
    |c1_0_U             |fir_c1_0             |        0|  4|   1|     8|    2|     1|           16|
    |c_0_U              |fir_c_0              |        0|  4|   1|     8|    2|     1|           16|
    |shift_reg_V_3_2_U  |fir_shift_reg_V_3_2  |        2|  0|   0|     8|   19|     1|          152|
    |shift_reg_V_3_3_U  |fir_shift_reg_V_3_2  |        2|  0|   0|     8|   19|     1|          152|
    |shift_reg_V_3_1_U  |fir_shift_reg_V_3_2  |        2|  0|   0|     8|   19|     1|          152|
    |shift_reg_V_3_0_U  |fir_shift_reg_V_3_2  |        2|  0|   0|     8|   19|     1|          152|
    |shift_reg_V_1_2_U  |fir_shift_reg_V_3_2  |        2|  0|   0|     8|   19|     1|          152|
    |shift_reg_V_1_3_U  |fir_shift_reg_V_3_2  |        2|  0|   0|     8|   19|     1|          152|
    |shift_reg_V_1_1_U  |fir_shift_reg_V_3_2  |        2|  0|   0|     8|   19|     1|          152|
    |shift_reg_V_1_0_U  |fir_shift_reg_V_3_2  |        2|  0|   0|     8|   19|     1|          152|
    |shift_reg_V_2_2_U  |fir_shift_reg_V_3_2  |        2|  0|   0|     8|   19|     1|          152|
    |shift_reg_V_2_3_U  |fir_shift_reg_V_3_2  |        2|  0|   0|     8|   19|     1|          152|
    |shift_reg_V_2_1_U  |fir_shift_reg_V_3_2  |        2|  0|   0|     8|   19|     1|          152|
    |shift_reg_V_2_0_U  |fir_shift_reg_V_3_2  |        2|  0|   0|     8|   19|     1|          152|
    |shift_reg_V_248_U  |fir_shift_reg_V_3_2  |        2|  0|   0|     8|   19|     1|          152|
    |shift_reg_V_349_U  |fir_shift_reg_V_3_2  |        2|  0|   0|     8|   19|     1|          152|
    |shift_reg_V_147_U  |fir_shift_reg_V_3_2  |        2|  0|   0|     8|   19|     1|          152|
    |shift_reg_V_0_U    |fir_shift_reg_V_3_2  |        2|  0|   0|     8|   19|     1|          152|
    +-------------------+---------------------+---------+---+----+------+-----+------+-------------+
    |Total              |                     |       32|  8|   2|   144|  308|    18|         2464|
    +-------------------+---------------------+---------+---+----+------+-----+------+-------------+

    * FIFO: 
    N/A

    * Expression: 
    +------------------------+----------+-------+---+----+------------+------------+
    |      Variable Name     | Operation| DSP48E| FF| LUT| Bitwidth P0| Bitwidth P1|
    +------------------------+----------+-------+---+----+------------+------------+
    |X_V                     |     +    |      0|  0|  19|          19|          19|
    |tmp10_fu_930_p2         |     +    |      0|  0|   9|          19|          19|
    |tmp11_fu_1179_p2        |     +    |      0|  0|   9|          19|          19|
    |tmp12_fu_941_p2         |     +    |      0|  0|   9|          19|          19|
    |tmp13_fu_947_p2         |     +    |      0|  0|   9|          19|          19|
    |tmp14_fu_1041_p2        |     +    |      0|  0|  19|          19|          19|
    |tmp15_fu_1120_p2        |     +    |      0|  0|   9|          19|          19|
    |tmp16_fu_1046_p2        |     +    |      0|  0|   9|          19|          19|
    |tmp17_fu_1052_p2        |     +    |      0|  0|   9|          19|          19|
    |tmp18_fu_1280_p2        |     +    |      0|  0|   9|          19|          19|
    |tmp19_fu_1368_p2        |     +    |      0|  0|   9|          19|          19|
    |tmp1_fu_901_p2          |     +    |      0|  0|   9|          19|          19|
    |tmp20_fu_1058_p2        |     +    |      0|  0|   9|          19|          19|
    |tmp21_fu_970_p2         |     +    |      0|  0|   9|          19|          19|
    |tmp22_fu_976_p2         |     +    |      0|  0|   9|          19|          19|
    |tmp23_fu_1217_p2        |     +    |      0|  0|   9|          19|          19|
    |tmp2_fu_992_p2          |     +    |      0|  0|  19|          19|          19|
    |tmp3_fu_1080_p2         |     +    |      0|  0|   9|          19|          19|
    |tmp4_fu_997_p2          |     +    |      0|  0|   9|          19|          19|
    |tmp5_fu_1003_p2         |     +    |      0|  0|   9|          19|          19|
    |tmp6_fu_1236_p2         |     +    |      0|  0|   9|          19|          19|
    |tmp7_fu_1328_p2         |     +    |      0|  0|   9|          19|          19|
    |tmp8_fu_1009_p2         |     +    |      0|  0|   9|          19|          19|
    |tmp9_fu_924_p2          |     +    |      0|  0|   9|          19|          19|
    |tmp_18_10_i_fu_1231_p2  |     +    |      0|  0|   9|          19|          19|
    |tmp_18_11_i_fu_1306_p2  |     +    |      0|  0|   9|          19|          19|
    |tmp_18_12_i_fu_1393_p2  |     +    |      0|  0|   9|          19|          19|
    |tmp_18_13_i_fu_1473_p2  |     +    |      0|  0|   9|          19|          19|
    |tmp_18_14_i_fu_1484_p2  |     +    |      0|  0|   9|          19|          19|
    |tmp_18_1_i_fu_878_p2    |     +    |      0|  0|   9|          19|          19|
    |tmp_18_2_i_fu_1149_p2   |     +    |      0|  0|   9|          19|          19|
    |tmp_18_3_i_fu_959_p2    |     +    |      0|  0|   9|          19|          19|
    |tmp_18_8_i_fu_1064_p2   |     +    |      0|  0|   9|          19|          19|
    |tmp_18_9_i_fu_1221_p2   |     +    |      0|  0|   9|          19|          19|
    |tmp_18_i_fu_1074_p2     |     +    |      0|  0|   9|          19|          19|
    |tmp_1_i_fu_1526_p2      |     +    |      0|  0|  19|          19|          19|
    |tmp_38_10_i_fu_1193_p2  |     +    |      0|  0|   9|          19|          19|
    |tmp_38_11_i_fu_1262_p2  |     +    |      0|  0|   9|          19|          19|
    |tmp_38_12_i_fu_1353_p2  |     +    |      0|  0|   9|          19|          19|
    |tmp_38_13_i_fu_1427_p2  |     +    |      0|  0|   9|          19|          19|
    |tmp_38_14_i_fu_1438_p2  |     +    |      0|  0|   9|          19|          19|
    |tmp_38_1_i_fu_854_p2    |     +    |      0|  0|   9|          19|          19|
    |tmp_38_2_i_fu_1109_p2   |     +    |      0|  0|   9|          19|          19|
    |tmp_38_3_i_fu_913_p2    |     +    |      0|  0|   9|          19|          19|
    |tmp_38_8_i_fu_1015_p2   |     +    |      0|  0|   9|          19|          19|
    |tmp_38_9_i_fu_1183_p2   |     +    |      0|  0|   9|          19|          19|
    |tmp_38_i_fu_1025_p2     |     +    |      0|  0|   9|          19|          19|
    |tmp_3_i_fu_1544_p2      |     +    |      0|  0|  19|          19|          19|
    |tmp_4_i1_fu_1562_p2     |     +    |      0|  0|  19|          19|          19|
    |tmp_58_10_i_fu_1285_p2  |     +    |      0|  0|   9|          19|          19|
    |tmp_58_12_i_fu_1373_p2  |     +    |      0|  0|   9|          19|          19|
    |tmp_58_13_i_fu_1461_p2  |     +    |      0|  0|   9|          19|          19|
    |tmp_58_2_i_fu_1124_p2   |     +    |      0|  0|   9|          19|          19|
    |tmp_58_5_i_fu_953_p2    |     +    |      0|  0|   9|          19|          19|
    |tmp_58_6_i_fu_1207_p2   |     +    |      0|  0|   9|          19|          19|
    |tmp_5_i_fu_1502_p2      |     +    |      0|  0|  19|          19|          19|
    |tmp_78_10_i_fu_1241_p2  |     +    |      0|  0|   9|          19|          19|
    |tmp_78_12_i_fu_1333_p2  |     +    |      0|  0|   9|          19|          19|
    |tmp_78_13_i_fu_1415_p2  |     +    |      0|  0|   9|          19|          19|
    |tmp_78_2_i_fu_1084_p2   |     +    |      0|  0|   9|          19|          19|
    |tmp_78_5_i_fu_907_p2    |     +    |      0|  0|   9|          19|          19|
    |tmp_78_6_i_fu_1169_p2   |     +    |      0|  0|   9|          19|          19|
    |tmp_fu_895_p2           |     +    |      0|  0|   9|          19|          19|
    |Y_V                     |     -    |      0|  0|  19|          19|          19|
    |tmp_15_10_i_fu_1384_p2  |     -    |      0|  0|   9|          19|          19|
    |tmp_15_11_i_fu_1388_p2  |     -    |      0|  0|   9|          19|          19|
    |tmp_15_12_i_fu_1398_p2  |     -    |      0|  0|   9|          19|          19|
    |tmp_15_13_i_fu_1478_p2  |     -    |      0|  0|   9|          19|          19|
    |tmp_15_14_i_fu_1490_p2  |     -    |      0|  0|   9|          19|          19|
    |tmp_15_1_i_fu_1144_p2   |     -    |      0|  0|   9|          19|          19|
    |tmp_15_2_i_fu_884_p2    |     -    |      0|  0|   9|          19|          19|
    |tmp_15_3_i_fu_1154_p2   |     -    |      0|  0|   9|          19|          19|
    |tmp_15_4_i_fu_964_p2    |     -    |      0|  0|   9|          19|          19|
    |tmp_15_5_i_fu_1226_p2   |     -    |      0|  0|   9|          19|          19|
    |tmp_15_6_i_fu_1302_p2   |     -    |      0|  0|   9|          19|          19|
    |tmp_15_7_i_fu_1312_p2   |     -    |      0|  0|   9|          19|          19|
    |tmp_15_8_i_fu_1318_p2   |     -    |      0|  0|   9|          19|          19|
    |tmp_15_9_i_fu_1069_p2   |     -    |      0|  0|   9|          19|          19|
    |tmp_15_i_fu_1140_p2     |     -    |      0|  0|   9|          19|          19|
    |tmp_1_i4_fu_866_p2      |     -    |      0|  0|   9|           1|          19|
    |tmp_2_i2_fu_1531_p2     |     -    |      0|  0|  19|          19|          19|
    |tmp_2_i_fu_842_p2       |     -    |      0|  0|   9|           1|          19|
    |tmp_35_10_i_fu_1344_p2  |     -    |      0|  0|   9|          19|          19|
    |tmp_35_11_i_fu_1348_p2  |     -    |      0|  0|   9|          19|          19|
    |tmp_35_12_i_fu_1358_p2  |     -    |      0|  0|   9|          19|          19|
    |tmp_35_13_i_fu_1432_p2  |     -    |      0|  0|   9|          19|          19|
    |tmp_35_14_i_fu_1444_p2  |     -    |      0|  0|   9|          19|          19|
    |tmp_35_1_i_fu_1104_p2   |     -    |      0|  0|   9|          19|          19|
    |tmp_35_2_i_fu_860_p2    |     -    |      0|  0|   9|          19|          19|
    |tmp_35_3_i_fu_1114_p2   |     -    |      0|  0|   9|          19|          19|
    |tmp_35_4_i_fu_918_p2    |     -    |      0|  0|   9|          19|          19|
    |tmp_35_5_i_fu_1188_p2   |     -    |      0|  0|   9|          19|          19|
    |tmp_35_6_i_fu_1258_p2   |     -    |      0|  0|   9|          19|          19|
    |tmp_35_7_i_fu_1268_p2   |     -    |      0|  0|   9|          19|          19|
    |tmp_35_8_i_fu_1274_p2   |     -    |      0|  0|   9|          19|          19|
    |tmp_35_9_i_fu_1020_p2   |     -    |      0|  0|   9|          19|          19|
    |tmp_35_i_fu_1100_p2     |     -    |      0|  0|   9|          19|          19|
    |tmp_4_i_fu_1549_p2      |     -    |      0|  0|  19|          19|          19|
    |tmp_55_10_i_fu_1296_p2  |     -    |      0|  0|   9|          19|          19|
    |tmp_55_11_i_fu_1364_p2  |     -    |      0|  0|   9|          19|          19|
    |tmp_55_12_i_fu_1378_p2  |     -    |      0|  0|   9|          19|          19|
    |tmp_55_13_i_fu_1450_p2  |     -    |      0|  0|   9|          19|          19|
    |tmp_55_14_i_fu_1455_p2  |     -    |      0|  0|   9|          19|          19|
    |tmp_55_15_i_fu_1467_p2  |     -    |      0|  0|   9|          19|          19|
    |tmp_55_1_i_fu_872_p2    |     -    |      0|  0|   9|          19|          19|
    |tmp_55_2_i_fu_936_p2    |     -    |      0|  0|   9|          19|          19|
    |tmp_55_3_i_fu_1134_p2   |     -    |      0|  0|   9|          19|          19|
    |tmp_55_4_i_fu_1198_p2   |     -    |      0|  0|   9|          19|          19|
    |tmp_55_5_i_fu_1202_p2   |     -    |      0|  0|   9|          19|          19|
    |tmp_55_6_i_fu_1031_p2   |     -    |      0|  0|   9|          19|          19|
    |tmp_55_7_i_fu_1036_p2   |     -    |      0|  0|   9|          19|          19|
    |tmp_55_8_i_fu_1212_p2   |     -    |      0|  0|   9|          19|          19|
    |tmp_55_9_i_fu_1290_p2   |     -    |      0|  0|   9|          19|          19|
    |tmp_55_i_fu_1129_p2     |     -    |      0|  0|   9|          19|          19|
    |tmp_6_i_fu_1507_p2      |     -    |      0|  0|  19|          19|          19|
    |tmp_75_10_i_fu_1252_p2  |     -    |      0|  0|   9|          19|          19|
    |tmp_75_11_i_fu_1324_p2  |     -    |      0|  0|   9|          19|          19|
    |tmp_75_12_i_fu_1338_p2  |     -    |      0|  0|   9|          19|          19|
    |tmp_75_13_i_fu_1404_p2  |     -    |      0|  0|   9|          19|          19|
    |tmp_75_14_i_fu_1409_p2  |     -    |      0|  0|   9|          19|          19|
    |tmp_75_15_i_fu_1421_p2  |     -    |      0|  0|   9|          19|          19|
    |tmp_75_1_i_fu_848_p2    |     -    |      0|  0|   9|          19|          19|
    |tmp_75_2_i_fu_890_p2    |     -    |      0|  0|   9|          19|          19|
    |tmp_75_3_i_fu_1094_p2   |     -    |      0|  0|   9|          19|          19|
    |tmp_75_4_i_fu_1160_p2   |     -    |      0|  0|   9|          19|          19|
    |tmp_75_5_i_fu_1164_p2   |     -    |      0|  0|   9|          19|          19|
    |tmp_75_6_i_fu_982_p2    |     -    |      0|  0|   9|          19|          19|
    |tmp_75_7_i_fu_987_p2    |     -    |      0|  0|   9|          19|          19|
    |tmp_75_8_i_fu_1174_p2   |     -    |      0|  0|   9|          19|          19|
    |tmp_75_9_i_fu_1246_p2   |     -    |      0|  0|   9|          19|          19|
    |tmp_75_i_fu_1089_p2     |     -    |      0|  0|   9|          19|          19|
    |tmp_i2_fu_1567_p2       |     -    |      0|  0|  19|          19|          19|
    |p_Val2_1_fu_1536_p3     |  Select  |      0|  0|  19|           1|          19|
    |p_Val2_2_fu_1554_p3     |  Select  |      0|  0|  19|           1|          19|
    |p_Val2_3_fu_1572_p3     |  Select  |      0|  0|  19|           1|          19|
    |p_Val2_s_fu_1512_p3     |  Select  |      0|  0|  19|           1|          19|
    |tmp_i1_fu_1520_p2       |   icmp   |      0|  0|   1|           2|           1|
    |tmp_i_fu_1496_p2        |   icmp   |      0|  0|   1|           2|           1|
    +------------------------+----------+-------+---+----+------------+------------+
    |Total                   |          |      0|  0|1446|        2480|        2586|
    +------------------------+----------+-------+---+----+------------+------------+

    * Multiplexer: 
    +--------------------------+----+-----------+-----+-----------+
    |           Name           | LUT| Input Size| Bits| Total Bits|
    +--------------------------+----+-----------+-----+-----------+
    |ap_NS_fsm                 |   4|         11|    1|         11|
    |reg_664                   |  19|          2|   19|         38|
    |reg_670                   |  19|          2|   19|         38|
    |reg_676                   |  19|          2|   19|         38|
    |reg_682                   |  19|          2|   19|         38|
    |reg_699                   |  19|          2|   19|         38|
    |reg_705                   |  19|          2|   19|         38|
    |reg_711                   |  19|          2|   19|         38|
    |reg_717                   |  19|          2|   19|         38|
    |reg_734                   |  19|          2|   19|         38|
    |reg_740                   |  19|          2|   19|         38|
    |reg_772                   |  19|          2|   19|         38|
    |reg_778                   |  19|          2|   19|         38|
    |reg_784                   |  19|          2|   19|         38|
    |reg_816                   |  19|          2|   19|         38|
    |shift_reg_V_0_address0    |   6|          8|    3|         24|
    |shift_reg_V_0_address1    |   3|          7|    3|         21|
    |shift_reg_V_0_d0          |  19|          4|   19|         76|
    |shift_reg_V_0_d1          |  19|          6|   19|        114|
    |shift_reg_V_147_address0  |   3|          7|    3|         21|
    |shift_reg_V_147_address1  |   3|          7|    3|         21|
    |shift_reg_V_147_d0        |  19|          3|   19|         57|
    |shift_reg_V_147_d1        |  19|          3|   19|         57|
    |shift_reg_V_1_0_address0  |   6|          8|    3|         24|
    |shift_reg_V_1_0_address1  |   3|          7|    3|         21|
    |shift_reg_V_1_0_d0        |  19|          4|   19|         76|
    |shift_reg_V_1_0_d1        |  19|          6|   19|        114|
    |shift_reg_V_1_1_address0  |   3|          7|    3|         21|
    |shift_reg_V_1_1_address1  |   3|          7|    3|         21|
    |shift_reg_V_1_1_d0        |  19|          3|   19|         57|
    |shift_reg_V_1_1_d1        |  19|          3|   19|         57|
    |shift_reg_V_1_2_address0  |   3|          7|    3|         21|
    |shift_reg_V_1_2_address1  |   3|          7|    3|         21|
    |shift_reg_V_1_2_d0        |  19|          4|   19|         76|
    |shift_reg_V_1_2_d1        |  19|          4|   19|         76|
    |shift_reg_V_1_3_address0  |   3|          7|    3|         21|
    |shift_reg_V_1_3_address1  |   3|          7|    3|         21|
    |shift_reg_V_1_3_d0        |  19|          4|   19|         76|
    |shift_reg_V_1_3_d1        |  19|          4|   19|         76|
    |shift_reg_V_248_address0  |   3|          7|    3|         21|
    |shift_reg_V_248_address1  |   3|          7|    3|         21|
    |shift_reg_V_248_d0        |  19|          4|   19|         76|
    |shift_reg_V_248_d1        |  19|          4|   19|         76|
    |shift_reg_V_2_0_address0  |   3|          6|    3|         18|
    |shift_reg_V_2_0_address1  |   3|          6|    3|         18|
    |shift_reg_V_2_0_d0        |  19|          4|   19|         76|
    |shift_reg_V_2_0_d1        |  19|          6|   19|        114|
    |shift_reg_V_2_1_address0  |   3|          7|    3|         21|
    |shift_reg_V_2_1_address1  |   3|          7|    3|         21|
    |shift_reg_V_2_1_d0        |  19|          3|   19|         57|
    |shift_reg_V_2_1_d1        |  19|          3|   19|         57|
    |shift_reg_V_2_2_address0  |   3|          7|    3|         21|
    |shift_reg_V_2_2_address1  |   3|          7|    3|         21|
    |shift_reg_V_2_2_d0        |  19|          4|   19|         76|
    |shift_reg_V_2_2_d1        |  19|          4|   19|         76|
    |shift_reg_V_2_3_address0  |   3|          6|    3|         18|
    |shift_reg_V_2_3_address1  |   3|          5|    3|         15|
    |shift_reg_V_2_3_d0        |  19|          4|   19|         76|
    |shift_reg_V_2_3_d1        |  19|          4|   19|         76|
    |shift_reg_V_349_address0  |   3|          7|    3|         21|
    |shift_reg_V_349_address1  |   3|          7|    3|         21|
    |shift_reg_V_349_d0        |  19|          4|   19|         76|
    |shift_reg_V_349_d1        |  19|          4|   19|         76|
    |shift_reg_V_3_0_address0  |   3|          6|    3|         18|
    |shift_reg_V_3_0_address1  |   3|          6|    3|         18|
    |shift_reg_V_3_0_d0        |  19|          4|   19|         76|
    |shift_reg_V_3_0_d1        |  19|          6|   19|        114|
    |shift_reg_V_3_1_address0  |   3|          7|    3|         21|
    |shift_reg_V_3_1_address1  |   3|          7|    3|         21|
    |shift_reg_V_3_1_d0        |  19|          3|   19|         57|
    |shift_reg_V_3_1_d1        |  19|          3|   19|         57|
    |shift_reg_V_3_2_address0  |   3|          7|    3|         21|
    |shift_reg_V_3_2_address1  |   3|          7|    3|         21|
    |shift_reg_V_3_2_d0        |  19|          4|   19|         76|
    |shift_reg_V_3_2_d1        |  19|          4|   19|         76|
    |shift_reg_V_3_3_address0  |   3|          6|    3|         18|
    |shift_reg_V_3_3_address1  |   3|          5|    3|         15|
    |shift_reg_V_3_3_d0        |  19|          4|   19|         76|
    |shift_reg_V_3_3_d1        |  19|          4|   19|         76|
    +--------------------------+----+-----------+-----+-----------+
    |Total                     | 980|        383|  971|       3623|
    +--------------------------+----+-----------+-----+-----------+

    * Register: 
    +---------------------------------+----+----+-----+-----------+
    |               Name              | FF | LUT| Bits| Const Bits|
    +---------------------------------+----+----+-----+-----------+
    |ap_CS_fsm                        |  10|   0|   10|          0|
    |reg_664                          |  19|   0|   19|          0|
    |reg_670                          |  19|   0|   19|          0|
    |reg_676                          |  19|   0|   19|          0|
    |reg_682                          |  19|   0|   19|          0|
    |reg_688                          |  19|   0|   19|          0|
    |reg_693                          |  19|   0|   19|          0|
    |reg_699                          |  19|   0|   19|          0|
    |reg_705                          |  19|   0|   19|          0|
    |reg_711                          |  19|   0|   19|          0|
    |reg_717                          |  19|   0|   19|          0|
    |reg_723                          |  19|   0|   19|          0|
    |reg_728                          |  19|   0|   19|          0|
    |reg_734                          |  19|   0|   19|          0|
    |reg_740                          |  19|   0|   19|          0|
    |reg_747                          |  19|   0|   19|          0|
    |reg_752                          |  19|   0|   19|          0|
    |reg_757                          |  19|   0|   19|          0|
    |reg_762                          |  19|   0|   19|          0|
    |reg_767                          |  19|   0|   19|          0|
    |reg_772                          |  19|   0|   19|          0|
    |reg_778                          |  19|   0|   19|          0|
    |reg_784                          |  19|   0|   19|          0|
    |reg_791                          |  19|   0|   19|          0|
    |reg_796                          |  19|   0|   19|          0|
    |reg_801                          |  19|   0|   19|          0|
    |reg_806                          |  19|   0|   19|          0|
    |reg_811                          |  19|   0|   19|          0|
    |reg_816                          |  19|   0|   19|          0|
    |reg_822                          |  19|   0|   19|          0|
    |reg_827                          |  19|   0|   19|          0|
    |reg_832                          |  19|   0|   19|          0|
    |reg_837                          |  19|   0|   19|          0|
    |shift_reg_V_0_load_4_reg_1982    |  19|   0|   19|          0|
    |shift_reg_V_147_load_2_reg_1696  |  19|   0|   19|          0|
    |shift_reg_V_147_load_3_reg_1848  |  19|   0|   19|          0|
    |shift_reg_V_147_load_4_reg_1866  |  19|   0|   19|          0|
    |shift_reg_V_147_load_6_reg_2006  |  19|   0|   19|          0|
    |shift_reg_V_1_0_load_4_reg_1912  |  19|   0|   19|          0|
    |shift_reg_V_1_1_load_2_reg_1652  |  19|   0|   19|          0|
    |shift_reg_V_1_1_load_3_reg_1763  |  19|   0|   19|          0|
    |shift_reg_V_1_1_load_4_reg_1781  |  19|   0|   19|          0|
    |shift_reg_V_1_1_load_6_reg_1936  |  19|   0|   19|          0|
    |shift_reg_V_1_2_load_2_reg_1642  |  19|   0|   19|          0|
    |shift_reg_V_1_2_load_3_reg_1757  |  19|   0|   19|          0|
    |shift_reg_V_1_2_load_4_reg_1775  |  19|   0|   19|          0|
    |shift_reg_V_1_2_load_6_reg_1930  |  19|   0|   19|          0|
    |shift_reg_V_1_3_load_1_reg_1637  |  19|   0|   19|          0|
    |shift_reg_V_1_3_load_2_reg_1751  |  19|   0|   19|          0|
    |shift_reg_V_1_3_load_3_reg_1769  |  19|   0|   19|          0|
    |shift_reg_V_1_3_load_4_reg_1918  |  19|   0|   19|          0|
    |shift_reg_V_1_3_load_5_reg_1924  |  19|   0|   19|          0|
    |shift_reg_V_248_load_2_reg_1686  |  19|   0|   19|          0|
    |shift_reg_V_248_load_3_reg_1842  |  19|   0|   19|          0|
    |shift_reg_V_248_load_4_reg_1860  |  19|   0|   19|          0|
    |shift_reg_V_248_load_6_reg_2000  |  19|   0|   19|          0|
    |shift_reg_V_2_0_load_4_reg_1947  |  19|   0|   19|          0|
    |shift_reg_V_2_1_load_2_reg_1675  |  19|   0|   19|          0|
    |shift_reg_V_2_1_load_3_reg_1807  |  19|   0|   19|          0|
    |shift_reg_V_2_1_load_4_reg_1825  |  19|   0|   19|          0|
    |shift_reg_V_2_1_load_6_reg_1971  |  19|   0|   19|          0|
    |shift_reg_V_2_2_load_2_reg_1669  |  19|   0|   19|          0|
    |shift_reg_V_2_2_load_3_reg_1792  |  19|   0|   19|          0|
    |shift_reg_V_2_2_load_4_reg_1819  |  19|   0|   19|          0|
    |shift_reg_V_2_2_load_6_reg_1965  |  19|   0|   19|          0|
    |shift_reg_V_2_3_load_1_reg_1663  |  19|   0|   19|          0|
    |shift_reg_V_2_3_load_2_reg_1787  |  19|   0|   19|          0|
    |shift_reg_V_2_3_load_3_reg_1813  |  19|   0|   19|          0|
    |shift_reg_V_2_3_load_4_reg_1953  |  19|   0|   19|          0|
    |shift_reg_V_2_3_load_5_reg_1959  |  19|   0|   19|          0|
    |shift_reg_V_349_load_1_reg_1681  |  19|   0|   19|          0|
    |shift_reg_V_349_load_2_reg_1836  |  19|   0|   19|          0|
    |shift_reg_V_349_load_3_reg_1854  |  19|   0|   19|          0|
    |shift_reg_V_349_load_4_reg_1988  |  19|   0|   19|          0|
    |shift_reg_V_349_load_5_reg_1994  |  19|   0|   19|          0|
    |shift_reg_V_3_0_load_4_reg_1877  |  19|   0|   19|          0|
    |shift_reg_V_3_1_load_2_reg_1631  |  19|   0|   19|          0|
    |shift_reg_V_3_1_load_3_reg_1722  |  19|   0|   19|          0|
    |shift_reg_V_3_1_load_4_reg_1740  |  19|   0|   19|          0|
    |shift_reg_V_3_1_load_6_reg_1901  |  19|   0|   19|          0|
    |shift_reg_V_3_2_load_2_reg_1625  |  19|   0|   19|          0|
    |shift_reg_V_3_2_load_3_reg_1707  |  19|   0|   19|          0|
    |shift_reg_V_3_2_load_4_reg_1734  |  19|   0|   19|          0|
    |shift_reg_V_3_2_load_6_reg_1895  |  19|   0|   19|          0|
    |shift_reg_V_3_3_load_1_reg_1619  |  19|   0|   19|          0|
    |shift_reg_V_3_3_load_2_reg_1702  |  19|   0|   19|          0|
    |shift_reg_V_3_3_load_3_reg_1728  |  19|   0|   19|          0|
    |shift_reg_V_3_3_load_4_reg_1883  |  19|   0|   19|          0|
    |shift_reg_V_3_3_load_5_reg_1889  |  19|   0|   19|          0|
    |tmp10_reg_1647                   |  19|   0|   19|          0|
    |tmp14_reg_1797                   |  19|   0|   19|          0|
    |tmp17_reg_1802                   |  19|   0|   19|          0|
    |tmp22_reg_1691                   |  19|   0|   19|          0|
    |tmp2_reg_1712                    |  19|   0|   19|          0|
    |tmp5_reg_1717                    |  19|   0|   19|          0|
    |tmp_15_12_i_reg_2067             |  19|   0|   19|          0|
    |tmp_15_14_i_reg_2090             |  19|   0|   19|          0|
    |tmp_15_2_i_reg_1609              |  19|   0|   19|          0|
    |tmp_15_3_i_reg_1977              |  19|   0|   19|          0|
    |tmp_15_8_i_reg_2047              |  19|   0|   19|          0|
    |tmp_18_10_i_reg_2027             |  19|   0|   19|          0|
    |tmp_18_i_reg_1831                |  19|   0|   19|          0|
    |tmp_35_12_i_reg_2057             |  19|   0|   19|          0|
    |tmp_35_14_i_reg_2078             |  19|   0|   19|          0|
    |tmp_35_2_i_reg_1599              |  19|   0|   19|          0|
    |tmp_35_3_i_reg_1907              |  19|   0|   19|          0|
    |tmp_35_8_i_reg_2037              |  19|   0|   19|          0|
    |tmp_38_10_i_reg_2017             |  19|   0|   19|          0|
    |tmp_38_i_reg_1746                |  19|   0|   19|          0|
    |tmp_55_10_i_reg_2042             |  19|   0|   19|          0|
    |tmp_55_12_i_reg_2062             |  19|   0|   19|          0|
    |tmp_55_15_i_reg_2084             |  19|   0|   19|          0|
    |tmp_55_1_i_reg_1604              |  19|   0|   19|          0|
    |tmp_55_3_i_reg_1942              |  19|   0|   19|          0|
    |tmp_55_8_i_reg_2022              |  19|   0|   19|          0|
    |tmp_58_5_i_reg_1658              |  19|   0|   19|          0|
    |tmp_75_10_i_reg_2032             |  19|   0|   19|          0|
    |tmp_75_12_i_reg_2052             |  19|   0|   19|          0|
    |tmp_75_15_i_reg_2072             |  19|   0|   19|          0|
    |tmp_75_1_i_reg_1594              |  19|   0|   19|          0|
    |tmp_75_3_i_reg_1872              |  19|   0|   19|          0|
    |tmp_75_8_i_reg_2012              |  19|   0|   19|          0|
    |tmp_78_5_i_reg_1614              |  19|   0|   19|          0|
    +---------------------------------+----+----+-----+-----------+
    |Total                            |2328|   0| 2328|          0|
    +---------------------------------+----+----+-----+-----------+



================================================================
== Interface
================================================================
* Summary: 
+------------+-----+-----+------------+--------------+--------------+
|  RTL Ports | Dir | Bits|  Protocol  | Source Object|    C Type    |
+------------+-----+-----+------------+--------------+--------------+
|ap_clk      |  in |    1| ap_ctrl_hs |      fir     | return value |
|ap_rst      |  in |    1| ap_ctrl_hs |      fir     | return value |
|ap_start    |  in |    1| ap_ctrl_hs |      fir     | return value |
|ap_done     | out |    1| ap_ctrl_hs |      fir     | return value |
|ap_idle     | out |    1| ap_ctrl_hs |      fir     | return value |
|ap_ready    | out |    1| ap_ctrl_hs |      fir     | return value |
|I_V         |  in |   19|   ap_none  |      I_V     |    scalar    |
|Q_V         |  in |   19|   ap_none  |      Q_V     |    scalar    |
|X_V         | out |   19|   ap_vld   |      X_V     |    pointer   |
|X_V_ap_vld  | out |    1|   ap_vld   |      X_V     |    pointer   |
|Y_V         | out |   19|   ap_vld   |      Y_V     |    pointer   |
|Y_V_ap_vld  | out |    1|   ap_vld   |      Y_V     |    pointer   |
+------------+-----+-----+------------+--------------+--------------+

