

================================================================
== Vivado HLS Report for 'cordiccart2pol'
================================================================
* Date:           Thu Oct 20 05:02:53 2016

* Version:        2015.4 (Build 1412921 on Wed Nov 18 09:58:55 AM 2015)
* Project:        cordic_LUT
* Solution:       baseline
* Product family: zynq
* Target device:  xc7z020clg484-1


================================================================
== Performance Estimates
================================================================
+ Timing (ns): 
    * Summary: 
    +--------+-------+----------+------------+
    |  Clock | Target| Estimated| Uncertainty|
    +--------+-------+----------+------------+
    |ap_clk  |  10.00|      8.44|        1.25|
    +--------+-------+----------+------------+

+ Latency (clock cycles): 
    * Summary: 
    +-----+-----+-----+-----+---------+
    |  Latency  |  Interval | Pipeline|
    | min | max | min | max |   Type  |
    +-----+-----+-----+-----+---------+
    |    6|    6|    7|    7|   none  |
    +-----+-----+-----+-----+---------+

    + Detail: 
        * Instance: 
        N/A

        * Loop: 
        N/A



================================================================
== Utilization Estimates
================================================================
* Summary: 
+-----------------+---------+-------+--------+-------+
|       Name      | BRAM_18K| DSP48E|   FF   |  LUT  |
+-----------------+---------+-------+--------+-------+
|DSP              |        -|      -|       -|      -|
|Expression       |        -|      -|       0|   3258|
|FIFO             |        -|      -|       -|      -|
|Instance         |        -|      0|     200|    276|
|Memory           |        4|      -|       0|      0|
|Multiplexer      |        -|      -|       -|      2|
|Register         |        -|      -|     731|      -|
+-----------------+---------+-------+--------+-------+
|Total            |        4|      0|     931|   3536|
+-----------------+---------+-------+--------+-------+
|Available        |      280|    220|  106400|  53200|
+-----------------+---------+-------+--------+-------+
|Utilization (%)  |        1|      0|   ~0   |      6|
+-----------------+---------+-------+--------+-------+

+ Detail: 
    * Instance: 
    +-----------------------------------+--------------------------------+---------+-------+-----+-----+
    |              Instance             |             Module             | BRAM_18K| DSP48E|  FF | LUT |
    +-----------------------------------+--------------------------------+---------+-------+-----+-----+
    |cordiccart2pol_fpext_32ns_64_1_U0  |cordiccart2pol_fpext_32ns_64_1  |        0|      0|  100|  138|
    |cordiccart2pol_fpext_32ns_64_1_U1  |cordiccart2pol_fpext_32ns_64_1  |        0|      0|  100|  138|
    +-----------------------------------+--------------------------------+---------+-------+-----+-----+
    |Total                              |                                |        0|      0|  200|  276|
    +-----------------------------------+--------------------------------+---------+-------+-----+-----+

    * DSP48: 
    N/A

    * Memory: 
    +-------------+-------------------------+---------+---+----+------+-----+------+-------------+
    |    Memory   |          Module         | BRAM_18K| FF| LUT| Words| Bits| Banks| W*Bits*Banks|
    +-------------+-------------------------+---------+---+----+------+-----+------+-------------+
    |my_LUT_r_U   |cordiccart2pol_my_LUT_r  |        2|  0|   0|  1024|   32|     1|        32768|
    |my_LUT_th_U  |cordiccart2pol_my_LUT_r  |        2|  0|   0|  1024|   32|     1|        32768|
    +-------------+-------------------------+---------+---+----+------+-----+------+-------------+
    |Total        |                         |        4|  0|   0|  2048|   64|     2|        65536|
    +-------------+-------------------------+---------+---+----+------+-----+------+-------------+

    * FIFO: 
    N/A

    * Expression: 
    +-------------------------------------+----------+-------+---+-----+------------+------------+
    |            Variable Name            | Operation| DSP48E| FF| LUT | Bitwidth P0| Bitwidth P1|
    +-------------------------------------+----------+-------+---+-----+------------+------------+
    |exp_V_1_fu_753_p2                    |     +    |      0|  0|    6|          11|          12|
    |exp_V_fu_462_p2                      |     +    |      0|  0|    6|          11|          12|
    |fixed_x_V_7_fu_1047_p2               |     +    |      0|  0|   32|          32|          32|
    |fixed_y_V_7_fu_1246_p2               |     +    |      0|  0|   32|          32|          32|
    |pos1_1_fu_939_p2                     |     +    |      0|  0|   12|           2|          12|
    |pos1_fu_648_p2                       |     +    |      0|  0|   12|           2|          12|
    |pos2_1_fu_948_p2                     |     +    |      0|  0|   12|           2|          12|
    |pos2_fu_657_p2                       |     +    |      0|  0|   12|           2|          12|
    |tmp_11_fu_277_p2                     |     +    |      0|  0|   12|           6|          12|
    |tmp_12_fu_311_p2                     |     +    |      0|  0|   12|           7|          12|
    |tmp_18_fu_626_p2                     |     +    |      0|  0|    6|          12|          12|
    |tmp_36_fu_763_p2                     |     +    |      0|  0|   12|           6|          12|
    |tmp_45_fu_388_p2                     |     +    |      0|  0|   12|           6|          12|
    |tmp_47_fu_422_p2                     |     +    |      0|  0|   12|           7|          12|
    |tmp_54_fu_917_p2                     |     +    |      0|  0|    6|          12|          12|
    |tmp_s_fu_472_p2                      |     +    |      0|  0|   12|           6|          12|
    |F2_1_fu_378_p2                       |     -    |      0|  0|   12|          11|          12|
    |F2_fu_267_p2                         |     -    |      0|  0|   12|          11|          12|
    |man_V_1_fu_254_p2                    |     -    |      0|  0|   54|           1|          54|
    |man_V_3_fu_365_p2                    |     -    |      0|  0|   54|           1|          54|
    |p_op1_fu_438_p2                      |     -    |      0|  0|    6|           5|           6|
    |p_op_fu_327_p2                       |     -    |      0|  0|    6|           5|           6|
    |tmp_1_fu_477_p2                      |     -    |      0|  0|   12|           5|          12|
    |tmp_37_fu_768_p2                     |     -    |      0|  0|   12|           5|          12|
    |Range1_all_ones_2_i1_fu_1202_p3      |  Select  |      0|  0|    1|           1|           1|
    |Range1_all_ones_2_i_fu_1401_p3       |  Select  |      0|  0|    1|           1|           1|
    |Range1_all_zeros_2_i1_fu_1218_p3     |  Select  |      0|  0|    1|           1|           1|
    |Range1_all_zeros_2_i_fu_1417_p3      |  Select  |      0|  0|    1|           1|           1|
    |Range2_all_ones_1_i1_fu_1145_p3      |  Select  |      0|  0|    1|           1|           1|
    |Range2_all_ones_1_i_fu_1344_p3       |  Select  |      0|  0|    1|           1|           1|
    |deleted_ones_1_fu_1591_p3            |  Select  |      0|  0|    1|           1|           1|
    |deleted_ones_fu_1475_p3              |  Select  |      0|  0|    1|           1|           1|
    |deleted_zeros_1_fu_1578_p3           |  Select  |      0|  0|    1|           1|           1|
    |deleted_zeros_fu_1462_p3             |  Select  |      0|  0|    1|           1|           1|
    |fixed_x_V_1_fu_526_p3                |  Select  |      0|  0|   32|           1|          32|
    |fixed_x_V_3_fu_1066_p3               |  Select  |      0|  0|   32|           1|          32|
    |fixed_x_V_4_fu_1087_p3               |  Select  |      0|  0|   32|           1|          32|
    |fixed_x_V_8_fu_1095_p3               |  Select  |      0|  0|   32|           1|          32|
    |fixed_y_V_1_fu_817_p3                |  Select  |      0|  0|   32|           1|          32|
    |fixed_y_V_3_fu_1265_p3               |  Select  |      0|  0|   32|           1|          32|
    |fixed_y_V_4_fu_1286_p3               |  Select  |      0|  0|   32|           1|          32|
    |fixed_y_V_8_fu_1294_p3               |  Select  |      0|  0|   32|           1|          32|
    |man_V_6_fu_371_p3                    |  Select  |      0|  0|   54|           1|          54|
    |man_V_fu_260_p3                      |  Select  |      0|  0|   54|           1|          54|
    |p_Repl2_1_fu_1633_p3                 |  Select  |      0|  0|    1|           1|           1|
    |p_Repl2_s_fu_1517_p3                 |  Select  |      0|  0|    1|           1|           1|
    |p_Val2_0_i_i1_fu_547_p3              |  Select  |      0|  0|    2|           1|           2|
    |p_Val2_0_i_i3_fu_838_p3              |  Select  |      0|  0|    2|           1|           2|
    |p_Val2_2_fu_554_p3                   |  Select  |      0|  0|   32|           1|          32|
    |p_Val2_7_fu_845_p3                   |  Select  |      0|  0|   32|           1|          32|
    |qb_1_fu_859_p3                       |  Select  |      0|  0|    1|           1|           1|
    |qb_fu_568_p3                         |  Select  |      0|  0|    1|           1|           1|
    |sel_tmp17_fu_1393_p3                 |  Select  |      0|  0|    1|           1|           1|
    |sel_tmp18_fu_1409_p3                 |  Select  |      0|  0|    1|           1|           1|
    |sel_tmp4_fu_1194_p3                  |  Select  |      0|  0|    1|           1|           1|
    |sel_tmp5_fu_1210_p3                  |  Select  |      0|  0|    1|           1|           1|
    |sh_amt_1_fu_773_p3                   |  Select  |      0|  0|   12|           1|          12|
    |sh_amt_fu_482_p3                     |  Select  |      0|  0|   12|           1|          12|
    |tmp107_cast_cast_fu_618_p3           |  Select  |      0|  0|    2|           1|           2|
    |tmp113_cast_cast_fu_909_p3           |  Select  |      0|  0|    2|           1|           2|
    |tmp_105_fu_1762_p3                   |  Select  |      0|  0|    5|           1|           1|
    |tmp_107_fu_1782_p3                   |  Select  |      0|  0|    5|           1|           1|
    |tmp_46_fu_333_p3                     |  Select  |      0|  0|    6|           1|           1|
    |tmp_66_fu_1768_p3                    |  Select  |      0|  0|    5|           1|           5|
    |tmp_68_fu_1775_p3                    |  Select  |      0|  0|    5|           1|           5|
    |tmp_70_fu_1788_p3                    |  Select  |      0|  0|    5|           1|           5|
    |tmp_71_fu_1795_p3                    |  Select  |      0|  0|    5|           1|           5|
    |tmp_91_fu_444_p3                     |  Select  |      0|  0|    6|           1|           1|
    |Range1_all_ones_1_fu_1130_p2         |    and   |      0|  0|    1|           1|           1|
    |Range1_all_ones_2_fu_1356_p2         |    and   |      0|  0|    1|           1|           1|
    |Range1_all_ones_2_i1_8_fu_1482_p2    |    and   |      0|  0|    1|           1|           1|
    |Range1_all_ones_2_i_9_fu_1598_p2     |    and   |      0|  0|    1|           1|           1|
    |Range1_all_ones_2_mux_i1_fu_1471_p2  |    and   |      0|  0|    1|           1|           1|
    |Range1_all_ones_2_mux_i_fu_1587_p2   |    and   |      0|  0|    1|           1|           1|
    |Range1_all_ones_3_fu_1329_p2         |    and   |      0|  0|    1|           1|           1|
    |Range1_all_ones_fu_1157_p2           |    and   |      0|  0|    1|           1|           1|
    |brmerge121_demorgan_i1_fu_1552_p2    |    and   |      0|  0|    1|           1|           1|
    |brmerge121_demorgan_i_fu_1668_p2     |    and   |      0|  0|    1|           1|           1|
    |carry_1_i1_fu_1106_p2                |    and   |      0|  0|    1|           1|           1|
    |carry_1_i_fu_1305_p2                 |    and   |      0|  0|    1|           1|           1|
    |deleted_zeros_0_not_i1_fu_1531_p2    |    and   |      0|  0|    1|           1|           1|
    |deleted_zeros_0_not_i_fu_1647_p2     |    and   |      0|  0|    1|           1|           1|
    |or_cond115_i1_fu_1140_p2             |    and   |      0|  0|    1|           1|           1|
    |or_cond115_i_fu_1339_p2              |    and   |      0|  0|    1|           1|           1|
    |or_cond117_i1_fu_1152_p2             |    and   |      0|  0|    1|           1|           1|
    |or_cond117_i_fu_1351_p2              |    and   |      0|  0|    1|           1|           1|
    |overflow_1_fu_1662_p2                |    and   |      0|  0|    1|           1|           1|
    |overflow_fu_1546_p2                  |    and   |      0|  0|    1|           1|           1|
    |p_122_i1_fu_1169_p2                  |    and   |      0|  0|    1|           1|           1|
    |p_122_i_fu_1368_p2                   |    and   |      0|  0|    1|           1|           1|
    |p_Result_3_fu_865_p2                 |    and   |      0|  0|   74|          54|          54|
    |p_Result_s_fu_574_p2                 |    and   |      0|  0|   74|          54|          54|
    |qb_assign_1_fu_602_p2                |    and   |      0|  0|    1|           1|           1|
    |qb_assign_3_fu_893_p2                |    and   |      0|  0|    1|           1|           1|
    |r_1_fu_584_p2                        |    and   |      0|  0|    1|           1|           1|
    |r_2_fu_875_p2                        |    and   |      0|  0|    1|           1|           1|
    |sel_tmp11_fu_1733_p2                 |    and   |      0|  0|    1|           1|           1|
    |sel_tmp13_fu_1281_p2                 |    and   |      0|  0|    1|           1|           1|
    |sel_tmp16_fu_1388_p2                 |    and   |      0|  0|    1|           1|           1|
    |sel_tmp20_fu_1624_p2                 |    and   |      0|  0|    1|           1|           1|
    |sel_tmp21_fu_1629_p2                 |    and   |      0|  0|    1|           1|           1|
    |sel_tmp23_fu_1757_p2                 |    and   |      0|  0|    1|           1|           1|
    |sel_tmp2_fu_1189_p2                  |    and   |      0|  0|    1|           1|           1|
    |sel_tmp3_fu_1082_p2                  |    and   |      0|  0|    1|           1|           1|
    |sel_tmp8_fu_1508_p2                  |    and   |      0|  0|    1|           1|           1|
    |sel_tmp9_fu_1513_p2                  |    and   |      0|  0|    1|           1|           1|
    |tmp10_fu_1751_p2                     |    and   |      0|  0|    1|           1|           1|
    |tmp1_fu_1077_p2                      |    and   |      0|  0|    1|           1|           1|
    |tmp2_fu_1101_p2                      |    and   |      0|  0|    1|           1|           1|
    |tmp3_fu_1125_p2                      |    and   |      0|  0|    1|           1|           1|
    |tmp4_fu_1503_p2                      |    and   |      0|  0|    1|           1|           1|
    |tmp5_fu_1727_p2                      |    and   |      0|  0|    1|           1|           1|
    |tmp6_fu_1276_p2                      |    and   |      0|  0|    1|           1|           1|
    |tmp7_fu_1300_p2                      |    and   |      0|  0|    1|           1|           1|
    |tmp8_fu_1324_p2                      |    and   |      0|  0|    1|           1|           1|
    |tmp9_fu_1619_p2                      |    and   |      0|  0|    1|           1|           1|
    |underflow_1_fu_1679_p2               |    and   |      0|  0|    1|           1|           1|
    |underflow_fu_1563_p2                 |    and   |      0|  0|    1|           1|           1|
    |tmp_22_fu_684_p2                     |   ashr   |      0|  0|  160|          54|          54|
    |tmp_43_fu_829_p2                     |   ashr   |      0|  0|  160|          54|          54|
    |tmp_57_fu_975_p2                     |   ashr   |      0|  0|  160|          54|          54|
    |tmp_9_fu_538_p2                      |   ashr   |      0|  0|  160|          54|          54|
    |QUAN_INC_1_fu_758_p2                 |   icmp   |      0|  0|    5|          12|           5|
    |QUAN_INC_fu_467_p2                   |   icmp   |      0|  0|    5|          12|           5|
    |Range1_all_zeros_1_fu_740_p2         |   icmp   |      0|  0|   19|          54|           1|
    |Range1_all_zeros_3_fu_1031_p2        |   icmp   |      0|  0|   19|          54|           1|
    |Range2_all_ones_1_fu_1013_p2         |   icmp   |      0|  0|   19|          54|          54|
    |Range2_all_ones_fu_722_p2            |   icmp   |      0|  0|   19|          54|          54|
    |icmp1_fu_806_p2                      |   icmp   |      0|  0|    3|           7|           1|
    |icmp2_fu_416_p2                      |   icmp   |      0|  0|    3|           7|           1|
    |icmp3_fu_933_p2                      |   icmp   |      0|  0|    4|          11|           1|
    |icmp5_fu_305_p2                      |   icmp   |      0|  0|    3|           7|           1|
    |icmp8_fu_642_p2                      |   icmp   |      0|  0|    4|          11|           1|
    |icmp_fu_515_p2                       |   icmp   |      0|  0|    3|           7|           1|
    |not_sel_tmp1_fu_904_p2               |   icmp   |      0|  0|    5|          12|           5|
    |not_sel_tmp_fu_613_p2                |   icmp   |      0|  0|    5|          12|           5|
    |sel_tmp14_fu_899_p2                  |   icmp   |      0|  0|    5|          12|           5|
    |sel_tmp7_fu_608_p2                   |   icmp   |      0|  0|    5|          12|           5|
    |tmp_10_fu_562_p2                     |   icmp   |      0|  0|    5|          12|           6|
    |tmp_14_fu_317_p2                     |   icmp   |      0|  0|    5|          12|           6|
    |tmp_15_fu_578_p2                     |   icmp   |      0|  0|   19|          54|           1|
    |tmp_19_fu_666_p2                     |   icmp   |      0|  0|    5|          12|           6|
    |tmp_24_fu_701_p2                     |   icmp   |      0|  0|    5|          12|           6|
    |tmp_27_fu_728_p2                     |   icmp   |      0|  0|   19|          54|           1|
    |tmp_28_fu_734_p2                     |   icmp   |      0|  0|    5|          12|           6|
    |tmp_35_fu_234_p2                     |   icmp   |      0|  0|   22|          63|           1|
    |tmp_38_fu_785_p2                     |   icmp   |      0|  0|    5|          12|           5|
    |tmp_39_fu_790_p2                     |   icmp   |      0|  0|    5|          12|           6|
    |tmp_3_fu_494_p2                      |   icmp   |      0|  0|    5|          12|           5|
    |tmp_44_fu_853_p2                     |   icmp   |      0|  0|    5|          12|           6|
    |tmp_48_fu_428_p2                     |   icmp   |      0|  0|    5|          12|           6|
    |tmp_50_fu_869_p2                     |   icmp   |      0|  0|   19|          54|           1|
    |tmp_55_fu_957_p2                     |   icmp   |      0|  0|    5|          12|           6|
    |tmp_58_fu_992_p2                     |   icmp   |      0|  0|    5|          12|           6|
    |tmp_5_fu_499_p2                      |   icmp   |      0|  0|    5|          12|           6|
    |tmp_61_fu_1019_p2                    |   icmp   |      0|  0|   19|          54|           1|
    |tmp_63_fu_1025_p2                    |   icmp   |      0|  0|    5|          12|           6|
    |tmp_7_fu_198_p2                      |   icmp   |      0|  0|   22|          63|           1|
    |Range2_V_1_fu_711_p2                 |   lshr   |      0|  0|  160|          54|          54|
    |Range2_V_3_fu_1002_p2                |   lshr   |      0|  0|  160|          54|          54|
    |r_V_1_fu_1007_p2                     |   lshr   |      0|  0|  160|           2|          54|
    |r_V_fu_716_p2                        |   lshr   |      0|  0|  160|           2|          54|
    |tmp_52_fu_345_p2                     |   lshr   |      0|  0|  160|           2|          54|
    |tmp_93_fu_456_p2                     |   lshr   |      0|  0|  160|           2|          54|
    |brmerge123_i1_fu_1467_p2             |    or    |      0|  0|    1|           1|           1|
    |brmerge123_i_fu_1583_p2              |    or    |      0|  0|    1|           1|           1|
    |brmerge_i1_fu_1536_p2                |    or    |      0|  0|    1|           1|           1|
    |brmerge_i_fu_1652_p2                 |    or    |      0|  0|    1|           1|           1|
    |brmerge_i_i1_fu_1714_p2              |    or    |      0|  0|    1|           1|           1|
    |brmerge_i_i_fu_1738_p2               |    or    |      0|  0|    1|           1|           1|
    |deleted_ones_0_i1_fu_1497_p2         |    or    |      0|  0|    1|           1|           1|
    |deleted_ones_0_i_fu_1613_p2          |    or    |      0|  0|    1|           1|           1|
    |p_119_i1_fu_1174_p2                  |    or    |      0|  0|    1|           1|           1|
    |p_119_i_fu_1373_p2                   |    or    |      0|  0|    1|           1|           1|
    |p_120_i1_fu_1238_p2                  |    or    |      0|  0|    1|           1|           1|
    |p_120_i_fu_1437_p2                   |    or    |      0|  0|    1|           1|           1|
    |p_r_i_i1_fu_597_p2                   |    or    |      0|  0|    1|           1|           1|
    |p_r_i_i_fu_888_p2                    |    or    |      0|  0|    1|           1|           1|
    |sel_tmp15_fu_1383_p2                 |    or    |      0|  0|    1|           1|           1|
    |sel_tmp45_demorgan_fu_1718_p2        |    or    |      0|  0|    1|           1|           1|
    |sel_tmp99_demorgan_fu_1742_p2        |    or    |      0|  0|    1|           1|           1|
    |sel_tmp_fu_1184_p2                   |    or    |      0|  0|    1|           1|           1|
    |tmp_40_fu_812_p2                     |    shl   |      0|  0|   88|          32|          32|
    |tmp_6_fu_521_p2                      |    shl   |      0|  0|   88|          32|          32|
    |Range1_all_zeros_2_fu_1362_p2        |    xor   |      0|  0|    2|           1|           2|
    |Range1_all_zeros_fu_1163_p2          |    xor   |      0|  0|    2|           1|           2|
    |Range2_all_ones_1_not_i1_fu_1232_p2  |    xor   |      0|  0|    2|           1|           2|
    |Range2_all_ones_1_not_i_fu_1431_p2   |    xor   |      0|  0|    2|           1|           2|
    |brmerge121_i1_fu_1557_p2             |    xor   |      0|  0|    2|           1|           2|
    |brmerge121_i_fu_1673_p2              |    xor   |      0|  0|    2|           1|           2|
    |carry_1_not_i1_fu_1226_p2            |    xor   |      0|  0|    2|           1|           2|
    |carry_1_not_i_fu_1425_p2             |    xor   |      0|  0|    2|           1|           2|
    |deleted_zeros_1_not_fu_1641_p2       |    xor   |      0|  0|    2|           1|           2|
    |deleted_zeros_not_fu_1525_p2         |    xor   |      0|  0|    2|           1|           2|
    |rev1_fu_1135_p2                      |    xor   |      0|  0|    2|           1|           2|
    |rev2_fu_1319_p2                      |    xor   |      0|  0|    2|           1|           2|
    |rev3_fu_1334_p2                      |    xor   |      0|  0|    2|           1|           2|
    |rev_fu_1120_p2                       |    xor   |      0|  0|    2|           1|           2|
    |sel_tmp10_fu_1722_p2                 |    xor   |      0|  0|    2|           1|           2|
    |sel_tmp12_fu_1271_p2                 |    xor   |      0|  0|    2|           1|           2|
    |sel_tmp19_fu_1608_p2                 |    xor   |      0|  0|    2|           1|           2|
    |sel_tmp1_fu_1072_p2                  |    xor   |      0|  0|    2|           1|           2|
    |sel_tmp22_fu_1746_p2                 |    xor   |      0|  0|    2|           1|           2|
    |sel_tmp6_fu_1492_p2                  |    xor   |      0|  0|    2|           1|           2|
    |tmp_17_fu_1060_p2                    |    xor   |      0|  0|    2|           1|           2|
    |tmp_27_not_fu_1179_p2                |    xor   |      0|  0|    2|           1|           2|
    |tmp_29_fu_1486_p2                    |    xor   |      0|  0|    2|           1|           2|
    |tmp_31_fu_1541_p2                    |    xor   |      0|  0|    2|           1|           2|
    |tmp_53_fu_1259_p2                    |    xor   |      0|  0|    2|           1|           2|
    |tmp_63_not_fu_1378_p2                |    xor   |      0|  0|    2|           1|           2|
    |tmp_64_fu_1602_p2                    |    xor   |      0|  0|    2|           1|           2|
    |tmp_65_fu_1657_p2                    |    xor   |      0|  0|    2|           1|           2|
    +-------------------------------------+----------+-------+---+-----+------------+------------+
    |Total                                |          |      0|  0| 3258|        1690|        1970|
    +-------------------------------------+----------+-------+---+-----+------------+------------+

    * Multiplexer: 
    +-----------+----+-----------+-----+-----------+
    |    Name   | LUT| Input Size| Bits| Total Bits|
    +-----------+----+-----------+-----+-----------+
    |ap_NS_fsm  |   2|          8|    1|          8|
    +-----------+----+-----------+-----+-----------+
    |Total      |   2|          8|    1|          8|
    +-----------+----+-----------+-----+-----------+

    * Register: 
    +-----------------------------------+----+----+-----+-----------+
    |                Name               | FF | LUT| Bits| Const Bits|
    +-----------------------------------+----+----+-----+-----------+
    |F2_1_reg_1933                      |  12|   0|   12|          0|
    |F2_reg_1886                        |  12|   0|   12|          0|
    |QUAN_INC_1_reg_2069                |   1|   0|    1|          0|
    |QUAN_INC_reg_1966                  |   1|   0|    1|          0|
    |Range1_all_ones_2_i1_reg_2190      |   1|   0|    1|          0|
    |Range1_all_ones_2_i_reg_2236       |   1|   0|    1|          0|
    |Range1_all_zeros_1_reg_2059        |   1|   0|    1|          0|
    |Range1_all_zeros_2_i1_reg_2197     |   1|   0|    1|          0|
    |Range1_all_zeros_2_i_reg_2243      |   1|   0|    1|          0|
    |Range1_all_zeros_3_reg_2162        |   1|   0|    1|          0|
    |Range2_all_ones_1_not_i1_reg_2208  |   1|   0|    1|          0|
    |Range2_all_ones_1_not_i_reg_2254   |   1|   0|    1|          0|
    |Range2_all_ones_1_reg_2147         |   1|   0|    1|          0|
    |Range2_all_ones_reg_2044           |   1|   0|    1|          0|
    |ap_CS_fsm                          |   7|   0|    7|          0|
    |carry_1_i1_reg_2177                |   1|   0|    1|          0|
    |carry_1_i_reg_2223                 |   1|   0|    1|          0|
    |carry_1_not_i1_reg_2202            |   1|   0|    1|          0|
    |carry_1_not_i_reg_2248             |   1|   0|    1|          0|
    |exp_tmp_V_1_reg_1855               |  11|   0|   11|          0|
    |exp_tmp_V_reg_1827                 |  11|   0|   11|          0|
    |fixed_x_V_1_reg_1977               |  32|   0|   32|          0|
    |fixed_x_V_8_reg_2172               |  32|   0|   32|          0|
    |fixed_x_V_reg_1898                 |  32|   0|   32|          0|
    |fixed_y_V_1_reg_2080               |  32|   0|   32|          0|
    |fixed_y_V_8_reg_2218               |  32|   0|   32|          0|
    |fixed_y_V_reg_1945                 |  32|   0|   32|          0|
    |icmp2_reg_1956                     |   1|   0|    1|          0|
    |icmp3_reg_2110                     |   1|   0|    1|          0|
    |icmp5_reg_1909                     |   1|   0|    1|          0|
    |icmp8_reg_2007                     |   1|   0|    1|          0|
    |isneg_1_reg_1844                   |   1|   0|    1|          0|
    |isneg_reg_1816                     |   1|   0|    1|          0|
    |lD_1_reg_2130                      |   1|   0|    1|          0|
    |lD_reg_2027                        |   1|   0|    1|          0|
    |man_V_6_reg_1924                   |  54|   0|   54|          0|
    |man_V_reg_1877                     |  54|   0|   54|          0|
    |newsignbit_1_reg_2229              |   1|   0|    1|          0|
    |newsignbit_reg_2183                |   1|   0|    1|          0|
    |not_sel_tmp1_reg_2105              |   1|   0|    1|          0|
    |not_sel_tmp_reg_2002               |   1|   0|    1|          0|
    |overflow_1_reg_2286                |   1|   0|    1|          0|
    |overflow_reg_2276                  |   1|   0|    1|          0|
    |p_120_i1_reg_2213                  |   1|   0|    1|          0|
    |p_120_i_reg_2259                   |   1|   0|    1|          0|
    |p_Val2_2_reg_1982                  |  32|   0|   32|          0|
    |p_Val2_7_reg_2085                  |  32|   0|   32|          0|
    |qb_assign_1_reg_1992               |   1|   0|    1|          0|
    |qb_assign_3_reg_2095               |   1|   0|    1|          0|
    |sel_tmp14_reg_2100                 |   1|   0|    1|          0|
    |sel_tmp7_reg_1997                  |   1|   0|    1|          0|
    |tmp_101_reg_2135                   |   1|   0|    1|          0|
    |tmp_102_reg_2167                   |   1|   0|    1|          0|
    |tmp_104_reg_2264                   |   5|   0|    5|          0|
    |tmp_106_reg_2270                   |   5|   0|    5|          0|
    |tmp_13_reg_1832                    |  52|   0|   52|          0|
    |tmp_19_reg_2013                    |   1|   0|    1|          0|
    |tmp_24_reg_2037                    |   1|   0|    1|          0|
    |tmp_26_reg_1904                    |   1|   0|    1|          0|
    |tmp_27_reg_2049                    |   1|   0|    1|          0|
    |tmp_28_reg_2054                    |   1|   0|    1|          0|
    |tmp_2_reg_1872                     |  11|   0|   12|          1|
    |tmp_30_reg_2296                    |   5|   0|    5|          0|
    |tmp_33_reg_1919                    |  11|   0|   12|          1|
    |tmp_35_reg_1865                    |   1|   0|    1|          0|
    |tmp_38_reg_2074                    |   1|   0|    1|          0|
    |tmp_3_reg_1971                     |   1|   0|    1|          0|
    |tmp_52_reg_1914                    |  54|   0|   54|          0|
    |tmp_55_reg_2116                    |   1|   0|    1|          0|
    |tmp_58_reg_2140                    |   1|   0|    1|          0|
    |tmp_59_reg_1987                    |   1|   0|    1|          0|
    |tmp_61_reg_2152                    |   1|   0|    1|          0|
    |tmp_63_reg_2157                    |   1|   0|    1|          0|
    |tmp_69_reg_2301                    |   5|   0|    5|          0|
    |tmp_73_reg_2021                    |   1|   0|    1|          0|
    |tmp_78_reg_2032                    |   1|   0|    1|          0|
    |tmp_7_reg_1837                     |   1|   0|    1|          0|
    |tmp_80_reg_2064                    |   1|   0|    1|          0|
    |tmp_84_reg_1860                    |  52|   0|   52|          0|
    |tmp_88_reg_1951                    |   1|   0|    1|          0|
    |tmp_93_reg_1961                    |  54|   0|   54|          0|
    |tmp_95_reg_2090                    |   1|   0|    1|          0|
    |tmp_99_reg_2124                    |   1|   0|    1|          0|
    |underflow_1_reg_2291               |   1|   0|    1|          0|
    |underflow_reg_2281                 |   1|   0|    1|          0|
    +-----------------------------------+----+----+-----+-----------+
    |Total                              | 731|   0|  733|          2|
    +-----------------------------------+----+----+-----+-----------+



================================================================
== Interface
================================================================
* Summary: 
+--------------+-----+-----+------------+----------------+--------------+
|   RTL Ports  | Dir | Bits|  Protocol  |  Source Object |    C Type    |
+--------------+-----+-----+------------+----------------+--------------+
|ap_clk        |  in |    1| ap_ctrl_hs | cordiccart2pol | return value |
|ap_rst        |  in |    1| ap_ctrl_hs | cordiccart2pol | return value |
|ap_start      |  in |    1| ap_ctrl_hs | cordiccart2pol | return value |
|ap_done       | out |    1| ap_ctrl_hs | cordiccart2pol | return value |
|ap_idle       | out |    1| ap_ctrl_hs | cordiccart2pol | return value |
|ap_ready      | out |    1| ap_ctrl_hs | cordiccart2pol | return value |
|x             |  in |   32|   ap_none  |        x       |    scalar    |
|y             |  in |   32|   ap_none  |        y       |    scalar    |
|r             | out |   32|   ap_vld   |        r       |    pointer   |
|r_ap_vld      | out |    1|   ap_vld   |        r       |    pointer   |
|theta         | out |   32|   ap_vld   |      theta     |    pointer   |
|theta_ap_vld  | out |    1|   ap_vld   |      theta     |    pointer   |
+--------------+-----+-----+------------+----------------+--------------+

