

================================================================
== Vivado HLS Report for 'cordiccart2pol'
================================================================
* Date:           Thu Oct 20 04:49:58 2016

* Version:        2015.4 (Build 1412921 on Wed Nov 18 09:58:55 AM 2015)
* Project:        cordic_LUT
* Solution:       my_LUT_r_RAM_1P_LUTRAM
* Product family: zynq
* Target device:  xc7z020clg484-1


================================================================
== Performance Estimates
================================================================
+ Timing (ns): 
    * Summary: 
    +--------+-------+----------+------------+
    |  Clock | Target| Estimated| Uncertainty|
    +--------+-------+----------+------------+
    |ap_clk  |  10.00|      8.44|        1.25|
    +--------+-------+----------+------------+

+ Latency (clock cycles): 
    * Summary: 
    +-----+-----+-----+-----+---------+
    |  Latency  |  Interval | Pipeline|
    | min | max | min | max |   Type  |
    +-----+-----+-----+-----+---------+
    |    7|    7|    8|    8|   none  |
    +-----+-----+-----+-----+---------+

    + Detail: 
        * Instance: 
        N/A

        * Loop: 
        N/A



================================================================
== Utilization Estimates
================================================================
* Summary: 
+-----------------+---------+-------+--------+-------+
|       Name      | BRAM_18K| DSP48E|   FF   |  LUT  |
+-----------------+---------+-------+--------+-------+
|DSP              |        -|      -|       -|      -|
|Expression       |        -|      -|       0|   3258|
|FIFO             |        -|      -|       -|      -|
|Instance         |        -|      0|     200|    276|
|Memory           |        2|      -|      32|    578|
|Multiplexer      |        -|      -|       -|      4|
|Register         |        -|      -|     648|      -|
+-----------------+---------+-------+--------+-------+
|Total            |        2|      0|     880|   4116|
+-----------------+---------+-------+--------+-------+
|Available        |      280|    220|  106400|  53200|
+-----------------+---------+-------+--------+-------+
|Utilization (%)  |    ~0   |      0|   ~0   |      7|
+-----------------+---------+-------+--------+-------+

+ Detail: 
    * Instance: 
    +-----------------------------------+--------------------------------+---------+-------+-----+-----+
    |              Instance             |             Module             | BRAM_18K| DSP48E|  FF | LUT |
    +-----------------------------------+--------------------------------+---------+-------+-----+-----+
    |cordiccart2pol_fpext_32ns_64_1_U0  |cordiccart2pol_fpext_32ns_64_1  |        0|      0|  100|  138|
    |cordiccart2pol_fpext_32ns_64_1_U1  |cordiccart2pol_fpext_32ns_64_1  |        0|      0|  100|  138|
    +-----------------------------------+--------------------------------+---------+-------+-----+-----+
    |Total                              |                                |        0|      0|  200|  276|
    +-----------------------------------+--------------------------------+---------+-------+-----+-----+

    * DSP48: 
    N/A

    * Memory: 
    +-------------+--------------------------+---------+----+-----+------+-----+------+-------------+
    |    Memory   |          Module          | BRAM_18K| FF | LUT | Words| Bits| Banks| W*Bits*Banks|
    +-------------+--------------------------+---------+----+-----+------+-----+------+-------------+
    |my_LUT_r_U   |cordiccart2pol_my_LUT_r   |        0|  32|  578|  1024|   32|     1|        32768|
    |my_LUT_th_U  |cordiccart2pol_my_LUT_th  |        2|   0|    0|  1024|   32|     1|        32768|
    +-------------+--------------------------+---------+----+-----+------+-----+------+-------------+
    |Total        |                          |        2|  32|  578|  2048|   64|     2|        65536|
    +-------------+--------------------------+---------+----+-----+------+-----+------+-------------+

    * FIFO: 
    N/A

    * Expression: 
    +-------------------------------------+----------+-------+---+-----+------------+------------+
    |            Variable Name            | Operation| DSP48E| FF| LUT | Bitwidth P0| Bitwidth P1|
    +-------------------------------------+----------+-------+---+-----+------------+------------+
    |exp_V_1_fu_743_p2                    |     +    |      0|  0|    6|          11|          12|
    |exp_V_fu_448_p2                      |     +    |      0|  0|    6|          11|          12|
    |fixed_x_V_7_fu_1046_p2               |     +    |      0|  0|   32|          32|          32|
    |fixed_y_V_7_fu_1238_p2               |     +    |      0|  0|   32|          32|          32|
    |pos1_1_fu_933_p2                     |     +    |      0|  0|   12|           2|          12|
    |pos1_fu_638_p2                       |     +    |      0|  0|   12|           2|          12|
    |pos2_1_fu_942_p2                     |     +    |      0|  0|   12|           2|          12|
    |pos2_fu_647_p2                       |     +    |      0|  0|   12|           2|          12|
    |tmp_11_fu_283_p2                     |     +    |      0|  0|   12|           6|          12|
    |tmp_12_fu_317_p2                     |     +    |      0|  0|   12|           7|          12|
    |tmp_18_fu_616_p2                     |     +    |      0|  0|    6|          12|          12|
    |tmp_36_fu_753_p2                     |     +    |      0|  0|   12|           6|          12|
    |tmp_45_fu_384_p2                     |     +    |      0|  0|   12|           6|          12|
    |tmp_47_fu_418_p2                     |     +    |      0|  0|   12|           7|          12|
    |tmp_54_fu_911_p2                     |     +    |      0|  0|    6|          12|          12|
    |tmp_s_fu_458_p2                      |     +    |      0|  0|   12|           6|          12|
    |F2_1_fu_374_p2                       |     -    |      0|  0|   12|          11|          12|
    |F2_fu_273_p2                         |     -    |      0|  0|   12|          11|          12|
    |man_V_1_fu_260_p2                    |     -    |      0|  0|   54|           1|          54|
    |man_V_3_fu_361_p2                    |     -    |      0|  0|   54|           1|          54|
    |p_op1_fu_434_p2                      |     -    |      0|  0|    6|           5|           6|
    |p_op_fu_333_p2                       |     -    |      0|  0|    6|           5|           6|
    |tmp_1_fu_463_p2                      |     -    |      0|  0|   12|           5|          12|
    |tmp_37_fu_758_p2                     |     -    |      0|  0|   12|           5|          12|
    |Range1_all_ones_2_i1_fu_1201_p3      |  Select  |      0|  0|    1|           1|           1|
    |Range1_all_ones_2_i_fu_1393_p3       |  Select  |      0|  0|    1|           1|           1|
    |Range1_all_zeros_2_i1_fu_1217_p3     |  Select  |      0|  0|    1|           1|           1|
    |Range1_all_zeros_2_i_fu_1409_p3      |  Select  |      0|  0|    1|           1|           1|
    |Range2_all_ones_1_i1_fu_1144_p3      |  Select  |      0|  0|    1|           1|           1|
    |Range2_all_ones_1_i_fu_1336_p3       |  Select  |      0|  0|    1|           1|           1|
    |deleted_ones_1_fu_1585_p3            |  Select  |      0|  0|    1|           1|           1|
    |deleted_ones_fu_1468_p3              |  Select  |      0|  0|    1|           1|           1|
    |deleted_zeros_1_fu_1559_p3           |  Select  |      0|  0|    1|           1|           1|
    |deleted_zeros_fu_1442_p3             |  Select  |      0|  0|    1|           1|           1|
    |fixed_x_V_1_fu_512_p3                |  Select  |      0|  0|   32|           1|          32|
    |fixed_x_V_3_fu_1065_p3               |  Select  |      0|  0|   32|           1|          32|
    |fixed_x_V_4_fu_1086_p3               |  Select  |      0|  0|   32|           1|          32|
    |fixed_x_V_8_fu_1094_p3               |  Select  |      0|  0|   32|           1|          32|
    |fixed_y_V_1_fu_807_p3                |  Select  |      0|  0|   32|           1|          32|
    |fixed_y_V_3_fu_1257_p3               |  Select  |      0|  0|   32|           1|          32|
    |fixed_y_V_4_fu_1278_p3               |  Select  |      0|  0|   32|           1|          32|
    |fixed_y_V_8_fu_1286_p3               |  Select  |      0|  0|   32|           1|          32|
    |man_V_6_fu_367_p3                    |  Select  |      0|  0|   54|           1|          54|
    |man_V_fu_266_p3                      |  Select  |      0|  0|   54|           1|          54|
    |p_Repl2_1_fu_1627_p3                 |  Select  |      0|  0|    1|           1|           1|
    |p_Repl2_s_fu_1510_p3                 |  Select  |      0|  0|    1|           1|           1|
    |p_Val2_0_i_i1_fu_533_p3              |  Select  |      0|  0|    2|           1|           2|
    |p_Val2_0_i_i3_fu_828_p3              |  Select  |      0|  0|    2|           1|           2|
    |p_Val2_2_fu_540_p3                   |  Select  |      0|  0|   32|           1|          32|
    |p_Val2_7_fu_835_p3                   |  Select  |      0|  0|   32|           1|          32|
    |qb_1_fu_849_p3                       |  Select  |      0|  0|    1|           1|           1|
    |qb_fu_554_p3                         |  Select  |      0|  0|    1|           1|           1|
    |sel_tmp17_fu_1385_p3                 |  Select  |      0|  0|    1|           1|           1|
    |sel_tmp18_fu_1401_p3                 |  Select  |      0|  0|    1|           1|           1|
    |sel_tmp4_fu_1193_p3                  |  Select  |      0|  0|    1|           1|           1|
    |sel_tmp5_fu_1209_p3                  |  Select  |      0|  0|    1|           1|           1|
    |sh_amt_1_fu_763_p3                   |  Select  |      0|  0|   12|           1|          12|
    |sh_amt_fu_468_p3                     |  Select  |      0|  0|   12|           1|          12|
    |tmp107_cast_cast_fu_608_p3           |  Select  |      0|  0|    2|           1|           2|
    |tmp113_cast_cast_fu_903_p3           |  Select  |      0|  0|    2|           1|           2|
    |tmp_105_fu_1766_p3                   |  Select  |      0|  0|    5|           1|           1|
    |tmp_107_fu_1786_p3                   |  Select  |      0|  0|    5|           1|           1|
    |tmp_46_fu_339_p3                     |  Select  |      0|  0|    6|           1|           1|
    |tmp_66_fu_1772_p3                    |  Select  |      0|  0|    5|           1|           5|
    |tmp_68_fu_1779_p3                    |  Select  |      0|  0|    5|           1|           5|
    |tmp_70_fu_1792_p3                    |  Select  |      0|  0|    5|           1|           5|
    |tmp_71_fu_1799_p3                    |  Select  |      0|  0|    5|           1|           5|
    |tmp_91_fu_440_p3                     |  Select  |      0|  0|    6|           1|           1|
    |Range1_all_ones_1_fu_1129_p2         |    and   |      0|  0|    1|           1|           1|
    |Range1_all_ones_2_fu_1348_p2         |    and   |      0|  0|    1|           1|           1|
    |Range1_all_ones_2_i1_8_fu_1475_p2    |    and   |      0|  0|    1|           1|           1|
    |Range1_all_ones_2_i_9_fu_1592_p2     |    and   |      0|  0|    1|           1|           1|
    |Range1_all_ones_2_mux_i1_fu_1463_p2  |    and   |      0|  0|    1|           1|           1|
    |Range1_all_ones_2_mux_i_fu_1580_p2   |    and   |      0|  0|    1|           1|           1|
    |Range1_all_ones_3_fu_1321_p2         |    and   |      0|  0|    1|           1|           1|
    |Range1_all_ones_fu_1156_p2           |    and   |      0|  0|    1|           1|           1|
    |brmerge121_demorgan_i1_fu_1545_p2    |    and   |      0|  0|    1|           1|           1|
    |brmerge121_demorgan_i_fu_1662_p2     |    and   |      0|  0|    1|           1|           1|
    |carry_1_i1_fu_1105_p2                |    and   |      0|  0|    1|           1|           1|
    |carry_1_i_fu_1297_p2                 |    and   |      0|  0|    1|           1|           1|
    |deleted_zeros_0_not_i1_fu_1524_p2    |    and   |      0|  0|    1|           1|           1|
    |deleted_zeros_0_not_i_fu_1641_p2     |    and   |      0|  0|    1|           1|           1|
    |or_cond115_i1_fu_1139_p2             |    and   |      0|  0|    1|           1|           1|
    |or_cond115_i_fu_1331_p2              |    and   |      0|  0|    1|           1|           1|
    |or_cond117_i1_fu_1151_p2             |    and   |      0|  0|    1|           1|           1|
    |or_cond117_i_fu_1343_p2              |    and   |      0|  0|    1|           1|           1|
    |overflow_1_fu_1656_p2                |    and   |      0|  0|    1|           1|           1|
    |overflow_fu_1539_p2                  |    and   |      0|  0|    1|           1|           1|
    |p_122_i1_fu_1168_p2                  |    and   |      0|  0|    1|           1|           1|
    |p_122_i_fu_1360_p2                   |    and   |      0|  0|    1|           1|           1|
    |p_Result_3_fu_864_p2                 |    and   |      0|  0|   74|          54|          54|
    |p_Result_s_fu_569_p2                 |    and   |      0|  0|   74|          54|          54|
    |qb_assign_1_fu_1038_p2               |    and   |      0|  0|    1|           1|           1|
    |qb_assign_3_fu_1230_p2               |    and   |      0|  0|    1|           1|           1|
    |r_1_fu_580_p2                        |    and   |      0|  0|    1|           1|           1|
    |r_2_fu_875_p2                        |    and   |      0|  0|    1|           1|           1|
    |sel_tmp11_fu_1726_p2                 |    and   |      0|  0|    1|           1|           1|
    |sel_tmp13_fu_1273_p2                 |    and   |      0|  0|    1|           1|           1|
    |sel_tmp16_fu_1380_p2                 |    and   |      0|  0|    1|           1|           1|
    |sel_tmp20_fu_1618_p2                 |    and   |      0|  0|    1|           1|           1|
    |sel_tmp21_fu_1623_p2                 |    and   |      0|  0|    1|           1|           1|
    |sel_tmp23_fu_1761_p2                 |    and   |      0|  0|    1|           1|           1|
    |sel_tmp2_fu_1188_p2                  |    and   |      0|  0|    1|           1|           1|
    |sel_tmp3_fu_1081_p2                  |    and   |      0|  0|    1|           1|           1|
    |sel_tmp8_fu_1501_p2                  |    and   |      0|  0|    1|           1|           1|
    |sel_tmp9_fu_1506_p2                  |    and   |      0|  0|    1|           1|           1|
    |tmp10_fu_1755_p2                     |    and   |      0|  0|    1|           1|           1|
    |tmp1_fu_1076_p2                      |    and   |      0|  0|    1|           1|           1|
    |tmp2_fu_1100_p2                      |    and   |      0|  0|    1|           1|           1|
    |tmp3_fu_1124_p2                      |    and   |      0|  0|    1|           1|           1|
    |tmp4_fu_1496_p2                      |    and   |      0|  0|    1|           1|           1|
    |tmp5_fu_1720_p2                      |    and   |      0|  0|    1|           1|           1|
    |tmp6_fu_1268_p2                      |    and   |      0|  0|    1|           1|           1|
    |tmp7_fu_1292_p2                      |    and   |      0|  0|    1|           1|           1|
    |tmp8_fu_1316_p2                      |    and   |      0|  0|    1|           1|           1|
    |tmp9_fu_1613_p2                      |    and   |      0|  0|    1|           1|           1|
    |underflow_1_fu_1736_p2               |    and   |      0|  0|    1|           1|           1|
    |underflow_fu_1701_p2                 |    and   |      0|  0|    1|           1|           1|
    |tmp_22_fu_674_p2                     |   ashr   |      0|  0|  160|          54|          54|
    |tmp_43_fu_819_p2                     |   ashr   |      0|  0|  160|          54|          54|
    |tmp_57_fu_969_p2                     |   ashr   |      0|  0|  160|          54|          54|
    |tmp_9_fu_524_p2                      |   ashr   |      0|  0|  160|          54|          54|
    |QUAN_INC_1_fu_748_p2                 |   icmp   |      0|  0|    5|          12|           5|
    |QUAN_INC_fu_453_p2                   |   icmp   |      0|  0|    5|          12|           5|
    |Range1_all_zeros_1_fu_730_p2         |   icmp   |      0|  0|   19|          54|           1|
    |Range1_all_zeros_3_fu_1025_p2        |   icmp   |      0|  0|   19|          54|           1|
    |Range2_all_ones_1_fu_1007_p2         |   icmp   |      0|  0|   19|          54|          54|
    |Range2_all_ones_fu_712_p2            |   icmp   |      0|  0|   19|          54|          54|
    |icmp1_fu_796_p2                      |   icmp   |      0|  0|    3|           7|           1|
    |icmp2_fu_412_p2                      |   icmp   |      0|  0|    3|           7|           1|
    |icmp3_fu_927_p2                      |   icmp   |      0|  0|    4|          11|           1|
    |icmp5_fu_311_p2                      |   icmp   |      0|  0|    3|           7|           1|
    |icmp8_fu_632_p2                      |   icmp   |      0|  0|    4|          11|           1|
    |icmp_fu_501_p2                       |   icmp   |      0|  0|    3|           7|           1|
    |not_sel_tmp1_fu_898_p2               |   icmp   |      0|  0|    5|          12|           5|
    |not_sel_tmp_fu_603_p2                |   icmp   |      0|  0|    5|          12|           5|
    |sel_tmp14_fu_893_p2                  |   icmp   |      0|  0|    5|          12|           5|
    |sel_tmp7_fu_598_p2                   |   icmp   |      0|  0|    5|          12|           5|
    |tmp_10_fu_548_p2                     |   icmp   |      0|  0|    5|          12|           6|
    |tmp_14_fu_323_p2                     |   icmp   |      0|  0|    5|          12|           6|
    |tmp_15_fu_574_p2                     |   icmp   |      0|  0|   19|          54|           1|
    |tmp_19_fu_656_p2                     |   icmp   |      0|  0|    5|          12|           6|
    |tmp_24_fu_691_p2                     |   icmp   |      0|  0|    5|          12|           6|
    |tmp_27_fu_718_p2                     |   icmp   |      0|  0|   19|          54|           1|
    |tmp_28_fu_724_p2                     |   icmp   |      0|  0|    5|          12|           6|
    |tmp_35_fu_240_p2                     |   icmp   |      0|  0|   22|          63|           1|
    |tmp_38_fu_775_p2                     |   icmp   |      0|  0|    5|          12|           5|
    |tmp_39_fu_780_p2                     |   icmp   |      0|  0|    5|          12|           6|
    |tmp_3_fu_480_p2                      |   icmp   |      0|  0|    5|          12|           5|
    |tmp_44_fu_843_p2                     |   icmp   |      0|  0|    5|          12|           6|
    |tmp_48_fu_424_p2                     |   icmp   |      0|  0|    5|          12|           6|
    |tmp_50_fu_869_p2                     |   icmp   |      0|  0|   19|          54|           1|
    |tmp_55_fu_951_p2                     |   icmp   |      0|  0|    5|          12|           6|
    |tmp_58_fu_986_p2                     |   icmp   |      0|  0|    5|          12|           6|
    |tmp_5_fu_485_p2                      |   icmp   |      0|  0|    5|          12|           6|
    |tmp_61_fu_1013_p2                    |   icmp   |      0|  0|   19|          54|           1|
    |tmp_63_fu_1019_p2                    |   icmp   |      0|  0|    5|          12|           6|
    |tmp_7_fu_204_p2                      |   icmp   |      0|  0|   22|          63|           1|
    |Range2_V_1_fu_701_p2                 |   lshr   |      0|  0|  160|          54|          54|
    |Range2_V_3_fu_996_p2                 |   lshr   |      0|  0|  160|          54|          54|
    |r_V_1_fu_1001_p2                     |   lshr   |      0|  0|  160|           2|          54|
    |r_V_fu_706_p2                        |   lshr   |      0|  0|  160|           2|          54|
    |tmp_52_fu_563_p2                     |   lshr   |      0|  0|  160|           2|          54|
    |tmp_93_fu_858_p2                     |   lshr   |      0|  0|  160|           2|          54|
    |brmerge123_i1_fu_1457_p2             |    or    |      0|  0|    1|           1|           1|
    |brmerge123_i_fu_1574_p2              |    or    |      0|  0|    1|           1|           1|
    |brmerge_i1_fu_1529_p2                |    or    |      0|  0|    1|           1|           1|
    |brmerge_i_fu_1646_p2                 |    or    |      0|  0|    1|           1|           1|
    |brmerge_i_i1_fu_1706_p2              |    or    |      0|  0|    1|           1|           1|
    |brmerge_i_i_fu_1741_p2               |    or    |      0|  0|    1|           1|           1|
    |deleted_ones_0_i1_fu_1490_p2         |    or    |      0|  0|    1|           1|           1|
    |deleted_ones_0_i_fu_1607_p2          |    or    |      0|  0|    1|           1|           1|
    |p_119_i1_fu_1173_p2                  |    or    |      0|  0|    1|           1|           1|
    |p_119_i_fu_1365_p2                   |    or    |      0|  0|    1|           1|           1|
    |p_120_i1_fu_1225_p2                  |    or    |      0|  0|    1|           1|           1|
    |p_120_i_fu_1417_p2                   |    or    |      0|  0|    1|           1|           1|
    |p_r_i_i1_fu_593_p2                   |    or    |      0|  0|    1|           1|           1|
    |p_r_i_i_fu_888_p2                    |    or    |      0|  0|    1|           1|           1|
    |sel_tmp15_fu_1375_p2                 |    or    |      0|  0|    1|           1|           1|
    |sel_tmp45_demorgan_fu_1711_p2        |    or    |      0|  0|    1|           1|           1|
    |sel_tmp99_demorgan_fu_1746_p2        |    or    |      0|  0|    1|           1|           1|
    |sel_tmp_fu_1183_p2                   |    or    |      0|  0|    1|           1|           1|
    |tmp_40_fu_802_p2                     |    shl   |      0|  0|   88|          32|          32|
    |tmp_6_fu_507_p2                      |    shl   |      0|  0|   88|          32|          32|
    |Range1_all_zeros_2_fu_1354_p2        |    xor   |      0|  0|    2|           1|           2|
    |Range1_all_zeros_fu_1162_p2          |    xor   |      0|  0|    2|           1|           2|
    |Range2_all_ones_1_not_i1_fu_1452_p2  |    xor   |      0|  0|    2|           1|           2|
    |Range2_all_ones_1_not_i_fu_1569_p2   |    xor   |      0|  0|    2|           1|           2|
    |brmerge121_i1_fu_1696_p2             |    xor   |      0|  0|    2|           1|           2|
    |brmerge121_i_fu_1731_p2              |    xor   |      0|  0|    2|           1|           2|
    |carry_1_not_i1_fu_1447_p2            |    xor   |      0|  0|    2|           1|           2|
    |carry_1_not_i_fu_1564_p2             |    xor   |      0|  0|    2|           1|           2|
    |deleted_zeros_1_not_fu_1635_p2       |    xor   |      0|  0|    2|           1|           2|
    |deleted_zeros_not_fu_1518_p2         |    xor   |      0|  0|    2|           1|           2|
    |rev1_fu_1134_p2                      |    xor   |      0|  0|    2|           1|           2|
    |rev2_fu_1311_p2                      |    xor   |      0|  0|    2|           1|           2|
    |rev3_fu_1326_p2                      |    xor   |      0|  0|    2|           1|           2|
    |rev_fu_1119_p2                       |    xor   |      0|  0|    2|           1|           2|
    |sel_tmp10_fu_1715_p2                 |    xor   |      0|  0|    2|           1|           2|
    |sel_tmp12_fu_1263_p2                 |    xor   |      0|  0|    2|           1|           2|
    |sel_tmp19_fu_1602_p2                 |    xor   |      0|  0|    2|           1|           2|
    |sel_tmp1_fu_1071_p2                  |    xor   |      0|  0|    2|           1|           2|
    |sel_tmp22_fu_1750_p2                 |    xor   |      0|  0|    2|           1|           2|
    |sel_tmp6_fu_1485_p2                  |    xor   |      0|  0|    2|           1|           2|
    |tmp_17_fu_1059_p2                    |    xor   |      0|  0|    2|           1|           2|
    |tmp_27_not_fu_1178_p2                |    xor   |      0|  0|    2|           1|           2|
    |tmp_29_fu_1479_p2                    |    xor   |      0|  0|    2|           1|           2|
    |tmp_31_fu_1534_p2                    |    xor   |      0|  0|    2|           1|           2|
    |tmp_53_fu_1251_p2                    |    xor   |      0|  0|    2|           1|           2|
    |tmp_63_not_fu_1370_p2                |    xor   |      0|  0|    2|           1|           2|
    |tmp_64_fu_1596_p2                    |    xor   |      0|  0|    2|           1|           2|
    |tmp_65_fu_1651_p2                    |    xor   |      0|  0|    2|           1|           2|
    +-------------------------------------+----------+-------+---+-----+------------+------------+
    |Total                                |          |      0|  0| 3258|        1690|        1970|
    +-------------------------------------+----------+-------+---+-----+------------+------------+

    * Multiplexer: 
    +-----------+----+-----------+-----+-----------+
    |    Name   | LUT| Input Size| Bits| Total Bits|
    +-----------+----+-----------+-----+-----------+
    |ap_NS_fsm  |   4|          9|    1|          9|
    +-----------+----+-----------+-----+-----------+
    |Total      |   4|          9|    1|          9|
    +-----------+----+-----------+-----+-----------+

    * Register: 
    +---------------------------------+----+----+-----+-----------+
    |               Name              | FF | LUT| Bits| Const Bits|
    +---------------------------------+----+----+-----+-----------+
    |F2_1_reg_1935                    |  12|   0|   12|          0|
    |F2_reg_1888                      |  12|   0|   12|          0|
    |QUAN_INC_1_reg_2076              |   1|   0|    1|          0|
    |QUAN_INC_reg_1968                |   1|   0|    1|          0|
    |Range1_all_ones_2_i1_reg_2208    |   1|   0|    1|          0|
    |Range1_all_ones_2_i_reg_2249     |   1|   0|    1|          0|
    |Range1_all_zeros_1_reg_2066      |   1|   0|    1|          0|
    |Range1_all_zeros_2_i1_reg_2215   |   1|   0|    1|          0|
    |Range1_all_zeros_2_i_reg_2256    |   1|   0|    1|          0|
    |Range1_all_zeros_3_reg_2174      |   1|   0|    1|          0|
    |Range2_all_ones_1_i1_reg_2203    |   1|   0|    1|          0|
    |Range2_all_ones_1_i_reg_2244     |   1|   0|    1|          0|
    |Range2_all_ones_1_reg_2159       |   1|   0|    1|          0|
    |Range2_all_ones_reg_2051         |   1|   0|    1|          0|
    |ap_CS_fsm                        |   8|   0|    8|          0|
    |brmerge121_demorgan_i1_reg_2288  |   1|   0|    1|          0|
    |brmerge121_demorgan_i_reg_2303   |   1|   0|    1|          0|
    |carry_1_i1_reg_2189              |   1|   0|    1|          0|
    |carry_1_i_reg_2230               |   1|   0|    1|          0|
    |exp_tmp_V_1_reg_1857             |  11|   0|   11|          0|
    |exp_tmp_V_reg_1829               |  11|   0|   11|          0|
    |fixed_x_V_1_reg_1979             |  32|   0|   32|          0|
    |fixed_x_V_8_reg_2184             |  32|   0|   32|          0|
    |fixed_x_V_reg_1900               |  32|   0|   32|          0|
    |fixed_y_V_1_reg_2087             |  32|   0|   32|          0|
    |fixed_y_V_8_reg_2225             |  32|   0|   32|          0|
    |fixed_y_V_reg_1947               |  32|   0|   32|          0|
    |icmp2_reg_1958                   |   1|   0|    1|          0|
    |icmp3_reg_2122                   |   1|   0|    1|          0|
    |icmp5_reg_1911                   |   1|   0|    1|          0|
    |icmp8_reg_2014                   |   1|   0|    1|          0|
    |isneg_1_reg_1846                 |   1|   0|    1|          0|
    |isneg_reg_1818                   |   1|   0|    1|          0|
    |lD_1_reg_2142                    |   1|   0|    1|          0|
    |lD_reg_2034                      |   1|   0|    1|          0|
    |man_V_6_reg_1926                 |  54|   0|   54|          0|
    |man_V_reg_1879                   |  54|   0|   54|          0|
    |newsignbit_1_reg_2237            |   1|   0|    1|          0|
    |newsignbit_reg_2196              |   1|   0|    1|          0|
    |not_sel_tmp1_reg_2117            |   1|   0|    1|          0|
    |not_sel_tmp_reg_2009             |   1|   0|    1|          0|
    |overflow_1_reg_2298              |   1|   0|    1|          0|
    |overflow_reg_2283                |   1|   0|    1|          0|
    |p_120_i1_reg_2220                |   1|   0|    1|          0|
    |p_120_i_reg_2261                 |   1|   0|    1|          0|
    |p_Repl2_1_reg_2293               |   1|   0|    1|          0|
    |p_Repl2_s_reg_2278               |   1|   0|    1|          0|
    |p_Val2_2_reg_1984                |  32|   0|   32|          0|
    |p_Val2_7_reg_2092                |  32|   0|   32|          0|
    |p_r_i_i1_reg_1999                |   1|   0|    1|          0|
    |p_r_i_i_reg_2107                 |   1|   0|    1|          0|
    |qb_1_reg_2097                    |   1|   0|    1|          0|
    |qb_reg_1989                      |   1|   0|    1|          0|
    |sel_tmp14_reg_2112               |   1|   0|    1|          0|
    |sel_tmp7_reg_2004                |   1|   0|    1|          0|
    |tmp_101_reg_2147                 |   1|   0|    1|          0|
    |tmp_102_reg_2179                 |   1|   0|    1|          0|
    |tmp_104_reg_2266                 |   5|   0|    5|          0|
    |tmp_106_reg_2272                 |   5|   0|    5|          0|
    |tmp_13_reg_1834                  |  52|   0|   52|          0|
    |tmp_19_reg_2020                  |   1|   0|    1|          0|
    |tmp_24_reg_2044                  |   1|   0|    1|          0|
    |tmp_26_reg_1906                  |   1|   0|    1|          0|
    |tmp_27_reg_2056                  |   1|   0|    1|          0|
    |tmp_28_reg_2061                  |   1|   0|    1|          0|
    |tmp_2_reg_1874                   |  11|   0|   12|          1|
    |tmp_30_reg_2308                  |   5|   0|    5|          0|
    |tmp_33_reg_1921                  |  11|   0|   12|          1|
    |tmp_35_reg_1867                  |   1|   0|    1|          0|
    |tmp_38_reg_2081                  |   1|   0|    1|          0|
    |tmp_3_reg_1973                   |   1|   0|    1|          0|
    |tmp_46_reg_1916                  |   6|   0|    6|          0|
    |tmp_55_reg_2128                  |   1|   0|    1|          0|
    |tmp_58_reg_2152                  |   1|   0|    1|          0|
    |tmp_59_reg_1994                  |   1|   0|    1|          0|
    |tmp_61_reg_2164                  |   1|   0|    1|          0|
    |tmp_63_reg_2169                  |   1|   0|    1|          0|
    |tmp_68_reg_2318                  |   5|   0|    5|          0|
    |tmp_69_reg_2313                  |   5|   0|    5|          0|
    |tmp_71_reg_2323                  |   5|   0|    5|          0|
    |tmp_73_reg_2028                  |   1|   0|    1|          0|
    |tmp_78_reg_2039                  |   1|   0|    1|          0|
    |tmp_7_reg_1839                   |   1|   0|    1|          0|
    |tmp_80_reg_2071                  |   1|   0|    1|          0|
    |tmp_84_reg_1862                  |  52|   0|   52|          0|
    |tmp_88_reg_1953                  |   1|   0|    1|          0|
    |tmp_91_reg_1963                  |   6|   0|    6|          0|
    |tmp_95_reg_2102                  |   1|   0|    1|          0|
    |tmp_99_reg_2136                  |   1|   0|    1|          0|
    +---------------------------------+----+----+-----+-----------+
    |Total                            | 648|   0|  650|          2|
    +---------------------------------+----+----+-----+-----------+



================================================================
== Interface
================================================================
* Summary: 
+--------------+-----+-----+------------+----------------+--------------+
|   RTL Ports  | Dir | Bits|  Protocol  |  Source Object |    C Type    |
+--------------+-----+-----+------------+----------------+--------------+
|ap_clk        |  in |    1| ap_ctrl_hs | cordiccart2pol | return value |
|ap_rst        |  in |    1| ap_ctrl_hs | cordiccart2pol | return value |
|ap_start      |  in |    1| ap_ctrl_hs | cordiccart2pol | return value |
|ap_done       | out |    1| ap_ctrl_hs | cordiccart2pol | return value |
|ap_idle       | out |    1| ap_ctrl_hs | cordiccart2pol | return value |
|ap_ready      | out |    1| ap_ctrl_hs | cordiccart2pol | return value |
|x             |  in |   32|   ap_none  |        x       |    scalar    |
|y             |  in |   32|   ap_none  |        y       |    scalar    |
|r             | out |   32|   ap_vld   |        r       |    pointer   |
|r_ap_vld      | out |    1|   ap_vld   |        r       |    pointer   |
|theta         | out |   32|   ap_vld   |      theta     |    pointer   |
|theta_ap_vld  | out |    1|   ap_vld   |      theta     |    pointer   |
+--------------+-----+-----+------------+----------------+--------------+

